capturedAtUtc=2026-09-25T23:56:41.8799910+00:00
eventName=LIVE_ACTION_TIMEOUT_FALLBACK
summary=[错误]  留牌阶段超过10秒未响应，自动确认留牌
technicalDetail=source=timeout_fallback; trigger=stage_timeout; scope=mulligan; elapsedMs=10197; snapshotRevision=304; snapshotFingerprint=494EAE39483AD135AEEC336B24692FA54AA3A6AA33ACE87D3F1CA189D0E0490B; automationEpoch=29614549-a7fc-47cc-ba6d-6dce1553e754
turn=1
actionId=1
--- launcher log tail ---
[2026-09-26 07:23:57.731] #017075 INFO LIVE_GAME_RECOVERY match=26 message="正在结束异常炉石进程并重新启动" data={"phase":"launching","attempt":1831}
[2026-09-26 07:24:07.953] #017076 INFO LIVE_GAME_RECOVERY match=26 message="正在结束异常炉石进程并重新启动" data={"phase":"launching","attempt":1832}
[2026-09-26 07:24:18.460] #017077 INFO LIVE_GAME_RECOVERY match=26 message="正在结束异常炉石进程并重新启动" data={"phase":"launching","attempt":1833}
[2026-09-26 07:24:28.738] #017078 INFO LIVE_GAME_RECOVERY match=26 message="正在结束异常炉石进程并重新启动" data={"phase":"launching","attempt":1834}
[2026-09-26 07:24:38.935] #017079 INFO LIVE_GAME_RECOVERY match=26 message="正在结束异常炉石进程并重新启动" data={"phase":"launching","attempt":1835}
[2026-09-26 07:24:49.432] #017080 INFO LIVE_GAME_RECOVERY match=26 message="正在结束异常炉石进程并重新启动" data={"phase":"launching","attempt":1836}
[2026-09-26 07:24:59.700] #017081 INFO LIVE_GAME_RECOVERY match=26 message="正在结束异常炉石进程并重新启动" data={"phase":"launching","attempt":1837}
[2026-09-26 07:25:09.932] #017082 INFO LIVE_GAME_RECOVERY match=26 message="正在结束异常炉石进程并重新启动" data={"phase":"launching","attempt":1838}
[2026-09-26 07:25:20.192] #017083 INFO LIVE_GAME_RECOVERY match=26 message="正在结束异常炉石进程并重新启动" data={"phase":"launching","attempt":1839}
[2026-09-26 07:25:30.445] #017084 INFO LIVE_GAME_RECOVERY match=26 message="正在结束异常炉石进程并重新启动" data={"phase":"launching","attempt":1840}
[2026-09-26 07:25:40.707] #017085 INFO LIVE_GAME_RECOVERY match=26 message="正在结束异常炉石进程并重新启动" data={"phase":"launching","attempt":1841}
[2026-09-26 07:25:51.493] #017086 INFO LIVE_GAME_RECOVERY match=26 message="正在结束异常炉石进程并重新启动" data={"phase":"launching","attempt":1842}
[2026-09-26 07:26:01.676] #017087 INFO LIVE_GAME_RECOVERY match=26 message="正在结束异常炉石进程并重新启动" data={"phase":"launching","attempt":1843}
[2026-09-26 07:26:11.948] #017088 INFO LIVE_GAME_RECOVERY match=26 message="正在结束异常炉石进程并重新启动" data={"phase":"launching","attempt":1844}
[2026-09-26 07:26:22.590] #017089 INFO LIVE_GAME_RECOVERY match=26 message="正在结束异常炉石进程并重新启动" data={"phase":"launching","attempt":1845}
[2026-09-26 07:26:32.817] #017090 INFO LIVE_GAME_RECOVERY match=26 message="正在结束异常炉石进程并重新启动" data={"phase":"launching","attempt":1846}
[2026-09-26 07:26:43.197] #017091 INFO LIVE_GAME_RECOVERY match=26 message="正在结束异常炉石进程并重新启动" data={"phase":"launching","attempt":1847}
[2026-09-26 07:26:54.087] #017092 INFO LIVE_GAME_RECOVERY match=26 message="正在结束异常炉石进程并重新启动" data={"phase":"launching","attempt":1848}
[2026-09-26 07:27:04.340] #017093 INFO LIVE_GAME_RECOVERY match=26 message="正在结束异常炉石进程并重新启动" data={"phase":"launching","attempt":1849}
[2026-09-26 07:27:14.988] #017094 INFO LIVE_GAME_RECOVERY match=26 message="正在结束异常炉石进程并重新启动" data={"phase":"launching","attempt":1850}
[2026-09-26 07:27:25.340] #017095 INFO LIVE_GAME_RECOVERY match=26 message="正在结束异常炉石进程并重新启动" data={"phase":"launching","attempt":1851}
[2026-09-26 07:27:36.284] #017096 INFO LIVE_GAME_RECOVERY match=26 message="正在结束异常炉石进程并重新启动" data={"phase":"launching","attempt":1852}
[2026-09-26 07:27:47.289] #017097 INFO LIVE_GAME_RECOVERY match=26 message="正在结束异常炉石进程并重新启动" data={"phase":"launching","attempt":1853}
[2026-09-26 07:27:57.302] #017098 INFO LIVE_GAME_RECOVERY match=26 message="正在结束异常炉石进程并重新启动" data={"phase":"launching","attempt":1854}
[2026-09-26 07:28:07.428] #017099 INFO LIVE_GAME_RECOVERY match=26 message="正在结束异常炉石进程并重新启动" data={"phase":"launching","attempt":1855}
[2026-09-26 07:28:17.811] #017100 INFO LIVE_GAME_RECOVERY match=26 message="正在结束异常炉石进程并重新启动" data={"phase":"launching","attempt":1856}
[2026-09-26 07:28:28.752] #017101 INFO LIVE_GAME_RECOVERY match=26 message="正在结束异常炉石进程并重新启动" data={"phase":"launching","attempt":1857}
[2026-09-26 07:28:38.967] #017102 INFO LIVE_GAME_RECOVERY match=26 message="正在结束异常炉石进程并重新启动" data={"phase":"launching","attempt":1858}
[2026-09-26 07:28:49.276] #017103 INFO LIVE_GAME_RECOVERY match=26 message="正在结束异常炉石进程并重新启动" data={"phase":"launching","attempt":1859}
[2026-09-26 07:28:59.519] #017104 INFO LIVE_GAME_RECOVERY match=26 message="正在结束异常炉石进程并重新启动" data={"phase":"launching","attempt":1860}
[2026-09-26 07:29:09.722] #017105 INFO LIVE_GAME_RECOVERY match=26 message="正在结束异常炉石进程并重新启动" data={"phase":"launching","attempt":1861}
[2026-09-26 07:29:20.265] #017106 INFO LIVE_GAME_RECOVERY match=26 message="正在结束异常炉石进程并重新启动" data={"phase":"launching","attempt":1862}
[2026-09-26 07:29:30.312] #017107 INFO LIVE_GAME_RECOVERY match=26 message="正在结束异常炉石进程并重新启动" data={"phase":"launching","attempt":1863}
[2026-09-26 07:29:40.586] #017108 INFO LIVE_GAME_RECOVERY match=26 message="正在结束异常炉石进程并重新启动" data={"phase":"launching","attempt":1864}
[2026-09-26 07:29:51.476] #017109 INFO LIVE_GAME_RECOVERY match=26 message="正在结束异常炉石进程并重新启动" data={"phase":"launching","attempt":1865}
[2026-09-26 07:30:01.925] #017110 INFO LIVE_GAME_RECOVERY match=26 message="正在结束异常炉石进程并重新启动" data={"phase":"launching","attempt":1866}
[2026-09-26 07:30:12.291] #017111 INFO LIVE_GAME_RECOVERY match=26 message="正在结束异常炉石进程并重新启动" data={"phase":"launching","attempt":1867}
[2026-09-26 07:30:22.589] #017112 INFO LIVE_GAME_RECOVERY match=26 message="正在结束异常炉石进程并重新启动" data={"phase":"launching","attempt":1868}
[2026-09-26 07:30:32.829] #017113 INFO LIVE_GAME_RECOVERY match=26 message="正在结束异常炉石进程并重新启动" data={"phase":"launching","attempt":1869}
[2026-09-26 07:30:43.054] #017114 INFO LIVE_GAME_RECOVERY match=26 message="正在结束异常炉石进程并重新启动" data={"phase":"launching","attempt":1870}
[2026-09-26 07:30:53.318] #017115 INFO LIVE_GAME_RECOVERY match=26 message="正在结束异常炉石进程并重新启动" data={"phase":"launching","attempt":1871}
[2026-09-26 07:31:03.584] #017116 INFO LIVE_GAME_RECOVERY match=26 message="正在结束异常炉石进程并重新启动" data={"phase":"launching","attempt":1872}
[2026-09-26 07:31:14.258] #017117 INFO LIVE_GAME_RECOVERY match=26 message="正在结束异常炉石进程并重新启动" data={"phase":"launching","attempt":1873}
[2026-09-26 07:31:24.487] #017118 INFO LIVE_GAME_RECOVERY match=26 message="正在结束异常炉石进程并重新启动" data={"phase":"launching","attempt":1874}
[2026-09-26 07:31:34.675] #017119 INFO LIVE_GAME_RECOVERY match=26 message="正在结束异常炉石进程并重新启动" data={"phase":"launching","attempt":1875}
[2026-09-26 07:31:44.863] #017120 INFO LIVE_GAME_RECOVERY match=26 message="正在结束异常炉石进程并重新启动" data={"phase":"launching","attempt":1876}
[2026-09-26 07:31:55.089] #017121 INFO LIVE_GAME_RECOVERY match=26 message="正在结束异常炉石进程并重新启动" data={"phase":"launching","attempt":1877}
[2026-09-26 07:32:05.356] #017122 INFO LIVE_GAME_RECOVERY match=26 message="正在结束异常炉石进程并重新启动" data={"phase":"launching","attempt":1878}
[2026-09-26 07:32:15.886] #017123 INFO LIVE_GAME_RECOVERY match=26 message="正在结束异常炉石进程并重新启动" data={"phase":"launching","attempt":1879}
[2026-09-26 07:32:26.347] #017124 INFO LIVE_GAME_RECOVERY match=26 message="正在结束异常炉石进程并重新启动" data={"phase":"launching","attempt":1880}
[2026-09-26 07:32:36.623] #017125 INFO LIVE_GAME_RECOVERY match=26 message="正在结束异常炉石进程并重新启动" data={"phase":"launching","attempt":1881}
[2026-09-26 07:32:46.940] #017126 INFO LIVE_GAME_RECOVERY match=26 message="正在结束异常炉石进程并重新启动" data={"phase":"launching","attempt":1882}
[2026-09-26 07:32:57.184] #017127 INFO LIVE_GAME_RECOVERY match=26 message="正在结束异常炉石进程并重新启动" data={"phase":"launching","attempt":1883}
[2026-09-26 07:33:07.385] #017128 INFO LIVE_GAME_RECOVERY match=26 message="正在结束异常炉石进程并重新启动" data={"phase":"launching","attempt":1884}
[2026-09-26 07:33:17.954] #017129 INFO LIVE_GAME_RECOVERY match=26 message="正在结束异常炉石进程并重新启动" data={"phase":"launching","attempt":1885}
[2026-09-26 07:33:28.532] #017130 INFO LIVE_GAME_RECOVERY match=26 message="正在结束异常炉石进程并重新启动" data={"phase":"launching","attempt":1886}
[2026-09-26 07:33:38.725] #017131 INFO LIVE_GAME_RECOVERY match=26 message="正在结束异常炉石进程并重新启动" data={"phase":"launching","attempt":1887}
[2026-09-26 07:33:49.057] #017132 INFO LIVE_GAME_RECOVERY match=26 message="正在结束异常炉石进程并重新启动" data={"phase":"launching","attempt":1888}
[2026-09-26 07:33:59.430] #017133 INFO LIVE_GAME_RECOVERY match=26 message="正在结束异常炉石进程并重新启动" data={"phase":"launching","attempt":1889}
[2026-09-26 07:34:10.267] #017134 INFO LIVE_GAME_RECOVERY match=26 message="正在结束异常炉石进程并重新启动" data={"phase":"launching","attempt":1890}
[2026-09-26 07:34:20.816] #017135 INFO LIVE_GAME_RECOVERY match=26 message="正在结束异常炉石进程并重新启动" data={"phase":"launching","attempt":1891}
[2026-09-26 07:34:31.046] #017136 INFO LIVE_GAME_RECOVERY match=26 message="正在结束异常炉石进程并重新启动" data={"phase":"launching","attempt":1892}
[2026-09-26 07:34:41.380] #017137 INFO LIVE_GAME_RECOVERY match=26 message="正在结束异常炉石进程并重新启动" data={"phase":"launching","attempt":1893}
[2026-09-26 07:34:51.816] #017138 INFO LIVE_GAME_RECOVERY match=26 message="正在结束异常炉石进程并重新启动" data={"phase":"launching","attempt":1894}
[2026-09-26 07:35:02.218] #017139 INFO LIVE_GAME_RECOVERY match=26 message="正在结束异常炉石进程并重新启动" data={"phase":"launching","attempt":1895}
[2026-09-26 07:35:12.425] #017140 INFO LIVE_GAME_RECOVERY match=26 message="正在结束异常炉石进程并重新启动" data={"phase":"launching","attempt":1896}
[2026-09-26 07:35:22.628] #017141 INFO LIVE_GAME_RECOVERY match=26 message="正在结束异常炉石进程并重新启动" data={"phase":"launching","attempt":1897}
[2026-09-26 07:35:32.823] #017142 INFO LIVE_GAME_RECOVERY match=26 message="正在结束异常炉石进程并重新启动" data={"phase":"launching","attempt":1898}
[2026-09-26 07:35:43.614] #017143 INFO LIVE_GAME_RECOVERY match=26 message="正在结束异常炉石进程并重新启动" data={"phase":"launching","attempt":1899}
[2026-09-26 07:35:53.935] #017144 INFO LIVE_GAME_RECOVERY match=26 message="正在结束异常炉石进程并重新启动" data={"phase":"launching","attempt":1900}
[2026-09-26 07:36:04.157] #017145 INFO LIVE_GAME_RECOVERY match=26 message="正在结束异常炉石进程并重新启动" data={"phase":"launching","attempt":1901}
[2026-09-26 07:36:14.626] #017146 INFO LIVE_GAME_RECOVERY match=26 message="正在结束异常炉石进程并重新启动" data={"phase":"launching","attempt":1902}
[2026-09-26 07:36:24.696] #017147 INFO LIVE_GAME_RECOVERY match=26 message="正在结束异常炉石进程并重新启动" data={"phase":"launching","attempt":1903}
[2026-09-26 07:36:35.187] #017148 INFO LIVE_GAME_RECOVERY match=26 message="正在结束异常炉石进程并重新启动" data={"phase":"launching","attempt":1904}
[2026-09-26 07:36:46.055] #017149 INFO LIVE_GAME_RECOVERY match=26 message="正在结束异常炉石进程并重新启动" data={"phase":"launching","attempt":1905}
[2026-09-26 07:36:56.637] #017150 INFO LIVE_GAME_RECOVERY match=26 message="正在结束异常炉石进程并重新启动" data={"phase":"launching","attempt":1906}
[2026-09-26 07:37:06.817] #017151 INFO LIVE_GAME_RECOVERY match=26 message="正在结束异常炉石进程并重新启动" data={"phase":"launching","attempt":1907}
[2026-09-26 07:37:17.623] #017152 INFO LIVE_GAME_RECOVERY match=26 message="正在结束异常炉石进程并重新启动" data={"phase":"launching","attempt":1908}
[2026-09-26 07:37:27.863] #017153 INFO LIVE_GAME_RECOVERY match=26 message="正在结束异常炉石进程并重新启动" data={"phase":"launching","attempt":1909}
[2026-09-26 07:37:38.272] #017154 INFO LIVE_GAME_RECOVERY match=26 message="正在结束异常炉石进程并重新启动" data={"phase":"launching","attempt":1910}
[2026-09-26 07:37:48.686] #017155 INFO LIVE_GAME_RECOVERY match=26 message="正在结束异常炉石进程并重新启动" data={"phase":"launching","attempt":1911}
[2026-09-26 07:37:58.930] #017156 INFO LIVE_GAME_RECOVERY match=26 message="正在结束异常炉石进程并重新启动" data={"phase":"launching","attempt":1912}
[2026-09-26 07:38:09.140] #017157 INFO LIVE_GAME_RECOVERY match=26 message="正在结束异常炉石进程并重新启动" data={"phase":"launching","attempt":1913}
[2026-09-26 07:38:19.830] #017158 INFO LIVE_GAME_RECOVERY match=26 message="正在结束异常炉石进程并重新启动" data={"phase":"launching","attempt":1914}
[2026-09-26 07:38:30.316] #017159 INFO LIVE_GAME_RECOVERY match=26 message="正在结束异常炉石进程并重新启动" data={"phase":"launching","attempt":1915}
[2026-09-26 07:38:40.856] #017160 INFO LIVE_GAME_RECOVERY match=26 message="正在结束异常炉石进程并重新启动" data={"phase":"launching","attempt":1916}
[2026-09-26 07:38:51.529] #017161 INFO LIVE_GAME_RECOVERY match=26 message="正在结束异常炉石进程并重新启动" data={"phase":"launching","attempt":1917}
[2026-09-26 07:39:01.899] #017162 INFO LIVE_GAME_RECOVERY match=26 message="正在结束异常炉石进程并重新启动" data={"phase":"launching","attempt":1918}
[2026-09-26 07:39:12.924] #017163 INFO LIVE_GAME_RECOVERY match=26 message="正在结束异常炉石进程并重新启动" data={"phase":"launching","attempt":1919}
[2026-09-26 07:39:22.992] #017164 INFO LIVE_GAME_RECOVERY match=26 message="正在结束异常炉石进程并重新启动" data={"phase":"launching","attempt":1920}
[2026-09-26 07:39:33.770] #017165 INFO LIVE_GAME_RECOVERY match=26 message="正在结束异常炉石进程并重新启动" data={"phase":"launching","attempt":1921}
[2026-09-26 07:39:44.602] #017166 INFO LIVE_GAME_RECOVERY match=26 message="正在结束异常炉石进程并重新启动" data={"phase":"launching","attempt":1922}
[2026-09-26 07:39:55.434] #017167 INFO LIVE_GAME_RECOVERY match=26 message="正在结束异常炉石进程并重新启动" data={"phase":"launching","attempt":1923}
[2026-09-26 07:40:06.046] #017168 INFO LIVE_GAME_RECOVERY match=26 message="正在结束异常炉石进程并重新启动" data={"phase":"launching","attempt":1924}
[2026-09-26 07:40:16.844] #017169 INFO LIVE_GAME_RECOVERY match=26 message="正在结束异常炉石进程并重新启动" data={"phase":"launching","attempt":1925}
[2026-09-26 07:40:27.579] #017170 INFO LIVE_GAME_RECOVERY match=26 message="正在结束异常炉石进程并重新启动" data={"phase":"launching","attempt":1926}
[2026-09-26 07:40:37.616] #017171 INFO LIVE_GAME_RECOVERY match=26 message="正在结束异常炉石进程并重新启动" data={"phase":"launching","attempt":1927}
[2026-09-26 07:40:48.149] #017172 INFO LIVE_GAME_RECOVERY match=26 message="正在结束异常炉石进程并重新启动" data={"phase":"launching","attempt":1928}
[2026-09-26 07:40:58.542] #017173 INFO LIVE_GAME_RECOVERY match=26 message="正在结束异常炉石进程并重新启动" data={"phase":"launching","attempt":1929}
[2026-09-26 07:41:08.747] #017174 INFO LIVE_GAME_RECOVERY match=26 message="正在结束异常炉石进程并重新启动" data={"phase":"launching","attempt":1930}
[2026-09-26 07:41:19.551] #017175 INFO LIVE_GAME_RECOVERY match=26 message="正在结束异常炉石进程并重新启动" data={"phase":"launching","attempt":1931}
[2026-09-26 07:41:29.773] #017176 INFO LIVE_GAME_RECOVERY match=26 message="正在结束异常炉石进程并重新启动" data={"phase":"launching","attempt":1932}
[2026-09-26 07:41:40.012] #017177 INFO LIVE_GAME_RECOVERY match=26 message="正在结束异常炉石进程并重新启动" data={"phase":"launching","attempt":1933}
[2026-09-26 07:41:50.252] #017178 INFO LIVE_GAME_RECOVERY match=26 message="正在结束异常炉石进程并重新启动" data={"phase":"launching","attempt":1934}
[2026-09-26 07:42:00.489] #017179 INFO LIVE_GAME_RECOVERY match=26 message="正在结束异常炉石进程并重新启动" data={"phase":"launching","attempt":1935}
[2026-09-26 07:42:10.854] #017180 INFO LIVE_GAME_RECOVERY match=26 message="正在结束异常炉石进程并重新启动" data={"phase":"launching","attempt":1936}
[2026-09-26 07:42:21.333] #017181 INFO LIVE_GAME_RECOVERY match=26 message="正在结束异常炉石进程并重新启动" data={"phase":"launching","attempt":1937}
[2026-09-26 07:42:31.708] #017182 INFO LIVE_GAME_RECOVERY match=26 message="正在结束异常炉石进程并重新启动" data={"phase":"launching","attempt":1938}
[2026-09-26 07:42:41.897] #017183 INFO LIVE_GAME_RECOVERY match=26 message="正在结束异常炉石进程并重新启动" data={"phase":"launching","attempt":1939}
[2026-09-26 07:42:52.024] #017184 INFO LIVE_GAME_RECOVERY match=26 message="正在结束异常炉石进程并重新启动" data={"phase":"launching","attempt":1940}
[2026-09-26 07:43:02.946] #017185 INFO LIVE_GAME_RECOVERY match=26 message="正在结束异常炉石进程并重新启动" data={"phase":"launching","attempt":1941}
[2026-09-26 07:43:13.209] #017186 INFO LIVE_GAME_RECOVERY match=26 message="正在结束异常炉石进程并重新启动" data={"phase":"launching","attempt":1942}
[2026-09-26 07:43:23.643] #017187 INFO LIVE_GAME_RECOVERY match=26 message="正在结束异常炉石进程并重新启动" data={"phase":"launching","attempt":1943}
[2026-09-26 07:43:34.068] #017188 INFO LIVE_GAME_RECOVERY match=26 message="正在结束异常炉石进程并重新启动" data={"phase":"launching","attempt":1944}
[2026-09-26 07:43:44.561] #017189 INFO LIVE_GAME_RECOVERY match=26 message="正在结束异常炉石进程并重新启动" data={"phase":"launching","attempt":1945}
[2026-09-26 07:43:55.210] #017190 INFO LIVE_GAME_RECOVERY match=26 message="正在结束异常炉石进程并重新启动" data={"phase":"launching","attempt":1946}
[2026-09-26 07:44:05.424] #017191 INFO LIVE_GAME_RECOVERY match=26 message="正在结束异常炉石进程并重新启动" data={"phase":"launching","attempt":1947}
[2026-09-26 07:44:15.730] #017192 INFO LIVE_GAME_RECOVERY match=26 message="正在结束异常炉石进程并重新启动" data={"phase":"launching","attempt":1948}
[2026-09-26 07:44:26.302] #017193 INFO LIVE_GAME_RECOVERY match=26 message="正在结束异常炉石进程并重新启动" data={"phase":"launching","attempt":1949}
[2026-09-26 07:44:36.498] #017194 INFO LIVE_GAME_RECOVERY match=26 message="正在结束异常炉石进程并重新启动" data={"phase":"launching","attempt":1950}
[2026-09-26 07:44:46.922] #017195 INFO LIVE_GAME_RECOVERY match=26 message="正在结束异常炉石进程并重新启动" data={"phase":"launching","attempt":1951}
[2026-09-26 07:44:57.349] #017196 INFO LIVE_GAME_RECOVERY match=26 message="正在结束异常炉石进程并重新启动" data={"phase":"launching","attempt":1952}
[2026-09-26 07:45:07.873] #017197 INFO LIVE_GAME_RECOVERY match=26 message="正在结束异常炉石进程并重新启动" data={"phase":"launching","attempt":1953}
[2026-09-26 07:45:18.271] #017198 INFO LIVE_GAME_RECOVERY match=26 message="正在结束异常炉石进程并重新启动" data={"phase":"launching","attempt":1954}
[2026-09-26 07:45:28.536] #017199 INFO LIVE_GAME_RECOVERY match=26 message="正在结束异常炉石进程并重新启动" data={"phase":"launching","attempt":1955}
[2026-09-26 07:45:38.772] #017200 INFO LIVE_GAME_RECOVERY match=26 message="正在结束异常炉石进程并重新启动" data={"phase":"launching","attempt":1956}
[2026-09-26 07:45:49.334] #017201 INFO LIVE_GAME_RECOVERY match=26 message="正在结束异常炉石进程并重新启动" data={"phase":"launching","attempt":1957}
[2026-09-26 07:45:59.560] #017202 INFO LIVE_GAME_RECOVERY match=26 message="正在结束异常炉石进程并重新启动" data={"phase":"launching","attempt":1958}
[2026-09-26 07:46:10.007] #017203 INFO LIVE_GAME_RECOVERY match=26 message="正在结束异常炉石进程并重新启动" data={"phase":"launching","attempt":1959}
[2026-09-26 07:46:20.329] #017204 INFO LIVE_GAME_RECOVERY match=26 message="正在结束异常炉石进程并重新启动" data={"phase":"launching","attempt":1960}
[2026-09-26 07:46:30.556] #017205 INFO LIVE_GAME_RECOVERY match=26 message="正在结束异常炉石进程并重新启动" data={"phase":"launching","attempt":1961}
[2026-09-26 07:46:41.029] #017206 INFO LIVE_GAME_RECOVERY match=26 message="正在结束异常炉石进程并重新启动" data={"phase":"launching","attempt":1962}
[2026-09-26 07:46:51.274] #017207 INFO LIVE_GAME_RECOVERY match=26 message="正在结束异常炉石进程并重新启动" data={"phase":"launching","attempt":1963}
[2026-09-26 07:47:01.521] #017208 INFO LIVE_GAME_RECOVERY match=26 message="正在结束异常炉石进程并重新启动" data={"phase":"launching","attempt":1964}
[2026-09-26 07:47:11.992] #017209 INFO LIVE_GAME_RECOVERY match=26 message="正在结束异常炉石进程并重新启动" data={"phase":"launching","attempt":1965}
[2026-09-26 07:47:22.784] #017210 INFO LIVE_GAME_RECOVERY match=26 message="正在结束异常炉石进程并重新启动" data={"phase":"launching","attempt":1966}
[2026-09-26 07:47:33.109] #017211 INFO LIVE_GAME_RECOVERY match=26 message="正在结束异常炉石进程并重新启动" data={"phase":"launching","attempt":1967}
[2026-09-26 07:47:43.633] #017212 INFO LIVE_GAME_RECOVERY match=26 message="正在结束异常炉石进程并重新启动" data={"phase":"launching","attempt":1968}
[2026-09-26 07:47:53.993] #017213 INFO LIVE_GAME_RECOVERY match=26 message="正在结束异常炉石进程并重新启动" data={"phase":"launching","attempt":1969}
[2026-09-26 07:48:04.233] #017214 INFO LIVE_GAME_RECOVERY match=26 message="正在结束异常炉石进程并重新启动" data={"phase":"launching","attempt":1970}
[2026-09-26 07:48:14.500] #017215 INFO LIVE_GAME_RECOVERY match=26 message="正在结束异常炉石进程并重新启动" data={"phase":"launching","attempt":1971}
[2026-09-26 07:48:24.744] #017216 INFO LIVE_GAME_RECOVERY match=26 message="正在结束异常炉石进程并重新启动" data={"phase":"launching","attempt":1972}
[2026-09-26 07:48:35.077] #017217 INFO LIVE_GAME_RECOVERY match=26 message="正在结束异常炉石进程并重新启动" data={"phase":"launching","attempt":1973}
[2026-09-26 07:48:45.791] #017218 INFO LIVE_GAME_RECOVERY match=26 message="正在结束异常炉石进程并重新启动" data={"phase":"launching","attempt":1974}
[2026-09-26 07:48:56.077] #017219 INFO LIVE_GAME_RECOVERY match=26 message="正在结束异常炉石进程并重新启动" data={"phase":"launching","attempt":1975}
[2026-09-26 07:49:06.405] #017220 INFO LIVE_GAME_RECOVERY match=26 message="正在结束异常炉石进程并重新启动" data={"phase":"launching","attempt":1976}
[2026-09-26 07:49:17.104] #017221 INFO LIVE_GAME_RECOVERY match=26 message="正在结束异常炉石进程并重新启动" data={"phase":"launching","attempt":1977}
[2026-09-26 07:49:27.340] #017222 INFO LIVE_GAME_RECOVERY match=26 message="正在结束异常炉石进程并重新启动" data={"phase":"launching","attempt":1978}
[2026-09-26 07:49:37.573] #017223 INFO LIVE_GAME_RECOVERY match=26 message="正在结束异常炉石进程并重新启动" data={"phase":"launching","attempt":1979}
[2026-09-26 07:49:47.892] #017224 INFO LIVE_GAME_RECOVERY match=26 message="正在结束异常炉石进程并重新启动" data={"phase":"launching","attempt":1980}
[2026-09-26 07:49:58.144] #017225 INFO LIVE_GAME_RECOVERY match=26 message="正在结束异常炉石进程并重新启动" data={"phase":"launching","attempt":1981}
[2026-09-26 07:50:08.373] #017226 INFO LIVE_GAME_RECOVERY match=26 message="正在结束异常炉石进程并重新启动" data={"phase":"launching","attempt":1982}
[2026-09-26 07:50:19.195] #017227 INFO LIVE_GAME_RECOVERY match=26 message="正在结束异常炉石进程并重新启动" data={"phase":"launching","attempt":1983}
[2026-09-26 07:50:29.556] #017228 INFO LIVE_GAME_RECOVERY match=26 message="正在结束异常炉石进程并重新启动" data={"phase":"launching","attempt":1984}
[2026-09-26 07:50:39.810] #017229 INFO LIVE_GAME_RECOVERY match=26 message="正在结束异常炉石进程并重新启动" data={"phase":"launching","attempt":1985}
[2026-09-26 07:50:50.304] #017230 INFO LIVE_GAME_RECOVERY match=26 message="正在结束异常炉石进程并重新启动" data={"phase":"launching","attempt":1986}
[2026-09-26 07:51:00.475] #017231 INFO LIVE_GAME_RECOVERY match=26 message="正在结束异常炉石进程并重新启动" data={"phase":"launching","attempt":1987}
[2026-09-26 07:51:11.170] #017232 INFO LIVE_GAME_RECOVERY match=26 message="正在结束异常炉石进程并重新启动" data={"phase":"launching","attempt":1988}
[2026-09-26 07:51:22.004] #017233 INFO LIVE_GAME_RECOVERY match=26 message="正在结束异常炉石进程并重新启动" data={"phase":"launching","attempt":1989}
[2026-09-26 07:51:32.382] #017234 INFO LIVE_GAME_RECOVERY match=26 message="正在结束异常炉石进程并重新启动" data={"phase":"launching","attempt":1990}
[2026-09-26 07:51:42.600] #017235 INFO LIVE_GAME_RECOVERY match=26 message="正在结束异常炉石进程并重新启动" data={"phase":"launching","attempt":1991}
[2026-09-26 07:51:52.871] #017236 INFO LIVE_GAME_RECOVERY match=26 message="正在结束异常炉石进程并重新启动" data={"phase":"launching","attempt":1992}
[2026-09-26 07:52:03.082] #017237 INFO LIVE_GAME_RECOVERY match=26 message="正在结束异常炉石进程并重新启动" data={"phase":"launching","attempt":1993}
[2026-09-26 07:52:13.488] #017238 INFO LIVE_GAME_RECOVERY match=26 message="正在结束异常炉石进程并重新启动" data={"phase":"launching","attempt":1994}
[2026-09-26 07:52:24.405] #017239 INFO LIVE_GAME_RECOVERY match=26 message="正在结束异常炉石进程并重新启动" data={"phase":"launching","attempt":1995}
[2026-09-26 07:52:34.622] #017240 INFO LIVE_GAME_RECOVERY match=26 message="正在结束异常炉石进程并重新启动" data={"phase":"launching","attempt":1996}
[2026-09-26 07:52:45.462] #017241 INFO LIVE_GAME_RECOVERY match=26 message="正在结束异常炉石进程并重新启动" data={"phase":"launching","attempt":1997}
[2026-09-26 07:52:56.357] #017242 INFO LIVE_GAME_RECOVERY match=26 message="正在结束异常炉石进程并重新启动" data={"phase":"launching","attempt":1998}
[2026-09-26 07:53:06.613] #017243 INFO LIVE_GAME_RECOVERY match=26 message="正在结束异常炉石进程并重新启动" data={"phase":"launching","attempt":1999}
[2026-09-26 07:53:16.941] #017244 INFO LIVE_GAME_RECOVERY match=26 message="正在结束异常炉石进程并重新启动" data={"phase":"launching","attempt":2000}
[2026-09-26 07:53:27.169] #017245 INFO LIVE_GAME_RECOVERY match=26 message="正在结束异常炉石进程并重新启动" data={"phase":"launching","attempt":2001}
[2026-09-26 07:53:37.379] #017246 INFO LIVE_GAME_RECOVERY match=26 message="正在结束异常炉石进程并重新启动" data={"phase":"launching","attempt":2002}
[2026-09-26 07:53:47.970] #017247 INFO LIVE_GAME_RECOVERY match=26 message="正在结束异常炉石进程并重新启动" data={"phase":"launching","attempt":2003}
[2026-09-26 07:53:58.319] #017248 INFO LIVE_GAME_RECOVERY match=26 message="正在结束异常炉石进程并重新启动" data={"phase":"launching","attempt":2004}
[2026-09-26 07:54:08.557] #017249 INFO LIVE_GAME_RECOVERY match=26 message="正在结束异常炉石进程并重新启动" data={"phase":"launching","attempt":2005}
[2026-09-26 07:54:19.442] #017250 INFO LIVE_GAME_RECOVERY match=26 message="正在结束异常炉石进程并重新启动" data={"phase":"launching","attempt":2006}
[2026-09-26 07:54:29.490] #017251 INFO LIVE_GAME_RECOVERY match=26 message="正在结束异常炉石进程并重新启动" data={"phase":"launching","attempt":2007}
[2026-09-26 07:54:39.815] #017252 INFO LIVE_GAME_RECOVERY match=26 message="正在结束异常炉石进程并重新启动" data={"phase":"launching","attempt":2008}
[2026-09-26 07:54:50.430] #017253 INFO LIVE_GAME_RECOVERY match=26 message="正在结束异常炉石进程并重新启动" data={"phase":"launching","attempt":2009}
[2026-09-26 07:55:00.522] #017254 INFO LIVE_GAME_RECOVERY match=26 message="正在结束异常炉石进程并重新启动" data={"phase":"launching","attempt":2010}
[2026-09-26 07:55:10.638] #017255 INFO LIVE_GAME_RECOVERY match=26 message="正在结束异常炉石进程并重新启动" data={"phase":"launching","attempt":2011}
[2026-09-26 07:55:11.668] #017256 INFO LIVE_GAME_RECOVERY pid=23068 match=26 message="炉石已重新启动，正在重新连接" data={"phase":"launched","attempt":2011,"pid":23068}
[2026-09-26 07:55:11.668] #017257 INFO CONTEXT pid=23068 session="94532426-01a4-4c95-b272-852481093bf4" gameEpoch="d14e2873-7ef7-49d1-b652-183dbae2d669" automationEpoch="29614549-a7fc-47cc-ba6d-6dce1553e754"
[2026-09-26 07:55:11.668] #017258 INFO LIVE_GAME_FOUND pid=23068 match=26 state={"hearthstone":"Disconnected>Connected","bridge":"Disconnected>Starting","box":"Disconnected>Starting","hook":"Disconnected>Starting"} message="[系统]  已检测到炉石，正在连接" data={"phase":"Injecting","gameEpoch":"d14e2873-7ef7-49d1-b652-183dbae2d669"}
[2026-09-26 07:55:12.470] #017259 INFO LIVE_BRIDGE_PIPE_CONNECTED match=26 message="[连接]  炉石连接通道已建立，正在等待游戏完成载入" data={"type":"READY","sessionId":"94532426-01a4-4c95-b272-852481093bf4","gameEpoch":"d14e2873-7ef7-49d1-b652-183dbae2d669","bridgeIdentity":"HearthstoneBridge.V15, Version=0.15.0.0"}
[2026-09-26 07:55:12.490] #017260 INFO LIVE_BRIDGE_DIAGNOSTIC match=26 message="炉石 Bridge 状态已更新" data={"type":"BRIDGE_DIAGNOSTIC","diagnostic":{"state":"Ready","bridgeIdentity":"HearthstoneBridge.V15, Version=0.15.0.0","message":"Bridge configuration accepted; awaiting Unity main-thread schedule.","revision":0,"startupScreenStatus":"waiting","startupScreenDetail":"waiting for the Hearthstone ratings start screen","postGameStatus":"Idle","postGameDetail":"等待对局结束。","postGameObservation":"not_observed","clientPopupGate":"Clear","clientPopupStatus":"WaitingForPopup","clientPopupDetail":"等待任务弹窗。","taskPopupStatus":"WaitingForPopup","taskPopupDetail":"等待任务弹窗。","clientInactivityStatus":"not_requested","clientInactivityDetail":"Bridge 尚未附着，未修改炉石本地 inactivity 检查。","matchmakingState":"idle","matchmakingStage":"Idle","matchmakingFindGameState":"","matchmakingDetail":""}}
[2026-09-26 07:55:12.490] #017261 INFO LIVE_BRIDGE_WAIT match=26 action=1 actionId=1 message="[连接]  正在等待炉石连接" detail="state=Ready; message=Bridge configuration accepted; awaiting Unity main-thread schedule."
[2026-09-26 07:55:13.515] #017262 INFO LIVE_BRIDGE_DIAGNOSTIC match=26 message="炉石 Bridge 状态已更新" data={"type":"BRIDGE_DIAGNOSTIC","diagnostic":{"state":"Ready","bridgeIdentity":"HearthstoneBridge.V15, Version=0.15.0.0","message":"Ready: Unity callback was scheduled.","revision":0,"startupScreenStatus":"waiting","startupScreenDetail":"waiting for the Hearthstone ratings start screen","postGameStatus":"Idle","postGameDetail":"等待对局结束。","postGameObservation":"not_observed","clientPopupGate":"Clear","clientPopupStatus":"WaitingForPopup","clientPopupDetail":"等待任务弹窗。","taskPopupStatus":"WaitingForPopup","taskPopupDetail":"等待任务弹窗。","clientInactivityStatus":"not_requested","clientInactivityDetail":"Bridge 尚未附着，未修改炉石本地 inactivity 检查。","matchmakingState":"idle","matchmakingStage":"Idle","matchmakingFindGameState":"","matchmakingDetail":""}}
[2026-09-26 07:55:13.515] #017263 INFO LIVE_BRIDGE_WAIT match=26 action=2 actionId=2 message="正在等待炉石完成载入" detail="state=Ready; message=Ready: Unity callback was scheduled."
[2026-09-26 07:55:14.534] #017264 INFO LIVE_BRIDGE_DIAGNOSTIC match=26 message="炉石 Bridge 状态已更新" data={"type":"BRIDGE_DIAGNOSTIC","diagnostic":{"state":"Ready","bridgeIdentity":"HearthstoneBridge.V15, Version=0.15.0.0","message":"Ready: Unity callback was scheduled.","revision":0,"startupScreenStatus":"waiting","startupScreenDetail":"waiting for the Hearthstone ratings start screen","postGameStatus":"Idle","postGameDetail":"等待对局结束。","postGameObservation":"not_observed","clientPopupGate":"Clear","clientPopupStatus":"WaitingForPopup","clientPopupDetail":"等待任务弹窗。","taskPopupStatus":"WaitingForPopup","taskPopupDetail":"等待任务弹窗。","clientInactivityStatus":"not_requested","clientInactivityDetail":"Bridge 尚未附着，未修改炉石本地 inactivity 检查。","matchmakingState":"idle","matchmakingStage":"Idle","matchmakingFindGameState":"","matchmakingDetail":""}}
[2026-09-26 07:55:14.534] #017265 INFO LIVE_BRIDGE_WAIT match=26 action=3 actionId=3 message="正在等待炉石完成载入" detail="state=Ready; message=Ready: Unity callback was scheduled."
[2026-09-26 07:55:15.586] #017266 INFO LIVE_BRIDGE_DIAGNOSTIC match=26 message="炉石 Bridge 状态已更新" data={"type":"BRIDGE_DIAGNOSTIC","diagnostic":{"state":"Ready","bridgeIdentity":"HearthstoneBridge.V15, Version=0.15.0.0","message":"Ready: Unity callback was scheduled.","revision":0,"startupScreenStatus":"waiting","startupScreenDetail":"waiting for the Hearthstone ratings start screen","postGameStatus":"Idle","postGameDetail":"等待对局结束。","postGameObservation":"not_observed","clientPopupGate":"Clear","clientPopupStatus":"WaitingForPopup","clientPopupDetail":"等待任务弹窗。","taskPopupStatus":"WaitingForPopup","taskPopupDetail":"等待任务弹窗。","clientInactivityStatus":"not_requested","clientInactivityDetail":"Bridge 尚未附着，未修改炉石本地 inactivity 检查。","matchmakingState":"idle","matchmakingStage":"Idle","matchmakingFindGameState":"","matchmakingDetail":""}}
[2026-09-26 07:55:15.587] #017267 INFO LIVE_BRIDGE_WAIT match=26 action=4 actionId=4 message="正在等待炉石完成载入" detail="state=Ready; message=Ready: Unity callback was scheduled."
[2026-09-26 07:55:16.622] #017268 INFO LIVE_BRIDGE_DIAGNOSTIC match=26 message="炉石 Bridge 状态已更新" data={"type":"BRIDGE_DIAGNOSTIC","diagnostic":{"state":"Ready","bridgeIdentity":"HearthstoneBridge.V15, Version=0.15.0.0","message":"Ready: Unity callback was scheduled.","revision":0,"startupScreenStatus":"waiting","startupScreenDetail":"waiting for the Hearthstone ratings start screen; candidates=0; active=0; waitingForUser=0; callbacks=0","postGameStatus":"Idle","postGameDetail":"等待对局结束。","postGameObservation":"not_observed","clientPopupGate":"Clear","clientPopupStatus":"WaitingForPopup","clientPopupDetail":"等待任务弹窗。","taskPopupStatus":"WaitingForPopup","taskPopupDetail":"等待任务弹窗。","clientInactivityStatus":"failed","clientInactivityDetail":"InactivePlayerKicker compatibility check or call failed: InvalidOperationException: InactivePlayerKicker.Get() returned null.","matchmakingState":"idle","matchmakingStage":"Idle","matchmakingFindGameState":"","matchmakingDetail":""}}
[2026-09-26 07:55:16.622] #017269 INFO LIVE_BRIDGE_WAIT match=26 action=5 actionId=5 message="正在等待炉石完成载入" detail="state=Ready; message=Ready: Unity callback was scheduled."
[2026-09-26 07:55:17.646] #017270 INFO LIVE_BRIDGE_DIAGNOSTIC match=26 state={"hearthstone":"Connected>Ready","bridge":"Starting>Ready"} message="炉石 Bridge 已就绪" data={"type":"BRIDGE_DIAGNOSTIC","diagnostic":{"state":"Active","bridgeIdentity":"HearthstoneBridge.V15, Version=0.15.0.0","message":"Unity main-thread snapshot enqueued.","revision":1,"startupScreenStatus":"waiting","startupScreenDetail":"waiting for the Hearthstone ratings start screen; candidates=0; active=0; waitingForUser=0; callbacks=0","postGameStatus":"Idle","postGameDetail":"自动操作未开启，赛后结算保持不动。","postGameObservation":"not_observed","clientPopupGate":"Clear","clientPopupStatus":"WaitingForPopup","clientPopupDetail":"等待任务弹窗。","taskPopupStatus":"WaitingForPopup","taskPopupDetail":"等待任务弹窗。","clientInactivityStatus":"failed","clientInactivityDetail":"InactivePlayerKicker compatibility check or call failed: InvalidOperationException: InactivePlayerKicker.Get() returned null.","matchmakingState":"idle","matchmakingStage":"Idle","matchmakingFindGameState":"","matchmakingDetail":""}}
[2026-09-26 07:55:17.667] #017271 INFO LIVE_AUTOMATION_ENABLE_SENT match=26 data={"automationEpoch":"29614549-a7fc-47cc-ba6d-6dce1553e754","currentAutomationEpoch":"29614549-a7fc-47cc-ba6d-6dce1553e754","committedAcrossEpochChange":false}
[2026-09-26 07:55:17.682] #017272 INFO LIVE_BOX_CONNECTED pid=15028 match=26 state={"box":"Starting>Connected"} message="已连接盒子推荐服务" detail="Embedded Box Hook connected."
[2026-09-26 07:55:17.694] #017273 INFO LIVE_BOXHOOK_STATUS pid=15028 match=26 state={"session":"WaitingForComponents>Ready","box":"Connected>Ready","hook":"Starting>Ready"} message="[连接]  已连接盒子推荐服务" data={"code":"hook_ready","nativeCode":0}
[2026-09-26 07:55:27.879] #017274 INFO LIVE_BRIDGE_DIAGNOSTIC match=26 rev=2 message="炉石 Bridge 已就绪" data={"type":"BRIDGE_DIAGNOSTIC","diagnostic":{"state":"Active","bridgeIdentity":"HearthstoneBridge.V15, Version=0.15.0.0","message":"Unity main-thread snapshot enqueued.","revision":2,"startupScreenStatus":"waiting","startupScreenDetail":"waiting for the Hearthstone ratings start screen; candidates=0; active=0; waitingForUser=0; callbacks=0","postGameStatus":"Idle","postGameDetail":"等待对局结束。","postGameObservation":"gameOver=False; visible=False; inputReady=False; layer=none; input=not_inspected:not_game_over; screen=; state=; scene=","clientPopupGate":"Clear","clientPopupStatus":"WaitingForPopup","clientPopupDetail":"等待炉石任务弹窗。","taskPopupStatus":"WaitingForPopup","taskPopupDetail":"等待炉石任务弹窗。","clientInactivityStatus":"failed","clientInactivityDetail":"InactivePlayerKicker compatibility check or call failed: InvalidOperationException: InactivePlayerKicker.Get() returned null.","matchmakingState":"navigating","matchmakingStage":"WaitingForStableHub","matchmakingFindGameState":"","matchmakingDetail":"等待炉石进入主菜单并完成页面过渡。"}}
[2026-09-26 07:55:28.356] #017275 INFO LIVE_BRIDGE_DIAGNOSTIC match=26 rev=2 message="炉石 Bridge 已就绪" data={"type":"BRIDGE_DIAGNOSTIC","diagnostic":{"state":"Active","bridgeIdentity":"HearthstoneBridge.V15, Version=0.15.0.0","message":"Unity main-thread snapshot enqueued.","revision":3,"startupScreenStatus":"waiting","startupScreenDetail":"waiting for the Hearthstone ratings start screen; candidates=0; active=0; waitingForUser=0; callbacks=0","postGameStatus":"Idle","postGameDetail":"等待对局结束。","postGameObservation":"gameOver=False; visible=False; inputReady=False; layer=none; input=not_inspected:not_game_over; screen=; state=; scene=","clientPopupGate":"Clear","clientPopupStatus":"WaitingForPopup","clientPopupDetail":"等待任务弹窗。","taskPopupStatus":"WaitingForPopup","taskPopupDetail":"等待任务弹窗。","clientInactivityStatus":"failed","clientInactivityDetail":"InactivePlayerKicker compatibility check or call failed: InvalidOperationException: InactivePlayerKicker.Get() returned null.","matchmakingState":"navigating","matchmakingStage":"WaitingForStableHub","matchmakingFindGameState":"","matchmakingDetail":"等待炉石进入主菜单并完成页面过渡。"}}
[2026-09-26 07:55:30.532] #017276 INFO LIVE_CLIENT_MAINTENANCE match=26 rev=2 message="炉石客户端维护" data={"type":"CLIENT_MAINTENANCE","event":"CLIENT_INACTIVITY_DISABLED","detail":"Bridge 附着期间已在 Unity 主线程关闭炉石本地 inactivity 检查，并按 500ms 周期幂等维护。"}
[2026-09-26 07:55:30.578] #017277 INFO LIVE_BRIDGE_DIAGNOSTIC match=26 rev=13 message="炉石 Bridge 已就绪" data={"type":"BRIDGE_DIAGNOSTIC","diagnostic":{"state":"Active","bridgeIdentity":"HearthstoneBridge.V15, Version=0.15.0.0","message":"Unity main-thread snapshot enqueued.","revision":13,"startupScreenStatus":"waiting","startupScreenDetail":"waiting for the Hearthstone ratings start screen; candidates=0; active=0; waitingForUser=0; callbacks=0","postGameStatus":"Idle","postGameDetail":"等待对局结束。","postGameObservation":"gameOver=False; visible=False; inputReady=False; layer=none; input=not_inspected:not_game_over; screen=; state=; scene=STARTUP","clientPopupGate":"Clear","clientPopupStatus":"WaitingForPopup","clientPopupDetail":"等待任务弹窗。","taskPopupStatus":"WaitingForPopup","taskPopupDetail":"等待任务弹窗。","clientInactivityStatus":"disabled","clientInactivityDetail":"Bridge 附着期间已在 Unity 主线程关闭炉石本地 inactivity 检查，并按 500ms 周期幂等维护。","matchmakingState":"navigating","matchmakingStage":"WaitingForStableHub","matchmakingFindGameState":"INVALID","matchmakingDetail":"等待炉石进入主菜单并完成页面过渡。"}}
[2026-09-26 07:55:31.300] #017278 INFO LIVE_BRIDGE_DIAGNOSTIC match=26 rev=13 message="炉石 Bridge 已就绪" data={"type":"BRIDGE_DIAGNOSTIC","diagnostic":{"state":"Active","bridgeIdentity":"HearthstoneBridge.V15, Version=0.15.0.0","message":"Unity main-thread snapshot enqueued.","revision":16,"startupScreenStatus":"waiting","startupScreenDetail":"waiting for the Hearthstone ratings start screen; candidates=0; active=0; waitingForUser=0; callbacks=0","postGameStatus":"Idle","postGameDetail":"等待对局结束。","postGameObservation":"gameOver=False; visible=False; inputReady=False; layer=none; input=not_inspected:not_game_over; screen=; state=; scene=LOGIN","clientPopupGate":"Clear","clientPopupStatus":"WaitingForPopup","clientPopupDetail":"等待任务弹窗。","taskPopupStatus":"WaitingForPopup","taskPopupDetail":"等待任务弹窗。","clientInactivityStatus":"disabled","clientInactivityDetail":"Bridge 附着期间已在 Unity 主线程关闭炉石本地 inactivity 检查，并按 500ms 周期幂等维护。","matchmakingState":"navigating","matchmakingStage":"WaitingForStableHub","matchmakingFindGameState":"INVALID","matchmakingDetail":"等待炉石进入主菜单并完成页面过渡。"}}
[2026-09-26 07:55:31.302] #017279 INFO LIVE_NATIVE_PERFORMANCE match=26 rev=13 data={"type":"NATIVE_PERFORMANCE","scope":"window","automationGeneration":1,"turn":-1,"friendlyTurn":false,"outcome":"interval","elapsedUs":5126439,"sections":{"earlyUpdate":{"count":130,"totalUs":83,"maxUs":70,"over16Ms":0,"over33Ms":0,"over50Ms":0},"lateUpdate":{"count":130,"totalUs":1908,"maxUs":1828,"over16Ms":0,"over33Ms":0,"over50Ms":0},"mainThreadCallback":{"count":15,"totalUs":1787127,"maxUs":1704273,"over16Ms":2,"over33Ms":2,"over50Ms":2},"popupMaintenance":{"count":15,"totalUs":1692523,"maxUs":1692439,"over16Ms":1,"over33Ms":1,"over50Ms":1},"snapshot":{"count":15,"totalUs":8884,"maxUs":6390,"over16Ms":0,"over33Ms":0,"over50Ms":0},"legacyPopupSearch":{"count":1,"totalUs":77,"maxUs":77,"over16Ms":0,"over33Ms":0,"over50Ms":0},"legacyDialogSearch":{"count":1,"totalUs":40,"maxUs":40,"over16Ms":0,"over33Ms":0,"over50Ms":0},"rewardScrollSearch":{"count":1,"totalUs":26,"maxUs":26,"over16Ms":0,"over33Ms":0,"over50Ms":0},"questNotificationSearch":{"count":1,"totalUs":29,"maxUs":29,"over16Ms":0,"over33Ms":0,"over50Ms":0},"rewardSearch":{"count":1,"totalUs":55,"maxUs":55,"over16Ms":0,"over33Ms":0,"over50Ms":0},"diagnosticPublish":{"count":14,"totalUs":1,"maxUs":1,"over16Ms":0,"over33Ms":0,"over50Ms":0}},"activeFrameIntervals":{"count":0,"totalUs":0,"maxUs":0,"over16Ms":0,"over33Ms":0,"over50Ms":0},"idleFrameIntervals":{"count":129,"totalUs":3409369,"maxUs":380656,"over16Ms":111,"over33Ms":13,"over50Ms":9},"gcAvailable":true,"gcCollections":7,"managedBytesStart":172834816,"managedBytesEnd":382136320}
[2026-09-26 07:55:32.693] #017280 INFO LIVE_CLIENT_MAINTENANCE match=26 rev=13 message="炉石客户端维护" data={"type":"CLIENT_MAINTENANCE","event":"ACSDK_REQUEST_GATE_ACTIVE","detail":"trigger=setup; body=0xAA5A0; bodyCaller=0xF6DED; post=0xC69F0; rules=0; interception=off.","sessionId":"94532426-01a4-4c95-b272-852481093bf4","outputPath":"C:\\Users\\XXBJB01337\\Desktop\\HearthPilot\\Evidence\\SDKRequests\\94532426-01a4-4c95-b272-852481093bf4","occurredAtUtc":"2026-09-25T23:55:32.3997411Z"}
[2026-09-26 07:55:32.693] #017281 INFO LIVE_CLIENT_MAINTENANCE match=26 rev=13 message="[系统]  ACSdk 已切换到新的本地日志文件，从头读取" data={"type":"CLIENT_MAINTENANCE","event":"ACSDK_CLIENT_LOG_ROTATED","detail":"A newer ACSdk client log was selected; the new file is being observed from its beginning.","state":"rotated","logPath":"D:\\Battle.net\\Hearthstone\\Logs\\Hearthstone_2026_09_26_07_55_12\\AntiCheat.log","offset":0,"observedAtUtc":"2026-09-25T23:55:32.6909463Z"}
[2026-09-26 07:55:32.693] #017282 INFO LIVE_CLIENT_MAINTENANCE match=26 rev=13 message="炉石客户端维护" data={"type":"CLIENT_MAINTENANCE","event":"ACSDK_CLIENT_LOG_MONITOR_READY","detail":"The ACSdk log is readable; monitor readiness is not a client health result.","state":"monitor_ready","logPath":"D:\\Battle.net\\Hearthstone\\Logs\\Hearthstone_2026_09_26_07_55_12\\AntiCheat.log","offset":162,"observedAtUtc":"2026-09-25T23:55:32.6909463Z"}
[2026-09-26 07:55:32.693] #017283 INFO LIVE_CLIENT_MAINTENANCE match=26 rev=13 message="炉石客户端维护" data={"type":"CLIENT_MAINTENANCE","event":"ACSDK_CLIENT_INITIALIZED","detail":"ACSdk client initialization was observed in the local log.","state":"initialized","logPath":"D:\\Battle.net\\Hearthstone\\Logs\\Hearthstone_2026_09_26_07_55_12\\AntiCheat.log","offset":162,"observedAtUtc":"2026-09-25T23:55:32.6909463Z"}
[2026-09-26 07:55:36.507] #017284 INFO LIVE_NATIVE_PERFORMANCE match=26 rev=13 data={"type":"NATIVE_PERFORMANCE","scope":"window","automationGeneration":1,"turn":-1,"friendlyTurn":false,"outcome":"interval","elapsedUs":5205602,"sections":{"earlyUpdate":{"count":267,"totalUs":63,"maxUs":32,"over16Ms":0,"over33Ms":0,"over50Ms":0},"lateUpdate":{"count":267,"totalUs":270,"maxUs":15,"over16Ms":0,"over33Ms":0,"over50Ms":0},"mainThreadCallback":{"count":21,"totalUs":55485,"maxUs":6244,"over16Ms":0,"over33Ms":0,"over50Ms":0},"popupMaintenance":{"count":21,"totalUs":84,"maxUs":14,"over16Ms":0,"over33Ms":0,"over50Ms":0},"snapshot":{"count":21,"totalUs":6300,"maxUs":2360,"over16Ms":0,"over33Ms":0,"over50Ms":0},"diagnosticPublish":{"count":21,"totalUs":627,"maxUs":626,"over16Ms":0,"over33Ms":0,"over50Ms":0}},"activeFrameIntervals":{"count":0,"totalUs":0,"maxUs":0,"over16Ms":0,"over33Ms":0,"over50Ms":0},"idleFrameIntervals":{"count":267,"totalUs":5206108,"maxUs":782708,"over16Ms":252,"over33Ms":1,"over50Ms":1},"gcAvailable":true,"gcCollections":1,"managedBytesStart":382136320,"managedBytesEnd":431607808}
[2026-09-26 07:55:37.712] #017285 INFO LIVE_CLIENT_MAINTENANCE match=26 rev=13 message="炉石客户端维护" data={"type":"CLIENT_MAINTENANCE","event":"ACSDK_CLIENT_CONNECTED","detail":"ACSdk client setup completion was observed in the local log.","state":"connected","logPath":"D:\\Battle.net\\Hearthstone\\Logs\\Hearthstone_2026_09_26_07_55_12\\AntiCheat.log","offset":202,"observedAtUtc":"2026-09-25T23:55:37.7116291Z"}
[2026-09-26 07:55:39.869] #017286 INFO LIVE_BRIDGE_DIAGNOSTIC match=26 rev=51 message="炉石 Bridge 已就绪" data={"type":"BRIDGE_DIAGNOSTIC","diagnostic":{"state":"Active","bridgeIdentity":"HearthstoneBridge.V15, Version=0.15.0.0","message":"Unity main-thread snapshot enqueued.","revision":51,"startupScreenStatus":"waiting_callback","startupScreenDetail":"RatingsPopupControl is visible; waiting for OnUserStartPressed to be attached.","postGameStatus":"Idle","postGameDetail":"等待对局结束。","postGameObservation":"gameOver=False; visible=False; inputReady=False; layer=none; input=not_inspected:not_game_over; screen=; state=; scene=LOGIN","clientPopupGate":"Clear","clientPopupStatus":"WaitingForPopup","clientPopupDetail":"等待任务弹窗。","taskPopupStatus":"WaitingForPopup","taskPopupDetail":"等待任务弹窗。","clientInactivityStatus":"disabled","clientInactivityDetail":"Bridge 附着期间已在 Unity 主线程关闭炉石本地 inactivity 检查，并按 500ms 周期幂等维护。","matchmakingState":"navigating","matchmakingStage":"WaitingForStableHub","matchmakingFindGameState":"INVALID","matchmakingDetail":"等待炉石进入主菜单并完成页面过渡。"}}
[2026-09-26 07:55:40.519] #017287 INFO LIVE_BRIDGE_DIAGNOSTIC match=26 rev=52 message="炉石 Bridge 已就绪" data={"type":"BRIDGE_DIAGNOSTIC","diagnostic":{"state":"Active","bridgeIdentity":"HearthstoneBridge.V15, Version=0.15.0.0","message":"Unity main-thread snapshot enqueued.","revision":54,"startupScreenStatus":"stabilizing","startupScreenDetail":"RatingsPopupControl.OnUserStartPressed is attached; waiting for a second stable Unity observation.","postGameStatus":"Idle","postGameDetail":"等待对局结束。","postGameObservation":"gameOver=False; visible=False; inputReady=False; layer=none; input=not_inspected:not_game_over; screen=; state=; scene=LOGIN","clientPopupGate":"Clear","clientPopupStatus":"WaitingForPopup","clientPopupDetail":"等待任务弹窗。","taskPopupStatus":"WaitingForPopup","taskPopupDetail":"等待任务弹窗。","clientInactivityStatus":"disabled","clientInactivityDetail":"Bridge 附着期间已在 Unity 主线程关闭炉石本地 inactivity 检查，并按 500ms 周期幂等维护。","matchmakingState":"navigating","matchmakingStage":"WaitingForStableHub","matchmakingFindGameState":"INVALID","matchmakingDetail":"等待炉石进入主菜单并完成页面过渡。"}}
[2026-09-26 07:55:40.965] #017288 INFO LIVE_BRIDGE_DIAGNOSTIC match=26 rev=52 message="炉石 Bridge 已就绪" data={"type":"BRIDGE_DIAGNOSTIC","diagnostic":{"state":"Active","bridgeIdentity":"HearthstoneBridge.V15, Version=0.15.0.0","message":"Unity main-thread snapshot enqueued.","revision":55,"startupScreenStatus":"waiting_completion","startupScreenDetail":"RatingsPopupControl.OnUserStartPressed invoked after two stable Unity observations; waiting for SplashScreen to finish and be destroyed.","postGameStatus":"Idle","postGameDetail":"等待对局结束。","postGameObservation":"gameOver=False; visible=False; inputReady=False; layer=none; input=not_inspected:not_game_over; screen=; state=; scene=LOGIN","clientPopupGate":"Clear","clientPopupStatus":"WaitingForPopup","clientPopupDetail":"等待任务弹窗。","taskPopupStatus":"WaitingForPopup","taskPopupDetail":"等待任务弹窗。","clientInactivityStatus":"disabled","clientInactivityDetail":"Bridge 附着期间已在 Unity 主线程关闭炉石本地 inactivity 检查，并按 500ms 周期幂等维护。","matchmakingState":"navigating","matchmakingStage":"WaitingForStableHub","matchmakingFindGameState":"INVALID","matchmakingDetail":"等待炉石进入主菜单并完成页面过渡。"}}
[2026-09-26 07:55:41.642] #017289 INFO LIVE_NATIVE_PERFORMANCE match=26 rev=57 data={"type":"NATIVE_PERFORMANCE","scope":"window","automationGeneration":1,"turn":-1,"friendlyTurn":false,"outcome":"interval","elapsedUs":5134913,"sections":{"earlyUpdate":{"count":245,"totalUs":63,"maxUs":6,"over16Ms":0,"over33Ms":0,"over50Ms":0},"lateUpdate":{"count":245,"totalUs":230,"maxUs":23,"over16Ms":0,"over33Ms":0,"over50Ms":0},"mainThreadCallback":{"count":22,"totalUs":87757,"maxUs":26577,"over16Ms":1,"over33Ms":0,"over50Ms":0},"popupMaintenance":{"count":22,"totalUs":63,"maxUs":7,"over16Ms":0,"over33Ms":0,"over50Ms":0},"snapshot":{"count":22,"totalUs":34063,"maxUs":23776,"over16Ms":1,"over33Ms":0,"over50Ms":0},"diagnosticPublish":{"count":22,"totalUs":44,"maxUs":39,"over16Ms":0,"over33Ms":0,"over50Ms":0}},"activeFrameIntervals":{"count":0,"totalUs":0,"maxUs":0,"over16Ms":0,"over33Ms":0,"over50Ms":0},"idleFrameIntervals":{"count":245,"totalUs":5131350,"maxUs":284615,"over16Ms":224,"over33Ms":6,"over50Ms":6},"gcAvailable":true,"gcCollections":1,"managedBytesStart":431607808,"managedBytesEnd":516427776}
[2026-09-26 07:55:44.673] #017290 INFO LIVE_CLIENT_MAINTENANCE match=26 rev=57 message="[系统]  炉石启动页已自动确认" data={"type":"CLIENT_MAINTENANCE","event":"START_SCREEN_DISMISSED","detail":"已确认 SplashScreen 完成淡出并销毁，等待炉石主菜单稳定。"}
[2026-09-26 07:55:44.673] #017291 INFO LIVE_BRIDGE_DIAGNOSTIC match=26 rev=57 message="炉石 Bridge 已就绪" data={"type":"BRIDGE_DIAGNOSTIC","diagnostic":{"state":"Active","bridgeIdentity":"HearthstoneBridge.V15, Version=0.15.0.0","message":"Unity main-thread snapshot enqueued.","revision":72,"startupScreenStatus":"dismissed","startupScreenDetail":"已确认 SplashScreen 完成淡出并销毁，等待炉石主菜单稳定。","postGameStatus":"Idle","postGameDetail":"等待对局结束。","postGameObservation":"gameOver=False; visible=False; inputReady=False; layer=none; input=not_inspected:not_game_over; screen=; state=; scene=LOGIN","clientPopupGate":"Clear","clientPopupStatus":"WaitingForPopup","clientPopupDetail":"等待任务弹窗。","taskPopupStatus":"WaitingForPopup","taskPopupDetail":"等待任务弹窗。","clientInactivityStatus":"disabled","clientInactivityDetail":"Bridge 附着期间已在 Unity 主线程关闭炉石本地 inactivity 检查，并按 500ms 周期幂等维护。","matchmakingState":"navigating","matchmakingStage":"WaitingForStableHub","matchmakingFindGameState":"INVALID","matchmakingDetail":"等待炉石进入主菜单并完成页面过渡。"}}
[2026-09-26 07:55:44.677] #017292 INFO LIVE_BRIDGE_DIAGNOSTIC match=26 rev=57 message="炉石 Bridge 已就绪" data={"type":"BRIDGE_DIAGNOSTIC","diagnostic":{"state":"Active","bridgeIdentity":"HearthstoneBridge.V15, Version=0.15.0.0","message":"Unity main-thread snapshot enqueued.","revision":73,"startupScreenStatus":"dismissed","startupScreenDetail":"已确认 SplashScreen 完成淡出并销毁，等待炉石主菜单稳定。","postGameStatus":"Idle","postGameDetail":"等待对局结束。","postGameObservation":"gameOver=False; visible=False; inputReady=False; layer=none; input=not_inspected:not_game_over; screen=; state=; scene=LOGIN","clientPopupGate":"Clear","clientPopupStatus":"WaitingForPopup","clientPopupDetail":"等待炉石任务弹窗。","taskPopupStatus":"WaitingForPopup","taskPopupDetail":"等待炉石任务弹窗。","clientInactivityStatus":"disabled","clientInactivityDetail":"Bridge 附着期间已在 Unity 主线程关闭炉石本地 inactivity 检查，并按 500ms 周期幂等维护。","matchmakingState":"navigating","matchmakingStage":"WaitingForStableHub","matchmakingFindGameState":"INVALID","matchmakingDetail":"等待炉石进入主菜单并完成页面过渡。"}}
[2026-09-26 07:55:46.675] #017293 INFO LIVE_NATIVE_PERFORMANCE match=26 rev=57 data={"type":"NATIVE_PERFORMANCE","scope":"window","automationGeneration":1,"turn":-1,"friendlyTurn":false,"outcome":"interval","elapsedUs":5032908,"sections":{"earlyUpdate":{"count":287,"totalUs":52,"maxUs":5,"over16Ms":0,"over33Ms":0,"over50Ms":0},"lateUpdate":{"count":287,"totalUs":306,"maxUs":12,"over16Ms":0,"over33Ms":0,"over50Ms":0},"mainThreadCallback":{"count":23,"totalUs":62680,"maxUs":4501,"over16Ms":0,"over33Ms":0,"over50Ms":0},"popupMaintenance":{"count":23,"totalUs":4266,"maxUs":1132,"over16Ms":0,"over33Ms":0,"over50Ms":0},"snapshot":{"count":23,"totalUs":3255,"maxUs":210,"over16Ms":0,"over33Ms":0,"over50Ms":0},"rewardSearch":{"count":10,"totalUs":2821,"maxUs":311,"over16Ms":0,"over33Ms":0,"over50Ms":0},"diagnosticPublish":{"count":23,"totalUs":37,"maxUs":37,"over16Ms":0,"over33Ms":0,"over50Ms":0}},"activeFrameIntervals":{"count":0,"totalUs":0,"maxUs":0,"over16Ms":0,"over33Ms":0,"over50Ms":0},"idleFrameIntervals":{"count":287,"totalUs":5035695,"maxUs":128555,"over16Ms":273,"over33Ms":3,"over50Ms":2},"gcAvailable":true,"gcCollections":1,"managedBytesStart":516435968,"managedBytesEnd":475684864}
[2026-09-26 07:55:47.725] #017294 INFO LIVE_CLIENT_MAINTENANCE match=26 rev=57 message="炉石客户端维护" data={"type":"CLIENT_MAINTENANCE","event":"ACSDK_CLIENT_LOG_NO_NEW_ACTIVITY","detail":"The ACSdk log is readable, but this poll contained no new bytes; this is not a health result.","state":"no_new_activity","logPath":"D:\\Battle.net\\Hearthstone\\Logs\\Hearthstone_2026_09_26_07_55_12\\AntiCheat.log","offset":312,"observedAtUtc":"2026-09-25T23:55:47.7246742Z"}
[2026-09-26 07:55:47.759] #017295 INFO LIVE_BRIDGE_DIAGNOSTIC match=26 rev=57 message="炉石 Bridge 已就绪" data={"type":"BRIDGE_DIAGNOSTIC","diagnostic":{"state":"Active","bridgeIdentity":"HearthstoneBridge.V15, Version=0.15.0.0","message":"Unity main-thread snapshot enqueued.","revision":87,"startupScreenStatus":"dismissed","startupScreenDetail":"已确认 SplashScreen 完成淡出并销毁，等待炉石主菜单稳定。","postGameStatus":"Idle","postGameDetail":"等待对局结束。","postGameObservation":"gameOver=False; visible=False; inputReady=False; layer=none; input=not_inspected:not_game_over; screen=; state=; scene=HUB","clientPopupGate":"Clear","clientPopupStatus":"WaitingForPopup","clientPopupDetail":"等待炉石任务弹窗。","taskPopupStatus":"WaitingForPopup","taskPopupDetail":"等待炉石任务弹窗。","clientInactivityStatus":"disabled","clientInactivityDetail":"Bridge 附着期间已在 Unity 主线程关闭炉石本地 inactivity 检查，并按 500ms 周期幂等维护。","matchmakingState":"navigating","matchmakingStage":"WaitingForStableHub","matchmakingFindGameState":"INVALID","matchmakingDetail":"等待炉石进入主菜单并完成页面过渡。"}}
[2026-09-26 07:55:50.190] #017296 INFO LIVE_BRIDGE_DIAGNOSTIC match=26 rev=95 message="炉石 Bridge 已就绪" data={"type":"BRIDGE_DIAGNOSTIC","diagnostic":{"state":"Active","bridgeIdentity":"HearthstoneBridge.V15, Version=0.15.0.0","message":"Unity main-thread snapshot enqueued.","revision":95,"startupScreenStatus":"dismissed","startupScreenDetail":"已确认 SplashScreen 完成淡出并销毁，等待炉石主菜单稳定。","postGameStatus":"Idle","postGameDetail":"等待对局结束。","postGameObservation":"gameOver=False; visible=False; inputReady=False; layer=none; input=not_inspected:not_game_over; screen=; state=; scene=TOURNAMENT","clientPopupGate":"Clear","clientPopupStatus":"WaitingForPopup","clientPopupDetail":"等待炉石任务弹窗。","taskPopupStatus":"WaitingForPopup","taskPopupDetail":"等待炉石任务弹窗。","clientInactivityStatus":"disabled","clientInactivityDetail":"Bridge 附着期间已在 Unity 主线程关闭炉石本地 inactivity 检查，并按 500ms 周期幂等维护。","matchmakingState":"navigating","matchmakingStage":"WaitingForStableTournament","matchmakingFindGameState":"INVALID","matchmakingDetail":"等待传统对战牌组页面稳定。"}}
[2026-09-26 07:55:51.899] #017297 INFO LIVE_NATIVE_PERFORMANCE match=26 rev=96 data={"type":"NATIVE_PERFORMANCE","scope":"window","automationGeneration":1,"turn":-1,"friendlyTurn":false,"outcome":"interval","elapsedUs":5223975,"sections":{"earlyUpdate":{"count":174,"totalUs":19,"maxUs":5,"over16Ms":0,"over33Ms":0,"over50Ms":0},"lateUpdate":{"count":174,"totalUs":141,"maxUs":14,"over16Ms":0,"over33Ms":0,"over50Ms":0},"mainThreadCallback":{"count":18,"totalUs":57397,"maxUs":4800,"over16Ms":0,"over33Ms":0,"over50Ms":0},"popupMaintenance":{"count":18,"totalUs":6598,"maxUs":785,"over16Ms":0,"over33Ms":0,"over50Ms":0},"snapshot":{"count":18,"totalUs":2326,"maxUs":227,"over16Ms":0,"over33Ms":0,"over50Ms":0},"rewardSearch":{"count":18,"totalUs":5655,"maxUs":726,"over16Ms":0,"over33Ms":0,"over50Ms":0},"diagnosticPublish":{"count":18,"totalUs":38,"maxUs":38,"over16Ms":0,"over33Ms":0,"over50Ms":0}},"activeFrameIntervals":{"count":0,"totalUs":0,"maxUs":0,"over16Ms":0,"over33Ms":0,"over50Ms":0},"idleFrameIntervals":{"count":174,"totalUs":4611746,"maxUs":787658,"over16Ms":157,"over33Ms":10,"over50Ms":7},"gcAvailable":true,"gcCollections":0,"managedBytesStart":475684864,"managedBytesEnd":499044352}
[2026-09-26 07:55:52.761] #017298 INFO MATCHMAKING_NAVIGATION match=26 rev=104 sourceEvent="LIVE_BRIDGE_SNAPSHOT" message="[系统]  传统对战页面已就绪" detail="传统对战页面已稳定，等待所选模式落定。"
[2026-09-26 07:55:54.080] #017299 INFO MATCHMAKING_NAVIGATION match=26 rev=110 sourceEvent="LIVE_BRIDGE_SNAPSHOT" message="[系统]  [标准]口德1 ➢ 正在开始匹配" detail="炉石已进入战网匹配队列。"
[2026-09-26 07:55:57.112] #017300 INFO LIVE_NATIVE_PERFORMANCE match=26 rev=110 data={"type":"NATIVE_PERFORMANCE","scope":"window","automationGeneration":1,"turn":-1,"friendlyTurn":false,"outcome":"interval","elapsedUs":5213721,"sections":{"earlyUpdate":{"count":310,"totalUs":49,"maxUs":8,"over16Ms":0,"over33Ms":0,"over50Ms":0},"lateUpdate":{"count":310,"totalUs":300,"maxUs":42,"over16Ms":0,"over33Ms":0,"over50Ms":0},"mainThreadCallback":{"count":24,"totalUs":113449,"maxUs":27648,"over16Ms":1,"over33Ms":0,"over50Ms":0},"popupMaintenance":{"count":24,"totalUs":18426,"maxUs":941,"over16Ms":0,"over33Ms":0,"over50Ms":0},"snapshot":{"count":24,"totalUs":3281,"maxUs":240,"over16Ms":0,"over33Ms":0,"over50Ms":0},"rewardSearch":{"count":24,"totalUs":16817,"maxUs":829,"over16Ms":0,"over33Ms":0,"over50Ms":0},"diagnosticPublish":{"count":24,"totalUs":40,"maxUs":40,"over16Ms":0,"over33Ms":0,"over50Ms":0}},"activeFrameIntervals":{"count":0,"totalUs":0,"maxUs":0,"over16Ms":0,"over33Ms":0,"over50Ms":0},"idleFrameIntervals":{"count":310,"totalUs":5824957,"maxUs":625781,"over16Ms":304,"over33Ms":3,"over50Ms":1},"gcAvailable":true,"gcCollections":1,"managedBytesStart":499044352,"managedBytesEnd":475815936}
[2026-09-26 07:56:02.313] #017301 INFO LIVE_NATIVE_PERFORMANCE match=26 rev=110 data={"type":"NATIVE_PERFORMANCE","scope":"window","automationGeneration":1,"turn":-1,"friendlyTurn":false,"outcome":"interval","elapsedUs":5201100,"sections":{"earlyUpdate":{"count":312,"totalUs":36,"maxUs":9,"over16Ms":0,"over33Ms":0,"over50Ms":0},"lateUpdate":{"count":312,"totalUs":306,"maxUs":29,"over16Ms":0,"over33Ms":0,"over50Ms":0},"mainThreadCallback":{"count":24,"totalUs":85336,"maxUs":4997,"over16Ms":0,"over33Ms":0,"over50Ms":0},"popupMaintenance":{"count":24,"totalUs":20323,"maxUs":2381,"over16Ms":0,"over33Ms":0,"over50Ms":0},"snapshot":{"count":24,"totalUs":3901,"maxUs":948,"over16Ms":0,"over33Ms":0,"over50Ms":0},"rewardSearch":{"count":24,"totalUs":17963,"maxUs":1475,"over16Ms":0,"over33Ms":0,"over50Ms":0},"diagnosticPublish":{"count":24,"totalUs":40,"maxUs":40,"over16Ms":0,"over33Ms":0,"over50Ms":0}},"activeFrameIntervals":{"count":0,"totalUs":0,"maxUs":0,"over16Ms":0,"over33Ms":0,"over50Ms":0},"idleFrameIntervals":{"count":312,"totalUs":5199921,"maxUs":17653,"over16Ms":309,"over33Ms":0,"over50Ms":0},"gcAvailable":true,"gcCollections":0,"managedBytesStart":475815936,"managedBytesEnd":486436864}
[2026-09-26 07:56:09.583] #017302 INFO LIVE_NATIVE_PERFORMANCE match=26 rev=160 data={"type":"NATIVE_PERFORMANCE","scope":"window","automationGeneration":1,"turn":-1,"friendlyTurn":false,"outcome":"interval","elapsedUs":7269325,"sections":{"earlyUpdate":{"count":155,"totalUs":23,"maxUs":4,"over16Ms":0,"over33Ms":0,"over50Ms":0},"lateUpdate":{"count":155,"totalUs":128,"maxUs":14,"over16Ms":0,"over33Ms":0,"over50Ms":0},"mainThreadCallback":{"count":12,"totalUs":43590,"maxUs":4977,"over16Ms":0,"over33Ms":0,"over50Ms":0},"popupMaintenance":{"count":12,"totalUs":9560,"maxUs":1109,"over16Ms":0,"over33Ms":0,"over50Ms":0},"snapshot":{"count":12,"totalUs":1631,"maxUs":189,"over16Ms":0,"over33Ms":0,"over50Ms":0},"rewardSearch":{"count":12,"totalUs":8811,"maxUs":1030,"over16Ms":0,"over33Ms":0,"over50Ms":0},"diagnosticPublish":{"count":12,"totalUs":47,"maxUs":47,"over16Ms":0,"over33Ms":0,"over50Ms":0}},"activeFrameIntervals":{"count":0,"totalUs":0,"maxUs":0,"over16Ms":0,"over33Ms":0,"over50Ms":0},"idleFrameIntervals":{"count":155,"totalUs":2583124,"maxUs":18186,"over16Ms":151,"over33Ms":0,"over50Ms":0},"gcAvailable":true,"gcCollections":0,"managedBytesStart":486436864,"managedBytesEnd":492511232}
[2026-09-26 07:56:10.003] #017303 INFO LIVE_BRIDGE_DIAGNOSTIC match=26 rev=162 message="炉石 Bridge 已就绪" data={"type":"BRIDGE_DIAGNOSTIC","diagnostic":{"state":"Active","bridgeIdentity":"HearthstoneBridge.V15, Version=0.15.0.0","message":"Unity main-thread snapshot enqueued.","revision":162,"startupScreenStatus":"dismissed","startupScreenDetail":"已确认 SplashScreen 完成淡出并销毁，等待炉石主菜单稳定。","postGameStatus":"Idle","postGameDetail":"等待对局结束。","postGameObservation":"gameOver=False; visible=False; inputReady=False; layer=none; input=not_inspected:not_game_over; screen=; state=; scene=GAMEPLAY","clientPopupGate":"Clear","clientPopupStatus":"WaitingForPopup","clientPopupDetail":"等待炉石任务弹窗。","taskPopupStatus":"WaitingForPopup","taskPopupDetail":"等待炉石任务弹窗。","clientInactivityStatus":"disabled","clientInactivityDetail":"Bridge 附着期间已在 Unity 主线程关闭炉石本地 inactivity 检查，并按 500ms 周期幂等维护。","matchmakingState":"game_started","matchmakingStage":"Completed","matchmakingFindGameState":"INVALID","matchmakingDetail":"炉石已进入对局。"}}
[2026-09-26 07:56:14.751] #017304 INFO LIVE_NATIVE_PERFORMANCE match=27 rev=183 turn=1 data={"type":"NATIVE_PERFORMANCE","scope":"window","automationGeneration":1,"turn":1,"friendlyTurn":false,"outcome":"interval","elapsedUs":5167670,"sections":{"earlyUpdate":{"count":264,"totalUs":13,"maxUs":1,"over16Ms":0,"over33Ms":0,"over50Ms":0},"lateUpdate":{"count":264,"totalUs":444,"maxUs":51,"over16Ms":0,"over33Ms":0,"over50Ms":0},"mainThreadCallback":{"count":23,"totalUs":64774,"maxUs":10706,"over16Ms":0,"over33Ms":0,"over50Ms":0},"popupMaintenance":{"count":23,"totalUs":1765,"maxUs":918,"over16Ms":0,"over33Ms":0,"over50Ms":0},"snapshot":{"count":23,"totalUs":33180,"maxUs":9344,"over16Ms":0,"over33Ms":0,"over50Ms":0},"rewardSearch":{"count":1,"totalUs":850,"maxUs":850,"over16Ms":0,"over33Ms":0,"over50Ms":0},"diagnosticPublish":{"count":23,"totalUs":66,"maxUs":59,"over16Ms":0,"over33Ms":0,"over50Ms":0}},"activeFrameIntervals":{"count":0,"totalUs":0,"maxUs":0,"over16Ms":0,"over33Ms":0,"over50Ms":0},"idleFrameIntervals":{"count":264,"totalUs":9854360,"maxUs":4694676,"over16Ms":236,"over33Ms":11,"over50Ms":9},"gcAvailable":true,"gcCollections":0,"managedBytesStart":492511232,"managedBytesEnd":517947392}
[2026-09-26 07:56:19.868] #017305 INFO LIVE_NATIVE_PERFORMANCE match=27 rev=183 turn=1 data={"type":"NATIVE_PERFORMANCE","scope":"window","automationGeneration":1,"turn":1,"friendlyTurn":false,"outcome":"interval","elapsedUs":5117096,"sections":{"earlyUpdate":{"count":294,"totalUs":47,"maxUs":13,"over16Ms":0,"over33Ms":0,"over50Ms":0},"lateUpdate":{"count":294,"totalUs":447,"maxUs":70,"over16Ms":0,"over33Ms":0,"over50Ms":0},"mainThreadCallback":{"count":23,"totalUs":51421,"maxUs":3279,"over16Ms":0,"over33Ms":0,"over50Ms":0},"popupMaintenance":{"count":23,"totalUs":946,"maxUs":87,"over16Ms":0,"over33Ms":0,"over50Ms":0},"snapshot":{"count":23,"totalUs":25390,"maxUs":1739,"over16Ms":0,"over33Ms":0,"over50Ms":0},"diagnosticPublish":{"count":23,"totalUs":51,"maxUs":42,"over16Ms":0,"over33Ms":0,"over50Ms":0}},"activeFrameIntervals":{"count":0,"totalUs":0,"maxUs":0,"over16Ms":0,"over33Ms":0,"over50Ms":0},"idleFrameIntervals":{"count":294,"totalUs":5118282,"maxUs":246181,"over16Ms":285,"over33Ms":1,"over50Ms":1},"gcAvailable":true,"gcCollections":0,"managedBytesStart":517947392,"managedBytesEnd":530034688}
[2026-09-26 07:56:25.061] #017306 INFO LIVE_NATIVE_PERFORMANCE match=27 rev=229 turn=1 data={"type":"NATIVE_PERFORMANCE","scope":"window","automationGeneration":1,"turn":1,"friendlyTurn":false,"outcome":"interval","elapsedUs":5192927,"sections":{"earlyUpdate":{"count":311,"totalUs":164,"maxUs":114,"over16Ms":0,"over33Ms":0,"over50Ms":0},"lateUpdate":{"count":311,"totalUs":429,"maxUs":46,"over16Ms":0,"over33Ms":0,"over50Ms":0},"mainThreadCallback":{"count":24,"totalUs":52676,"maxUs":4988,"over16Ms":0,"over33Ms":0,"over50Ms":0},"popupMaintenance":{"count":24,"totalUs":941,"maxUs":59,"over16Ms":0,"over33Ms":0,"over50Ms":0},"snapshot":{"count":24,"totalUs":24733,"maxUs":1399,"over16Ms":0,"over33Ms":0,"over50Ms":0},"diagnosticPublish":{"count":24,"totalUs":69,"maxUs":63,"over16Ms":0,"over33Ms":0,"over50Ms":0}},"activeFrameIntervals":{"count":0,"totalUs":0,"maxUs":0,"over16Ms":0,"over33Ms":0,"over50Ms":0},"idleFrameIntervals":{"count":311,"totalUs":5192878,"maxUs":43643,"over16Ms":305,"over33Ms":1,"over50Ms":0},"gcAvailable":true,"gcCollections":1,"managedBytesStart":530038784,"managedBytesEnd":487235584}
[2026-09-26 07:56:30.244] #017307 INFO LIVE_NATIVE_PERFORMANCE match=27 rev=229 turn=1 data={"type":"NATIVE_PERFORMANCE","scope":"window","automationGeneration":1,"turn":1,"friendlyTurn":false,"outcome":"interval","elapsedUs":5182740,"sections":{"earlyUpdate":{"count":311,"totalUs":92,"maxUs":24,"over16Ms":0,"over33Ms":0,"over50Ms":0},"lateUpdate":{"count":311,"totalUs":313,"maxUs":30,"over16Ms":0,"over33Ms":0,"over50Ms":0},"mainThreadCallback":{"count":24,"totalUs":52917,"maxUs":3075,"over16Ms":0,"over33Ms":0,"over50Ms":0},"popupMaintenance":{"count":24,"totalUs":941,"maxUs":76,"over16Ms":0,"over33Ms":0,"over50Ms":0},"snapshot":{"count":24,"totalUs":27563,"maxUs":1656,"over16Ms":0,"over33Ms":0,"over50Ms":0},"diagnosticPublish":{"count":24,"totalUs":45,"maxUs":34,"over16Ms":0,"over33Ms":0,"over50Ms":0}},"activeFrameIntervals":{"count":0,"totalUs":0,"maxUs":0,"over16Ms":0,"over33Ms":0,"over50Ms":0},"idleFrameIntervals":{"count":311,"totalUs":5182662,"maxUs":18760,"over16Ms":304,"over33Ms":0,"over50Ms":0},"gcAvailable":true,"gcCollections":0,"managedBytesStart":487235584,"managedBytesEnd":496087040}
[2026-09-26 07:56:35.444] #017308 INFO LIVE_NATIVE_PERFORMANCE match=27 rev=257 turn=1 data={"type":"NATIVE_PERFORMANCE","scope":"window","automationGeneration":1,"turn":1,"friendlyTurn":false,"outcome":"interval","elapsedUs":5200266,"sections":{"earlyUpdate":{"count":312,"totalUs":39,"maxUs":5,"over16Ms":0,"over33Ms":0,"over50Ms":0},"lateUpdate":{"count":312,"totalUs":433,"maxUs":84,"over16Ms":0,"over33Ms":0,"over50Ms":0},"mainThreadCallback":{"count":24,"totalUs":55598,"maxUs":3730,"over16Ms":0,"over33Ms":0,"over50Ms":0},"popupMaintenance":{"count":24,"totalUs":946,"maxUs":89,"over16Ms":0,"over33Ms":0,"over50Ms":0},"snapshot":{"count":24,"totalUs":29801,"maxUs":2599,"over16Ms":0,"over33Ms":0,"over50Ms":0},"diagnosticPublish":{"count":24,"totalUs":38,"maxUs":34,"over16Ms":0,"over33Ms":0,"over50Ms":0}},"activeFrameIntervals":{"count":0,"totalUs":0,"maxUs":0,"over16Ms":0,"over33Ms":0,"over50Ms":0},"idleFrameIntervals":{"count":312,"totalUs":5199933,"maxUs":17660,"over16Ms":310,"over33Ms":0,"over50Ms":0},"gcAvailable":true,"gcCollections":0,"managedBytesStart":496087040,"managedBytesEnd":505487360}
[2026-09-26 07:56:40.644] #017309 INFO LIVE_NATIVE_PERFORMANCE match=27 rev=257 turn=1 data={"type":"NATIVE_PERFORMANCE","scope":"window","automationGeneration":1,"turn":1,"friendlyTurn":false,"outcome":"interval","elapsedUs":5199635,"sections":{"earlyUpdate":{"count":312,"totalUs":39,"maxUs":5,"over16Ms":0,"over33Ms":0,"over50Ms":0},"lateUpdate":{"count":312,"totalUs":285,"maxUs":8,"over16Ms":0,"over33Ms":0,"over50Ms":0},"mainThreadCallback":{"count":24,"totalUs":55408,"maxUs":2651,"over16Ms":0,"over33Ms":0,"over50Ms":0},"popupMaintenance":{"count":24,"totalUs":903,"maxUs":57,"over16Ms":0,"over33Ms":0,"over50Ms":0},"snapshot":{"count":24,"totalUs":30007,"maxUs":1449,"over16Ms":0,"over33Ms":0,"over50Ms":0},"diagnosticPublish":{"count":24,"totalUs":41,"maxUs":34,"over16Ms":0,"over33Ms":0,"over50Ms":0}},"activeFrameIntervals":{"count":0,"totalUs":0,"maxUs":0,"over16Ms":0,"over33Ms":0,"over50Ms":0},"idleFrameIntervals":{"count":312,"totalUs":5199652,"maxUs":18835,"over16Ms":302,"over33Ms":0,"over50Ms":0},"gcAvailable":true,"gcCollections":0,"managedBytesStart":505487360,"managedBytesEnd":515321856}
[2026-09-26 07:56:41.259] #017310 INFO ACTION_SNAPSHOT_CONTEXT action=1 rev=304 scope="coordinator_action_state" snapshot={"revision":304,"isTraditionalMode":true,"lifecycle":"in_progress","turn":1,"currentPlayerId":2,"responseMode":"CHOICE","optionId":-1,"choiceId":1,"mulliganActive":true,"entities":[{"entityId":19,"cardId":"CATA_139","zone":"HAND","position":3,"owner":"friendly","cardName":"柳牙","cardType":"MINION"},{"entityId":22,"cardId":"END_007","zone":"HAND","position":1,"owner":"friendly","cardName":"发挥优势","cardType":"SPELL"},{"entityId":30,"cardId":"FIR_907","zone":"HAND","position":2,"owner":"friendly","cardName":"阿梅达希尔","cardType":"LOCATION"},{"entityId":33,"cardId":"JAIL_200","zone":"HAND","position":4,"owner":"friendly","cardName":"污染厨房","cardType":"SPELL"},{"entityId":39,"cardId":"","zone":"HAND","position":1,"owner":"opponent","cardName":"UNKNOWN ENTITY [cardType=INVALID]","cardType":"INVALID"},{"entityId":54,"cardId":"","zone":"HAND","position":3,"owner":"opponent","cardName":"UNKNOWN ENTITY [cardType=INVALID]","cardType":"INVALID"},{"entityId":61,"cardId":"","zone":"HAND","position":2,"owner":"opponent","cardName":"UNKNOWN ENTITY [cardType=INVALID]","cardType":"INVALID"},{"entityId":69,"cardId":"HERO_06aw","zone":"PLAY","position":0,"owner":"friendly","cardName":"伊瑟拉","cardType":"HERO"},{"entityId":71,"cardId":"HERO_08k","zone":"PLAY","position":0,"owner":"opponent","cardName":"灵风吉安娜","cardType":"HERO"},{"entityId":73,"cardId":"TTN_COIN1","zone":"CHOICE","position":5,"owner":"friendly","cardName":"幸运币","cardType":"SPELL"}],"legalActions":[{"kind":"mulligan_replace","sourceEntityId":22,"targetEntityId":null,"subOptionIndex":null,"subOptionEntityId":null,"subOptionCardId":"","subOptionPosition":null,"inputReady":true,"inputState":""},{"kind":"mulligan_replace","sourceEntityId":30,"targetEntityId":null,"subOptionIndex":null,"subOptionEntityId":null,"subOptionCardId":"","subOptionPosition":null,"inputReady":true,"inputState":""},{"kind":"mulligan_replace","sourceEntityId":19,"targetEntityId":null,"subOptionIndex":null,"subOptionEntityId":null,"subOptionCardId":"","subOptionPosition":null,"inputReady":true,"inputState":""},{"kind":"mulligan_replace","sourceEntityId":33,"targetEntityId":null,"subOptionIndex":null,"subOptionEntityId":null,"subOptionCardId":"","subOptionPosition":null,"inputReady":true,"inputState":""},{"kind":"mulligan_confirm","sourceEntityId":0,"targetEntityId":null,"subOptionIndex":null,"subOptionEntityId":null,"subOptionCardId":"","subOptionPosition":null,"inputReady":true,"inputState":""}],"mulliganSelectedEntityIds":[],"error":"","errorStage":"","errorDetail":"","clientFaultCode":"","profileError":"","profileRevision":2,"friendlyPlayerId":1,"friendlyPlayerIsCurrent":false,"friendlyPlayState":"INVALID","clientConnectionState":"connected","turnPhase":"BEGIN_MULLIGAN","actionReadinessKnown":true,"decisionInputPermitted":true,"responsePacketBlocked":false,"gameStateBusy":false,"powerTasksPending":false,"gameResetPending":false,"starshipUiVisible":false,"endTurnButtonFound":true,"endTurnButtonInputBlocked":false,"endTurnButtonDisabled":false,"choiceType":"MULLIGAN","choiceMin":0,"choiceMax":5,"choiceInputReady":false,"choiceInputState":"inactive","mulliganInputReady":true,"mulliganInputState":"ready","choiceEntityIds":[22,30,19,33,73],"mulliganCandidateEntityIds":[22,30,19,33],"automationEpoch":"29614549-a7fc-47cc-ba6d-6dce1553e754","decks":[{"deckId":9521732403,"name":"口德1","format":"FT_STANDARD","isValidForRuleset":true,"isValidForStandard":true,"isValidForWild":true,"heroClass":"DRUID"},{"deckId":9517510441,"name":"无敌","format":"FT_WILD","isValidForRuleset":true,"isValidForStandard":false,"isValidForWild":true,"heroClass":"DEATHKNIGHT"},{"deckId":9460261419,"name":"自定义 圣骑士","format":"FT_STANDARD","isValidForRuleset":true,"isValidForStandard":true,"isValidForWild":true,"heroClass":"PALADIN"},{"deckId":9474316806,"name":"自定义 圣骑士2","format":"FT_STANDARD","isValidForRuleset":true,"isValidForStandard":true,"isValidForWild":true,"heroClass":"PALADIN"},{"deckId":9517375580,"name":"自定义 圣骑士3","format":"FT_WILD","isValidForRuleset":true,"isValidForStandard":false,"isValidForWild":true,"heroClass":"PALADIN"},{"deckId":9513322346,"name":"自定义 战士","format":"FT_STANDARD","isValidForRuleset":true,"isValidForStandard":true,"isValidForWild":true,"heroClass":"WARRIOR"},{"deckId":9500609336,"name":"自定义 战士2","format":"FT_STANDARD","isValidForRuleset":true,"isValidForStandard":true,"isValidForWild":true,"heroClass":"WARRIOR"},{"deckId":9455680490,"name":"自定义 潜行者","format":"FT_STANDARD","isValidForRuleset":true,"isValidForStandard":true,"isValidForWild":true,"heroClass":"ROGUE"},{"deckId":9463294884,"name":"自定义 猎人","format":"FT_STANDARD","isValidForRuleset":true,"isValidForStandard":true,"isValidForWild":true,"heroClass":"HUNTER"},{"deckId":9426814273,"name":"自定义 萨满祭司","format":"FT_STANDARD","isValidForRuleset":true,"isValidForStandard":true,"isValidForWild":true,"heroClass":"SHAMAN"},{"deckId":9455718504,"name":"自定义 萨满祭司2","format":"FT_STANDARD","isValidForRuleset":true,"isValidForStandard":true,"isValidForWild":true,"heroClass":"SHAMAN"},{"deckId":9475872778,"name":"蛛力成长","format":"FT_STANDARD","isValidForRuleset":true,"isValidForStandard":true,"isValidForWild":true,"heroClass":"DRUID"}],"deckCatalogRevision":1,"decksReady":true,"matchmakingRequestId":"b2beca47-59d1-4ebd-8b4d-b1af2d321b7d","matchmakingMode":"standard","matchmakingDeckId":9521732403,"matchmakingState":"game_started","matchmakingStage":"Completed","matchmakingErrorCode":""}
[2026-09-26 07:56:41.259] #017311 ERROR LIVE_ACTION_TIMEOUT_FALLBACK pid=23068 match=27 action=1 actionId=1 rev=257 turn=1 stageDetail="source=timeout_fallback" trigger="stage_timeout" automationEpoch="29614549-a7fc-47cc-ba6d-6dce1553e754" snapshotRevision=304 fingerprint="494EAE39483A"
[2026-09-26 07:56:41.259] #017312 INFO SNAPSHOT_CONTEXT rev=257 reason="abnormal:LIVE_ACTION_TIMEOUT_FALLBACK" snapshot={"type":"SNAPSHOT","revision":257,"capturedAtUtc":"2026-09-25T23:56:30.8916228Z","processorMainThread":true,"gameType":"GT_RANKED","isTraditionalMode":true,"scene":"GAMEPLAY","flow":"GAMEPLAY","clientFaultCode":"","lifecycle":"in_progress","turn":1,"currentPlayerId":2,"friendlyPlayerId":1,"friendlyPlayerIsCurrent":false,"turnPhase":"BEGIN_MULLIGAN","actionReadinessKnown":true,"decisionInputPermitted":true,"responsePacketBlocked":false,"gameStateBusy":false,"powerTasksPending":false,"gameResetPending":false,"starshipUiVisible":false,"endTurnButtonFound":true,"endTurnButtonInputBlocked":false,"endTurnButtonDisabled":false,"responseMode":"CHOICE","friendlyPlayState":"INVALID","clientConnectionState":"connected","gameResult":"","opponentClass":"MAGE","optionId":-1,"choiceId":1,"choiceType":"MULLIGAN","choiceMin":0,"choiceMax":5,"choiceInputReady":false,"choiceInputState":"inactive","mulliganActive":true,"mulliganInputReady":true,"mulliganInputState":"ready","decksReady":true,"deckCatalogRevision":1,"matchmakingState":"game_started","matchmakingStage":"Completed","matchmakingRequestId":"b2beca47-59d1-4ebd-8b4d-b1af2d321b7d","matchmakingMode":"standard","matchmakingDeckId":9521732403,"matchmakingSelectedDeckId":0,"matchmakingFindGameState":"INVALID","matchmakingErrorCode":"","matchmakingDetail":"炉石已进入对局。","profileRevision":2,"profile":{"identityReady":true,"battleTag":"离开有你的季节#51703","accountId":"157541914","gameAccountId":"36051275","error":"","standardRank":{"ready":true,"rankName":"钻石1","earnedStars":1,"starLevel":50,"starsPerWin":1,"isLegend":false,"legendIndex":0,"seasonId":155},"wildRank":{"ready":true,"rankName":"白银10","earnedStars":1,"starLevel":11,"starsPerWin":1,"isLegend":false,"legendIndex":0,"seasonId":155},"rewardTrackReady":true,"rewardTrackLevel":400,"rewardTrackXp":0,"rewardTrackXpNeeded":1500,"rewardTrackTotalXp":602200,"rewardTrackSeason":19},"decks":[{"deckId":9521732403,"name":"口德1","format":"FT_STANDARD","heroClass":"DRUID","deckCode":"AAECAcaLBwqp9QahgQeSgwevhwesiAeCmAfgwAfiwAflxAej2gcKrp8Eqq8HrK8H6LEHvrIH18AHkdoHx+YHvOcHyucHAAA=","isValidForRuleset":true,"isValidForStandard":true,"isValidForWild":true},{"deckId":9517510441,"name":"无敌","format":"FT_WILD","heroClass":"DEATHKNIGHT","deckCode":"AAEBAaK+BgaoigTLpQWn+gW5+gXkmAbxnAYM1qAEkeQEh/YElKQFzMQF2dAFkOQFofoFkvsFuf4Fk5IGm/IGAAA=","isValidForRuleset":true,"isValidForStandard":false,"isValidForWild":true},{"deckId":9460261419,"name":"自定义 圣骑士","format":"FT_STANDARD","heroClass":"PALADIN","deckCode":"AAECAdHnBwbw/gbuqAfvqAfwqAflwQed3QcMyaAEy6kHxK4HvrIH4sEH6MEH6sEHg8IHq8YH3NUHmd0H1+IHAAEBmt0Hnd0HAAA=","isValidForRuleset":true,"isValidForStandard":true,"isValidForWild":true},{"deckId":9474316806,"name":"自定义 圣骑士2","format":"FT_STANDARD","heroClass":"PALADIN","deckCode":"AAECAdHnBwa2igSe1ATP/gaNvgflwQed3QcMyaAE0J4G054G7eYG9YEHupYH15cHzpsH7awHtcAHg8IHhOgHAAEBiN0Hnd0HAAA=","isValidForRuleset":true,"isValidForStandard":true,"isValidForWild":true},{"deckId":9517375580,"name":"自定义 圣骑士3","format":"FT_WILD","heroClass":"PALADIN","deckCode":"AAEBAdHnBwb30AKd7ALM6wO4xQXWgAbSuQYM2McC2f4C/bgD67kD070E4tMEmY4G9ZUG7d8GkuAGnOgGn+gGAAA=","isValidForRuleset":true,"isValidForStandard":false,"isValidForWild":true},{"deckId":9513322346,"name":"自定义 战士","format":"FT_STANDARD","heroClass":"WARRIOR","deckCode":"AAECAY3mBwS3rQfr1gey2Aer4AcN4+YGqvwGq/wGpYUH6IcH0pcH7LIHtcAHlcIHnMIHpuAHqeAH++AHAAA=","isValidForRuleset":true,"isValidForStandard":true,"isValidForWild":true},{"deckId":9500609336,"name":"自定义 战士2","format":"FT_STANDARD","heroClass":"WARRIOR","deckCode":"AAECAYblBgr3gwfssgeEvQeVwgebwgecwgfr1gey2Aeo4Aer4AcK4+YGqvwGq/wGpYUH6IcH0pcHt60HtcAHqeAH++AHAAA=","isValidForRuleset":true,"isValidForStandard":true,"isValidForWild":true},{"deckId":9455680490,"name":"自定义 潜行者","format":"FT_STANDARD","heroClass":"ROGUE","deckCode":"AAECAdj8BQaGqAeHqAeIqAek2Ael2AeI2QcM958E2aIGhZUHwZcH7awHjK0H2a8H1cUHm8YHjdoHv/cH5fcHAAA=","isValidForRuleset":true,"isValidForStandard":true,"isValidForWild":true},{"deckId":9463294884,"name":"自定义 猎人","format":"FT_STANDARD","heroClass":"HUNTER","deckCode":"AAECAb7lBwSZpweapwebpwfFsQcNqZ8Eqp8Er5IHhZUHzpsHmKcHucAHu8AH3sQHrNgH19oH09sH19sHAAA=","isValidForRuleset":true,"isValidForStandard":true,"isValidForWild":true},{"deckId":9426814273,"name":"自定义 萨满祭司","format":"FT_STANDARD","heroClass":"SHAMAN","deckCode":"AAECAdjnBwjDgweCmAfbpgffpgflpgfQvweC1Aeb1AcL/Z8E5pYH9awHvLEHy7YHj74Hw8AHycAH98AH9sEH5v0HAAA=","isValidForRuleset":true,"isValidForStandard":true,"isValidForWild":true},{"deckId":9455718504,"name":"自定义 萨满祭司2","format":"FT_STANDARD","heroClass":"SHAMAN","deckCode":"AAECAamACALQ2wff5QcO074G0ZsH0J0H8KoH/K0HvLEHy7YHw8AH08AH98AHx9sHytsHzdsH2t8HAAA=","isValidForRuleset":true,"isValidForStandard":true,"isValidForWild":true},{"deckId":9475872778,"name":"蛛力成长","format":"FT_STANDARD","heroClass":"DRUID","deckCode":"AAECAcaoBwLV8wbd2AcOtfoGiIMHpIkHqq8H6LEH38AHj8EH2cQHqdgH5tgH/dkHvOcHyucH1fcHAAA=","isValidForRuleset":true,"isValidForStandard":true,"isValidForWild":true}],"choiceEntityIds":[22,30,19,33,73],"mulliganCandidateEntityIds":[22,30,19,33],"mulliganSelectedEntityIds":[],"entities":[{"entityId":19,"cardId":"CATA_139","cardName":"柳牙","zone":"HAND","position":3,"cardType":"MINION","owner":"friendly"},{"entityId":22,"cardId":"END_007","cardName":"发挥优势","zone":"HAND","position":1,"cardType":"SPELL","owner":"friendly"},{"entityId":30,"cardId":"FIR_907","cardName":"阿梅达希尔","zone":"HAND","position":2,"cardType":"LOCATION","owner":"friendly"},{"entityId":33,"cardId":"JAIL_200","cardName":"污染厨房","zone":"HAND","position":4,"cardType":"SPELL","owner":"friendly"},{"entityId":39,"cardId":"","cardName":"UNKNOWN ENTITY [cardType=INVALID]","zone":"HAND","position":1,"cardType":"INVALID","owner":"opponent"},{"entityId":54,"cardId":"","cardName":"UNKNOWN ENTITY [cardType=INVALID]","zone":"HAND","position":3,"cardType":"INVALID","owner":"opponent"},{"entityId":61,"cardId":"","cardName":"UNKNOWN ENTITY [cardType=INVALID]","zone":"HAND","position":2,"cardType":"INVALID","owner":"opponent"},{"entityId":69,"cardId":"HERO_06aw","cardName":"伊瑟拉","zone":"PLAY","position":0,"cardType":"HERO","owner":"friendly"},{"entityId":71,"cardId":"HERO_08k","cardName":"灵风吉安娜","zone":"PLAY","position":0,"cardType":"HERO","owner":"opponent"},{"entityId":73,"cardId":"TTN_COIN1","cardName":"幸运币","zone":"CHOICE","position":5,"cardType":"SPELL","owner":"friendly"}],"legalActions":[{"kind":"mulligan_replace","sourceEntityId":22,"targetEntityId":null,"subOptionIndex":null,"subOptionEntityId":null,"subOptionCardId":"","subOptionPosition":null,"inputReady":true,"inputState":""},{"kind":"mulligan_replace","sourceEntityId":30,"targetEntityId":null,"subOptionIndex":null,"subOptionEntityId":null,"subOptionCardId":"","subOptionPosition":null,"inputReady":true,"inputState":""},{"kind":"mulligan_replace","sourceEntityId":19,"targetEntityId":null,"subOptionIndex":null,"subOptionEntityId":null,"subOptionCardId":"","subOptionPosition":null,"inputReady":true,"inputState":""},{"kind":"mulligan_replace","sourceEntityId":33,"targetEntityId":null,"subOptionIndex":null,"subOptionEntityId":null,"subOptionCardId":"","subOptionPosition":null,"inputReady":true,"inputState":""},{"kind":"mulligan_confirm","sourceEntityId":0,"targetEntityId":null,"subOptionIndex":null,"subOptionEntityId":null,"subOptionCardId":"","subOptionPosition":null,"inputReady":true,"inputState":""}],"error":"","errorStage":"","errorDetail":"","automationEpoch":"29614549-a7fc-47cc-ba6d-6dce1553e754"}
[2026-09-26 07:56:41.376] #017313 INFO LIVE_FRIENDS_SCREENSHOT_SENT match=27 rev=257 turn=1 data={"automationEpoch":"29614549-a7fc-47cc-ba6d-6dce1553e754","currentAutomationEpoch":"29614549-a7fc-47cc-ba6d-6dce1553e754","committedAcrossEpochChange":false}
[2026-09-26 07:56:41.726] #017314 INFO LIVE_FRIENDS_SCREENSHOT_RESULT match=27 rev=257 turn=1 data={"type":"FRIENDS_SCREENSHOT_RESULT","requestId":"c54af2fd-eb67-4b04-9561-27f569b1b45d","workflowId":"b4eb5ee3-15c0-46b0-9d25-5c1b238979fb","operation":"native","success":true,"reason":"","restricted":false,"scene":""}
