capturedAtUtc=2026-10-08T22:06:20.6828991+00:00
eventName=CONFIG_CACHE_SAVE_FAILED
summary=[错误]  安装路径缓存保存失败，原配置保留；本次使用已发现路径
technicalDetail=System.IO.IOException: 无法删除要被替换的文件。
   at HSLaunch.Installation.CoreConfigurationFile.Update(String path, Action`1 update)
   at HSLaunch.Mvp.Program.RememberDiscoveredPath(MvpConfiguration config, String name, String path)
config.stage=replace; config.hresult=0x80070497; config.path=D:\HearthPilot\config\mvp.json; config.originalState=unchanged; config.exists=True; config.attributes=Archive; config.storageDiagnostics={"schema":1,"observedAtUtc":"2026-10-08T22:06:20.5135515+00:00","process":{"status":"ok","value":{"pid":4740,"name":"VC_redist.x86","path":"D:\\HearthPilot\\temp\\run-qhj8cM714leDWCDjOO6z\\VC_redist.x86.exe","startedAtUtc":"2026-10-08T00:52:53.572305Z","runtimePath":"D:\\HearthPilot\\temp\\run-qhj8cM714leDWCDjOO6z\\HearthPilot.Runtime.dll","runtimeMvid":"88c89d6d-5e5f-4c2b-b13e-f610cfbaa4e5","os":"Microsoft Windows 10.0.26200","framework":".NET 8.0.31"}},"target":{"path":"D:\\HearthPilot\\config\\mvp.json","metadata":{"status":"ok","value":{"length":3254,"attributes":"Archive","createdAtUtc":"2026-08-18T10:11:26.2909729Z","writtenAtUtc":"2026-10-08T22:06:10.3382501Z"}},"security":{"status":"ok","value":"O:BAD:AI(A;;FA;;;BA)(A;ID;0x1301bf;;;S-1-5-21-4289986086-1019036309-384907593-1006)(A;ID;0x1301bf;;;S-1-5-21-1112702472-294033110-943793086-1202962067)(A;ID;0x110156;;;S-1-4-293348679-251070228)(A;ID;0x1301bf;;;S-1-5-21-4289986086-1019036309-384907593-1003)(A;ID;0x1301bf;;;S-1-5-21-994816172-3973745014-2537952669-4065088193)(A;ID;FA;;;BA)(A;ID;FA;;;SY)(A;ID;0x1301bf;;;AU)(A;ID;0x1200a9;;;BU)"}},"candidate":{"path":"D:\\HearthPilot\\config\\mvp.json.c148e46688a34be09986d47d5c756ba9.tmp","metadata":{"status":"ok","value":{"length":3254,"attributes":"Archive","createdAtUtc":"2026-08-18T10:11:26.2909729Z","writtenAtUtc":"2026-10-08T22:06:20.5090805Z"}},"security":{"status":"ok","value":"O:BAD:AI(A;;FA;;;BA)(A;ID;0x1301bf;;;S-1-5-21-4289986086-1019036309-384907593-1006)(A;ID;0x1301bf;;;S-1-5-21-1112702472-294033110-943793086-1202962067)(A;ID;0x110156;;;S-1-4-293348679-251070228)(A;ID;0x1301bf;;;S-1-5-21-4289986086-1019036309-384907593-1003)(A;ID;0x1301bf;;;S-1-5-21-994816172-3973745014-2537952669-4065088193)(A;ID;FA;;;BA)(A;ID;FA;;;SY)(A;ID;0x1301bf;;;AU)(A;ID;0x1200a9;;;BU)"}},"directorySecurity":{"status":"ok","value":"O:S-1-5-21-4289986086-1019036309-384907593-1001D:AI(A;OICIID;0x1301bf;;;S-1-5-21-4289986086-1019036309-384907593-1006)(A;OICIID;0x1301bf;;;S-1-5-21-1112702472-294033110-943793086-1202962067)(A;OICIID;0x110156;;;S-1-4-293348679-251070228)(A;OICIID;0x1301bf;;;S-1-5-21-4289986086-1019036309-384907593-1003)(A;OICIID;0x1301bf;;;S-1-5-21-994816172-3973745014-2537952669-4065088193)(A;ID;FA;;;BA)(A;OICIIOID;GA;;;BA)(A;ID;FA;;;SY)(A;OICIIOID;GA;;;SY)(A;ID;0x1301bf;;;AU)(A;OICIIOID;SDGXGWGR;;;AU)(A;ID;0x1200a9;;;BU)(A;OICIIOID;GXGR;;;BU)"},"token":{"status":"ok","value":{"userSid":"S-1-5-21-4289986086-1019036309-384907593-1001","impersonation":"None","elevated":true,"elevationError":0}},"access":{"status":"ok","value":{"read":{"opened":true,"win32Error":0},"write":{"opened":true,"win32Error":0},"delete":{"opened":true,"win32Error":0},"readControl":{"opened":true,"win32Error":0}}},"holders":{"status":"ok","value":{"result":{"stage":"list","win32Error":0,"needed":0,"rebootReasons":0,"processes":[]},"endSessionError":0}},"elapsedMilliseconds":8}; config.temporaryExists=False
turn=-1
actionId=0
--- launcher log tail ---
[2026-10-09 05:27:04.556] #314902 INFO LIVE_GAME_RECOVERY match=199 message="正在结束异常炉石进程并重新启动" data={"phase":"launching","attempt":891}
[2026-10-09 05:27:14.725] #314903 INFO LIVE_GAME_RECOVERY match=199 message="正在结束异常炉石进程并重新启动" data={"phase":"launching","attempt":892}
[2026-10-09 05:27:24.869] #314904 INFO LIVE_GAME_RECOVERY match=199 message="正在结束异常炉石进程并重新启动" data={"phase":"launching","attempt":893}
[2026-10-09 05:27:35.023] #314905 INFO LIVE_GAME_RECOVERY match=199 message="正在结束异常炉石进程并重新启动" data={"phase":"launching","attempt":894}
[2026-10-09 05:27:45.191] #314906 INFO LIVE_GAME_RECOVERY match=199 message="正在结束异常炉石进程并重新启动" data={"phase":"launching","attempt":895}
[2026-10-09 05:27:55.333] #314907 INFO LIVE_GAME_RECOVERY match=199 message="正在结束异常炉石进程并重新启动" data={"phase":"launching","attempt":896}
[2026-10-09 05:28:05.477] #314908 INFO LIVE_GAME_RECOVERY match=199 message="正在结束异常炉石进程并重新启动" data={"phase":"launching","attempt":897}
[2026-10-09 05:28:15.618] #314909 INFO LIVE_GAME_RECOVERY match=199 message="正在结束异常炉石进程并重新启动" data={"phase":"launching","attempt":898}
[2026-10-09 05:28:25.788] #314910 INFO LIVE_GAME_RECOVERY match=199 message="正在结束异常炉石进程并重新启动" data={"phase":"launching","attempt":899}
[2026-10-09 05:28:35.947] #314911 INFO LIVE_GAME_RECOVERY match=199 message="正在结束异常炉石进程并重新启动" data={"phase":"launching","attempt":900}
[2026-10-09 05:28:46.099] #314912 INFO LIVE_GAME_RECOVERY match=199 message="正在结束异常炉石进程并重新启动" data={"phase":"launching","attempt":901}
[2026-10-09 05:28:56.260] #314913 INFO LIVE_GAME_RECOVERY match=199 message="正在结束异常炉石进程并重新启动" data={"phase":"launching","attempt":902}
[2026-10-09 05:29:06.416] #314914 INFO LIVE_GAME_RECOVERY match=199 message="正在结束异常炉石进程并重新启动" data={"phase":"launching","attempt":903}
[2026-10-09 05:29:16.594] #314915 INFO LIVE_GAME_RECOVERY match=199 message="正在结束异常炉石进程并重新启动" data={"phase":"launching","attempt":904}
[2026-10-09 05:29:26.761] #314916 INFO LIVE_GAME_RECOVERY match=199 message="正在结束异常炉石进程并重新启动" data={"phase":"launching","attempt":905}
[2026-10-09 05:29:36.906] #314917 INFO LIVE_GAME_RECOVERY match=199 message="正在结束异常炉石进程并重新启动" data={"phase":"launching","attempt":906}
[2026-10-09 05:29:47.062] #314918 INFO LIVE_GAME_RECOVERY match=199 message="正在结束异常炉石进程并重新启动" data={"phase":"launching","attempt":907}
[2026-10-09 05:29:57.231] #314919 INFO LIVE_GAME_RECOVERY match=199 message="正在结束异常炉石进程并重新启动" data={"phase":"launching","attempt":908}
[2026-10-09 05:30:07.395] #314920 INFO LIVE_GAME_RECOVERY match=199 message="正在结束异常炉石进程并重新启动" data={"phase":"launching","attempt":909}
[2026-10-09 05:30:17.552] #314921 INFO LIVE_GAME_RECOVERY match=199 message="正在结束异常炉石进程并重新启动" data={"phase":"launching","attempt":910}
[2026-10-09 05:30:27.707] #314922 INFO LIVE_GAME_RECOVERY match=199 message="正在结束异常炉石进程并重新启动" data={"phase":"launching","attempt":911}
[2026-10-09 05:30:37.852] #314923 INFO LIVE_GAME_RECOVERY match=199 message="正在结束异常炉石进程并重新启动" data={"phase":"launching","attempt":912}
[2026-10-09 05:30:48.001] #314924 INFO LIVE_GAME_RECOVERY match=199 message="正在结束异常炉石进程并重新启动" data={"phase":"launching","attempt":913}
[2026-10-09 05:30:58.158] #314925 INFO LIVE_GAME_RECOVERY match=199 message="正在结束异常炉石进程并重新启动" data={"phase":"launching","attempt":914}
[2026-10-09 05:31:08.326] #314926 INFO LIVE_GAME_RECOVERY match=199 message="正在结束异常炉石进程并重新启动" data={"phase":"launching","attempt":915}
[2026-10-09 05:31:18.451] #314927 INFO LIVE_GAME_RECOVERY match=199 message="正在结束异常炉石进程并重新启动" data={"phase":"launching","attempt":916}
[2026-10-09 05:31:28.606] #314928 INFO LIVE_GAME_RECOVERY match=199 message="正在结束异常炉石进程并重新启动" data={"phase":"launching","attempt":917}
[2026-10-09 05:31:38.748] #314929 INFO LIVE_GAME_RECOVERY match=199 message="正在结束异常炉石进程并重新启动" data={"phase":"launching","attempt":918}
[2026-10-09 05:31:48.902] #314930 INFO LIVE_GAME_RECOVERY match=199 message="正在结束异常炉石进程并重新启动" data={"phase":"launching","attempt":919}
[2026-10-09 05:31:59.041] #314931 INFO LIVE_GAME_RECOVERY match=199 message="正在结束异常炉石进程并重新启动" data={"phase":"launching","attempt":920}
[2026-10-09 05:32:09.192] #314932 INFO LIVE_GAME_RECOVERY match=199 message="正在结束异常炉石进程并重新启动" data={"phase":"launching","attempt":921}
[2026-10-09 05:32:19.340] #314933 INFO LIVE_GAME_RECOVERY match=199 message="正在结束异常炉石进程并重新启动" data={"phase":"launching","attempt":922}
[2026-10-09 05:32:29.523] #314934 INFO LIVE_GAME_RECOVERY match=199 message="正在结束异常炉石进程并重新启动" data={"phase":"launching","attempt":923}
[2026-10-09 05:32:39.679] #314935 INFO LIVE_GAME_RECOVERY match=199 message="正在结束异常炉石进程并重新启动" data={"phase":"launching","attempt":924}
[2026-10-09 05:32:49.831] #314936 INFO LIVE_GAME_RECOVERY match=199 message="正在结束异常炉石进程并重新启动" data={"phase":"launching","attempt":925}
[2026-10-09 05:32:59.983] #314937 INFO LIVE_GAME_RECOVERY match=199 message="正在结束异常炉石进程并重新启动" data={"phase":"launching","attempt":926}
[2026-10-09 05:33:10.137] #314938 INFO LIVE_GAME_RECOVERY match=199 message="正在结束异常炉石进程并重新启动" data={"phase":"launching","attempt":927}
[2026-10-09 05:33:20.294] #314939 INFO LIVE_GAME_RECOVERY match=199 message="正在结束异常炉石进程并重新启动" data={"phase":"launching","attempt":928}
[2026-10-09 05:33:30.451] #314940 INFO LIVE_GAME_RECOVERY match=199 message="正在结束异常炉石进程并重新启动" data={"phase":"launching","attempt":929}
[2026-10-09 05:33:40.611] #314941 INFO LIVE_GAME_RECOVERY match=199 message="正在结束异常炉石进程并重新启动" data={"phase":"launching","attempt":930}
[2026-10-09 05:33:50.791] #314942 INFO LIVE_GAME_RECOVERY match=199 message="正在结束异常炉石进程并重新启动" data={"phase":"launching","attempt":931}
[2026-10-09 05:34:00.951] #314943 INFO LIVE_GAME_RECOVERY match=199 message="正在结束异常炉石进程并重新启动" data={"phase":"launching","attempt":932}
[2026-10-09 05:34:11.140] #314944 INFO LIVE_GAME_RECOVERY match=199 message="正在结束异常炉石进程并重新启动" data={"phase":"launching","attempt":933}
[2026-10-09 05:34:21.306] #314945 INFO LIVE_GAME_RECOVERY match=199 message="正在结束异常炉石进程并重新启动" data={"phase":"launching","attempt":934}
[2026-10-09 05:34:31.468] #314946 INFO LIVE_GAME_RECOVERY match=199 message="正在结束异常炉石进程并重新启动" data={"phase":"launching","attempt":935}
[2026-10-09 05:34:41.622] #314947 INFO LIVE_GAME_RECOVERY match=199 message="正在结束异常炉石进程并重新启动" data={"phase":"launching","attempt":936}
[2026-10-09 05:34:51.804] #314948 INFO LIVE_GAME_RECOVERY match=199 message="正在结束异常炉石进程并重新启动" data={"phase":"launching","attempt":937}
[2026-10-09 05:35:01.964] #314949 INFO LIVE_GAME_RECOVERY match=199 message="正在结束异常炉石进程并重新启动" data={"phase":"launching","attempt":938}
[2026-10-09 05:35:12.107] #314950 INFO LIVE_GAME_RECOVERY match=199 message="正在结束异常炉石进程并重新启动" data={"phase":"launching","attempt":939}
[2026-10-09 05:35:22.255] #314951 INFO LIVE_GAME_RECOVERY match=199 message="正在结束异常炉石进程并重新启动" data={"phase":"launching","attempt":940}
[2026-10-09 05:35:32.408] #314952 INFO LIVE_GAME_RECOVERY match=199 message="正在结束异常炉石进程并重新启动" data={"phase":"launching","attempt":941}
[2026-10-09 05:35:42.558] #314953 INFO LIVE_GAME_RECOVERY match=199 message="正在结束异常炉石进程并重新启动" data={"phase":"launching","attempt":942}
[2026-10-09 05:35:52.691] #314954 INFO LIVE_GAME_RECOVERY match=199 message="正在结束异常炉石进程并重新启动" data={"phase":"launching","attempt":943}
[2026-10-09 05:36:02.856] #314955 INFO LIVE_GAME_RECOVERY match=199 message="正在结束异常炉石进程并重新启动" data={"phase":"launching","attempt":944}
[2026-10-09 05:36:13.024] #314956 INFO LIVE_GAME_RECOVERY match=199 message="正在结束异常炉石进程并重新启动" data={"phase":"launching","attempt":945}
[2026-10-09 05:36:23.173] #314957 INFO LIVE_GAME_RECOVERY match=199 message="正在结束异常炉石进程并重新启动" data={"phase":"launching","attempt":946}
[2026-10-09 05:36:33.309] #314958 INFO LIVE_GAME_RECOVERY match=199 message="正在结束异常炉石进程并重新启动" data={"phase":"launching","attempt":947}
[2026-10-09 05:36:43.413] #314959 INFO LIVE_GAME_RECOVERY match=199 message="正在结束异常炉石进程并重新启动" data={"phase":"launching","attempt":948}
[2026-10-09 05:36:53.554] #314960 INFO LIVE_GAME_RECOVERY match=199 message="正在结束异常炉石进程并重新启动" data={"phase":"launching","attempt":949}
[2026-10-09 05:37:03.710] #314961 INFO LIVE_GAME_RECOVERY match=199 message="正在结束异常炉石进程并重新启动" data={"phase":"launching","attempt":950}
[2026-10-09 05:37:13.863] #314962 INFO LIVE_GAME_RECOVERY match=199 message="正在结束异常炉石进程并重新启动" data={"phase":"launching","attempt":951}
[2026-10-09 05:37:24.010] #314963 INFO LIVE_GAME_RECOVERY match=199 message="正在结束异常炉石进程并重新启动" data={"phase":"launching","attempt":952}
[2026-10-09 05:37:34.151] #314964 INFO LIVE_GAME_RECOVERY match=199 message="正在结束异常炉石进程并重新启动" data={"phase":"launching","attempt":953}
[2026-10-09 05:37:44.311] #314965 INFO LIVE_GAME_RECOVERY match=199 message="正在结束异常炉石进程并重新启动" data={"phase":"launching","attempt":954}
[2026-10-09 05:37:54.453] #314966 INFO LIVE_GAME_RECOVERY match=199 message="正在结束异常炉石进程并重新启动" data={"phase":"launching","attempt":955}
[2026-10-09 05:38:04.612] #314967 INFO LIVE_GAME_RECOVERY match=199 message="正在结束异常炉石进程并重新启动" data={"phase":"launching","attempt":956}
[2026-10-09 05:38:14.788] #314968 INFO LIVE_GAME_RECOVERY match=199 message="正在结束异常炉石进程并重新启动" data={"phase":"launching","attempt":957}
[2026-10-09 05:38:24.946] #314969 INFO LIVE_GAME_RECOVERY match=199 message="正在结束异常炉石进程并重新启动" data={"phase":"launching","attempt":958}
[2026-10-09 05:38:35.113] #314970 INFO LIVE_GAME_RECOVERY match=199 message="正在结束异常炉石进程并重新启动" data={"phase":"launching","attempt":959}
[2026-10-09 05:38:45.273] #314971 INFO LIVE_GAME_RECOVERY match=199 message="正在结束异常炉石进程并重新启动" data={"phase":"launching","attempt":960}
[2026-10-09 05:38:55.425] #314972 INFO LIVE_GAME_RECOVERY match=199 message="正在结束异常炉石进程并重新启动" data={"phase":"launching","attempt":961}
[2026-10-09 05:39:05.576] #314973 INFO LIVE_GAME_RECOVERY match=199 message="正在结束异常炉石进程并重新启动" data={"phase":"launching","attempt":962}
[2026-10-09 05:39:15.735] #314974 INFO LIVE_GAME_RECOVERY match=199 message="正在结束异常炉石进程并重新启动" data={"phase":"launching","attempt":963}
[2026-10-09 05:39:25.879] #314975 INFO LIVE_GAME_RECOVERY match=199 message="正在结束异常炉石进程并重新启动" data={"phase":"launching","attempt":964}
[2026-10-09 05:39:36.060] #314976 INFO LIVE_GAME_RECOVERY match=199 message="正在结束异常炉石进程并重新启动" data={"phase":"launching","attempt":965}
[2026-10-09 05:39:46.237] #314977 INFO LIVE_GAME_RECOVERY match=199 message="正在结束异常炉石进程并重新启动" data={"phase":"launching","attempt":966}
[2026-10-09 05:39:56.382] #314978 INFO LIVE_GAME_RECOVERY match=199 message="正在结束异常炉石进程并重新启动" data={"phase":"launching","attempt":967}
[2026-10-09 05:40:06.534] #314979 INFO LIVE_GAME_RECOVERY match=199 message="正在结束异常炉石进程并重新启动" data={"phase":"launching","attempt":968}
[2026-10-09 05:40:16.692] #314980 INFO LIVE_GAME_RECOVERY match=199 message="正在结束异常炉石进程并重新启动" data={"phase":"launching","attempt":969}
[2026-10-09 05:40:26.828] #314981 INFO LIVE_GAME_RECOVERY match=199 message="正在结束异常炉石进程并重新启动" data={"phase":"launching","attempt":970}
[2026-10-09 05:40:36.997] #314982 INFO LIVE_GAME_RECOVERY match=199 message="正在结束异常炉石进程并重新启动" data={"phase":"launching","attempt":971}
[2026-10-09 05:40:47.181] #314983 INFO LIVE_GAME_RECOVERY match=199 message="正在结束异常炉石进程并重新启动" data={"phase":"launching","attempt":972}
[2026-10-09 05:40:57.326] #314984 INFO LIVE_GAME_RECOVERY match=199 message="正在结束异常炉石进程并重新启动" data={"phase":"launching","attempt":973}
[2026-10-09 05:41:07.470] #314985 INFO LIVE_GAME_RECOVERY match=199 message="正在结束异常炉石进程并重新启动" data={"phase":"launching","attempt":974}
[2026-10-09 05:41:17.639] #314986 INFO LIVE_GAME_RECOVERY match=199 message="正在结束异常炉石进程并重新启动" data={"phase":"launching","attempt":975}
[2026-10-09 05:41:27.819] #314987 INFO LIVE_GAME_RECOVERY match=199 message="正在结束异常炉石进程并重新启动" data={"phase":"launching","attempt":976}
[2026-10-09 05:41:37.978] #314988 INFO LIVE_GAME_RECOVERY match=199 message="正在结束异常炉石进程并重新启动" data={"phase":"launching","attempt":977}
[2026-10-09 05:41:48.119] #314989 INFO LIVE_GAME_RECOVERY match=199 message="正在结束异常炉石进程并重新启动" data={"phase":"launching","attempt":978}
[2026-10-09 05:41:58.267] #314990 INFO LIVE_GAME_RECOVERY match=199 message="正在结束异常炉石进程并重新启动" data={"phase":"launching","attempt":979}
[2026-10-09 05:42:08.425] #314991 INFO LIVE_GAME_RECOVERY match=199 message="正在结束异常炉石进程并重新启动" data={"phase":"launching","attempt":980}
[2026-10-09 05:42:18.572] #314992 INFO LIVE_GAME_RECOVERY match=199 message="正在结束异常炉石进程并重新启动" data={"phase":"launching","attempt":981}
[2026-10-09 05:42:28.714] #314993 INFO LIVE_GAME_RECOVERY match=199 message="正在结束异常炉石进程并重新启动" data={"phase":"launching","attempt":982}
[2026-10-09 05:42:38.889] #314994 INFO LIVE_GAME_RECOVERY match=199 message="正在结束异常炉石进程并重新启动" data={"phase":"launching","attempt":983}
[2026-10-09 05:42:49.043] #314995 INFO LIVE_GAME_RECOVERY match=199 message="正在结束异常炉石进程并重新启动" data={"phase":"launching","attempt":984}
[2026-10-09 05:42:59.214] #314996 INFO LIVE_GAME_RECOVERY match=199 message="正在结束异常炉石进程并重新启动" data={"phase":"launching","attempt":985}
[2026-10-09 05:43:09.351] #314997 INFO LIVE_GAME_RECOVERY match=199 message="正在结束异常炉石进程并重新启动" data={"phase":"launching","attempt":986}
[2026-10-09 05:43:19.510] #314998 INFO LIVE_GAME_RECOVERY match=199 message="正在结束异常炉石进程并重新启动" data={"phase":"launching","attempt":987}
[2026-10-09 05:43:29.672] #314999 INFO LIVE_GAME_RECOVERY match=199 message="正在结束异常炉石进程并重新启动" data={"phase":"launching","attempt":988}
[2026-10-09 05:43:39.852] #315000 INFO LIVE_GAME_RECOVERY match=199 message="正在结束异常炉石进程并重新启动" data={"phase":"launching","attempt":989}
[2026-10-09 05:43:49.994] #315001 INFO LIVE_GAME_RECOVERY match=199 message="正在结束异常炉石进程并重新启动" data={"phase":"launching","attempt":990}
[2026-10-09 05:44:00.163] #315002 INFO LIVE_GAME_RECOVERY match=199 message="正在结束异常炉石进程并重新启动" data={"phase":"launching","attempt":991}
[2026-10-09 05:44:10.289] #315003 INFO LIVE_GAME_RECOVERY match=199 message="正在结束异常炉石进程并重新启动" data={"phase":"launching","attempt":992}
[2026-10-09 05:44:20.445] #315004 INFO LIVE_GAME_RECOVERY match=199 message="正在结束异常炉石进程并重新启动" data={"phase":"launching","attempt":993}
[2026-10-09 05:44:30.655] #315005 INFO LIVE_GAME_RECOVERY match=199 message="正在结束异常炉石进程并重新启动" data={"phase":"launching","attempt":994}
[2026-10-09 05:44:40.808] #315006 INFO LIVE_GAME_RECOVERY match=199 message="正在结束异常炉石进程并重新启动" data={"phase":"launching","attempt":995}
[2026-10-09 05:44:50.983] #315007 INFO LIVE_GAME_RECOVERY match=199 message="正在结束异常炉石进程并重新启动" data={"phase":"launching","attempt":996}
[2026-10-09 05:45:01.150] #315008 INFO LIVE_GAME_RECOVERY match=199 message="正在结束异常炉石进程并重新启动" data={"phase":"launching","attempt":997}
[2026-10-09 05:45:11.306] #315009 INFO LIVE_GAME_RECOVERY match=199 message="正在结束异常炉石进程并重新启动" data={"phase":"launching","attempt":998}
[2026-10-09 05:45:21.472] #315010 INFO LIVE_GAME_RECOVERY match=199 message="正在结束异常炉石进程并重新启动" data={"phase":"launching","attempt":999}
[2026-10-09 05:45:31.642] #315011 INFO LIVE_GAME_RECOVERY match=199 message="正在结束异常炉石进程并重新启动" data={"phase":"launching","attempt":1000}
[2026-10-09 05:45:41.801] #315012 INFO LIVE_GAME_RECOVERY match=199 message="正在结束异常炉石进程并重新启动" data={"phase":"launching","attempt":1001}
[2026-10-09 05:45:51.948] #315013 INFO LIVE_GAME_RECOVERY match=199 message="正在结束异常炉石进程并重新启动" data={"phase":"launching","attempt":1002}
[2026-10-09 05:46:02.101] #315014 INFO LIVE_GAME_RECOVERY match=199 message="正在结束异常炉石进程并重新启动" data={"phase":"launching","attempt":1003}
[2026-10-09 05:46:12.235] #315015 INFO LIVE_GAME_RECOVERY match=199 message="正在结束异常炉石进程并重新启动" data={"phase":"launching","attempt":1004}
[2026-10-09 05:46:22.369] #315016 INFO LIVE_GAME_RECOVERY match=199 message="正在结束异常炉石进程并重新启动" data={"phase":"launching","attempt":1005}
[2026-10-09 05:46:32.486] #315017 INFO LIVE_GAME_RECOVERY match=199 message="正在结束异常炉石进程并重新启动" data={"phase":"launching","attempt":1006}
[2026-10-09 05:46:42.637] #315018 INFO LIVE_GAME_RECOVERY match=199 message="正在结束异常炉石进程并重新启动" data={"phase":"launching","attempt":1007}
[2026-10-09 05:46:42.656] #315019 INFO CONTEXT automationEpoch="623aaa4c-5ba6-4620-b772-989fd54cdbb2"
[2026-10-09 05:46:42.656] #315020 ERROR CONFIG_CACHE_SAVE_FAILED match=199 message="[错误]  安装路径缓存保存失败，原配置保留；本次使用已发现路径" data={"field":"battleNetClientPath"}
[2026-10-09 05:46:43.751] #315021 INFO CONTEXT session="8e7f0fae-3d14-4057-8435-2b5acaa6298f" gameEpoch="628aa20b-a74f-4d38-8e2b-5fb11e20c4b6" automationEpoch="623aaa4c-5ba6-4620-b772-989fd54cdbb2"
[2026-10-09 05:46:43.751] #315022 INFO FEATURE_EXCEPTION_ARTIFACT_CAPTURED message="[05:46:43]  [功能]  异常现场已归档" detail="directory=Evidence/exceptions/20261009-054642-656-CONFIG_CACHE_SAVE_FAILED-5ad5332b; files=3; images=1"
[2026-10-09 05:46:50.652] #315023 INFO FEATURE_PUSH_SENT message="[05:46:50]  [功能]  异常推送已发送" detail="CONFIG_CACHE_SAVE_FAILED"
[2026-10-09 05:46:52.787] #315024 INFO LIVE_GAME_RECOVERY match=199 message="正在结束异常炉石进程并重新启动" data={"phase":"launching","attempt":1008}
[2026-10-09 05:47:02.934] #315025 INFO LIVE_GAME_RECOVERY match=199 message="正在结束异常炉石进程并重新启动" data={"phase":"launching","attempt":1009}
[2026-10-09 05:47:13.073] #315026 INFO LIVE_GAME_RECOVERY match=199 message="正在结束异常炉石进程并重新启动" data={"phase":"launching","attempt":1010}
[2026-10-09 05:47:23.224] #315027 INFO LIVE_GAME_RECOVERY match=199 message="正在结束异常炉石进程并重新启动" data={"phase":"launching","attempt":1011}
[2026-10-09 05:47:33.363] #315028 INFO LIVE_GAME_RECOVERY match=199 message="正在结束异常炉石进程并重新启动" data={"phase":"launching","attempt":1012}
[2026-10-09 05:47:43.521] #315029 INFO LIVE_GAME_RECOVERY match=199 message="正在结束异常炉石进程并重新启动" data={"phase":"launching","attempt":1013}
[2026-10-09 05:47:53.662] #315030 INFO LIVE_GAME_RECOVERY match=199 message="正在结束异常炉石进程并重新启动" data={"phase":"launching","attempt":1014}
[2026-10-09 05:48:03.809] #315031 INFO LIVE_GAME_RECOVERY match=199 message="正在结束异常炉石进程并重新启动" data={"phase":"launching","attempt":1015}
[2026-10-09 05:48:13.942] #315032 INFO LIVE_GAME_RECOVERY match=199 message="正在结束异常炉石进程并重新启动" data={"phase":"launching","attempt":1016}
[2026-10-09 05:48:24.094] #315033 INFO LIVE_GAME_RECOVERY match=199 message="正在结束异常炉石进程并重新启动" data={"phase":"launching","attempt":1017}
[2026-10-09 05:48:34.275] #315034 INFO LIVE_GAME_RECOVERY match=199 message="正在结束异常炉石进程并重新启动" data={"phase":"launching","attempt":1018}
[2026-10-09 05:48:44.415] #315035 INFO LIVE_GAME_RECOVERY match=199 message="正在结束异常炉石进程并重新启动" data={"phase":"launching","attempt":1019}
[2026-10-09 05:48:54.570] #315036 INFO LIVE_GAME_RECOVERY match=199 message="正在结束异常炉石进程并重新启动" data={"phase":"launching","attempt":1020}
[2026-10-09 05:49:04.710] #315037 INFO LIVE_GAME_RECOVERY match=199 message="正在结束异常炉石进程并重新启动" data={"phase":"launching","attempt":1021}
[2026-10-09 05:49:14.854] #315038 INFO LIVE_GAME_RECOVERY match=199 message="正在结束异常炉石进程并重新启动" data={"phase":"launching","attempt":1022}
[2026-10-09 05:49:25.029] #315039 INFO LIVE_GAME_RECOVERY match=199 message="正在结束异常炉石进程并重新启动" data={"phase":"launching","attempt":1023}
[2026-10-09 05:49:35.179] #315040 INFO LIVE_GAME_RECOVERY match=199 message="正在结束异常炉石进程并重新启动" data={"phase":"launching","attempt":1024}
[2026-10-09 05:49:45.293] #315041 INFO LIVE_GAME_RECOVERY match=199 message="正在结束异常炉石进程并重新启动" data={"phase":"launching","attempt":1025}
[2026-10-09 05:49:55.449] #315042 INFO LIVE_GAME_RECOVERY match=199 message="正在结束异常炉石进程并重新启动" data={"phase":"launching","attempt":1026}
[2026-10-09 05:50:05.596] #315043 INFO LIVE_GAME_RECOVERY match=199 message="正在结束异常炉石进程并重新启动" data={"phase":"launching","attempt":1027}
[2026-10-09 05:50:15.759] #315044 INFO LIVE_GAME_RECOVERY match=199 message="正在结束异常炉石进程并重新启动" data={"phase":"launching","attempt":1028}
[2026-10-09 05:50:25.893] #315045 INFO LIVE_GAME_RECOVERY match=199 message="正在结束异常炉石进程并重新启动" data={"phase":"launching","attempt":1029}
[2026-10-09 05:50:36.026] #315046 INFO LIVE_GAME_RECOVERY match=199 message="正在结束异常炉石进程并重新启动" data={"phase":"launching","attempt":1030}
[2026-10-09 05:50:46.201] #315047 INFO LIVE_GAME_RECOVERY match=199 message="正在结束异常炉石进程并重新启动" data={"phase":"launching","attempt":1031}
[2026-10-09 05:50:56.339] #315048 INFO LIVE_GAME_RECOVERY match=199 message="正在结束异常炉石进程并重新启动" data={"phase":"launching","attempt":1032}
[2026-10-09 05:51:06.495] #315049 INFO LIVE_GAME_RECOVERY match=199 message="正在结束异常炉石进程并重新启动" data={"phase":"launching","attempt":1033}
[2026-10-09 05:51:16.657] #315050 INFO LIVE_GAME_RECOVERY match=199 message="正在结束异常炉石进程并重新启动" data={"phase":"launching","attempt":1034}
[2026-10-09 05:51:26.816] #315051 INFO LIVE_GAME_RECOVERY match=199 message="正在结束异常炉石进程并重新启动" data={"phase":"launching","attempt":1035}
[2026-10-09 05:51:36.965] #315052 INFO LIVE_GAME_RECOVERY match=199 message="正在结束异常炉石进程并重新启动" data={"phase":"launching","attempt":1036}
[2026-10-09 05:51:47.116] #315053 INFO LIVE_GAME_RECOVERY match=199 message="正在结束异常炉石进程并重新启动" data={"phase":"launching","attempt":1037}
[2026-10-09 05:51:57.276] #315054 INFO LIVE_GAME_RECOVERY match=199 message="正在结束异常炉石进程并重新启动" data={"phase":"launching","attempt":1038}
[2026-10-09 05:52:07.442] #315055 INFO LIVE_GAME_RECOVERY match=199 message="正在结束异常炉石进程并重新启动" data={"phase":"launching","attempt":1039}
[2026-10-09 05:52:17.580] #315056 INFO LIVE_GAME_RECOVERY match=199 message="正在结束异常炉石进程并重新启动" data={"phase":"launching","attempt":1040}
[2026-10-09 05:52:27.733] #315057 INFO LIVE_GAME_RECOVERY match=199 message="正在结束异常炉石进程并重新启动" data={"phase":"launching","attempt":1041}
[2026-10-09 05:52:37.897] #315058 INFO LIVE_GAME_RECOVERY match=199 message="正在结束异常炉石进程并重新启动" data={"phase":"launching","attempt":1042}
[2026-10-09 05:52:48.056] #315059 INFO LIVE_GAME_RECOVERY match=199 message="正在结束异常炉石进程并重新启动" data={"phase":"launching","attempt":1043}
[2026-10-09 05:52:58.211] #315060 INFO LIVE_GAME_RECOVERY match=199 message="正在结束异常炉石进程并重新启动" data={"phase":"launching","attempt":1044}
[2026-10-09 05:53:08.377] #315061 INFO LIVE_GAME_RECOVERY match=199 message="正在结束异常炉石进程并重新启动" data={"phase":"launching","attempt":1045}
[2026-10-09 05:53:18.515] #315062 INFO LIVE_GAME_RECOVERY match=199 message="正在结束异常炉石进程并重新启动" data={"phase":"launching","attempt":1046}
[2026-10-09 05:53:28.678] #315063 INFO LIVE_GAME_RECOVERY match=199 message="正在结束异常炉石进程并重新启动" data={"phase":"launching","attempt":1047}
[2026-10-09 05:53:38.836] #315064 INFO LIVE_GAME_RECOVERY match=199 message="正在结束异常炉石进程并重新启动" data={"phase":"launching","attempt":1048}
[2026-10-09 05:53:48.992] #315065 INFO LIVE_GAME_RECOVERY match=199 message="正在结束异常炉石进程并重新启动" data={"phase":"launching","attempt":1049}
[2026-10-09 05:53:59.154] #315066 INFO LIVE_GAME_RECOVERY match=199 message="正在结束异常炉石进程并重新启动" data={"phase":"launching","attempt":1050}
[2026-10-09 05:54:09.284] #315067 INFO LIVE_GAME_RECOVERY match=199 message="正在结束异常炉石进程并重新启动" data={"phase":"launching","attempt":1051}
[2026-10-09 05:54:19.420] #315068 INFO LIVE_GAME_RECOVERY match=199 message="正在结束异常炉石进程并重新启动" data={"phase":"launching","attempt":1052}
[2026-10-09 05:54:29.571] #315069 INFO LIVE_GAME_RECOVERY match=199 message="正在结束异常炉石进程并重新启动" data={"phase":"launching","attempt":1053}
[2026-10-09 05:54:39.720] #315070 INFO LIVE_GAME_RECOVERY match=199 message="正在结束异常炉石进程并重新启动" data={"phase":"launching","attempt":1054}
[2026-10-09 05:54:49.889] #315071 INFO LIVE_GAME_RECOVERY match=199 message="正在结束异常炉石进程并重新启动" data={"phase":"launching","attempt":1055}
[2026-10-09 05:55:00.050] #315072 INFO LIVE_GAME_RECOVERY match=199 message="正在结束异常炉石进程并重新启动" data={"phase":"launching","attempt":1056}
[2026-10-09 05:55:10.207] #315073 INFO LIVE_GAME_RECOVERY match=199 message="正在结束异常炉石进程并重新启动" data={"phase":"launching","attempt":1057}
[2026-10-09 05:55:20.345] #315074 INFO LIVE_GAME_RECOVERY match=199 message="正在结束异常炉石进程并重新启动" data={"phase":"launching","attempt":1058}
[2026-10-09 05:55:30.531] #315075 INFO LIVE_GAME_RECOVERY match=199 message="正在结束异常炉石进程并重新启动" data={"phase":"launching","attempt":1059}
[2026-10-09 05:55:40.692] #315076 INFO LIVE_GAME_RECOVERY match=199 message="正在结束异常炉石进程并重新启动" data={"phase":"launching","attempt":1060}
[2026-10-09 05:55:50.832] #315077 INFO LIVE_GAME_RECOVERY match=199 message="正在结束异常炉石进程并重新启动" data={"phase":"launching","attempt":1061}
[2026-10-09 05:56:01.003] #315078 INFO LIVE_GAME_RECOVERY match=199 message="正在结束异常炉石进程并重新启动" data={"phase":"launching","attempt":1062}
[2026-10-09 05:56:11.132] #315079 INFO LIVE_GAME_RECOVERY match=199 message="正在结束异常炉石进程并重新启动" data={"phase":"launching","attempt":1063}
[2026-10-09 05:56:21.265] #315080 INFO LIVE_GAME_RECOVERY match=199 message="正在结束异常炉石进程并重新启动" data={"phase":"launching","attempt":1064}
[2026-10-09 05:56:31.430] #315081 INFO LIVE_GAME_RECOVERY match=199 message="正在结束异常炉石进程并重新启动" data={"phase":"launching","attempt":1065}
[2026-10-09 05:56:41.598] #315082 INFO LIVE_GAME_RECOVERY match=199 message="正在结束异常炉石进程并重新启动" data={"phase":"launching","attempt":1066}
[2026-10-09 05:56:51.746] #315083 INFO LIVE_GAME_RECOVERY match=199 message="正在结束异常炉石进程并重新启动" data={"phase":"launching","attempt":1067}
[2026-10-09 05:57:01.896] #315084 INFO LIVE_GAME_RECOVERY match=199 message="正在结束异常炉石进程并重新启动" data={"phase":"launching","attempt":1068}
[2026-10-09 05:57:12.071] #315085 INFO LIVE_GAME_RECOVERY match=199 message="正在结束异常炉石进程并重新启动" data={"phase":"launching","attempt":1069}
[2026-10-09 05:57:22.236] #315086 INFO LIVE_GAME_RECOVERY match=199 message="正在结束异常炉石进程并重新启动" data={"phase":"launching","attempt":1070}
[2026-10-09 05:57:32.379] #315087 INFO LIVE_GAME_RECOVERY match=199 message="正在结束异常炉石进程并重新启动" data={"phase":"launching","attempt":1071}
[2026-10-09 05:57:42.516] #315088 INFO LIVE_GAME_RECOVERY match=199 message="正在结束异常炉石进程并重新启动" data={"phase":"launching","attempt":1072}
[2026-10-09 05:57:52.673] #315089 INFO LIVE_GAME_RECOVERY match=199 message="正在结束异常炉石进程并重新启动" data={"phase":"launching","attempt":1073}
[2026-10-09 05:58:02.816] #315090 INFO LIVE_GAME_RECOVERY match=199 message="正在结束异常炉石进程并重新启动" data={"phase":"launching","attempt":1074}
[2026-10-09 05:58:12.960] #315091 INFO LIVE_GAME_RECOVERY match=199 message="正在结束异常炉石进程并重新启动" data={"phase":"launching","attempt":1075}
[2026-10-09 05:58:23.112] #315092 INFO LIVE_GAME_RECOVERY match=199 message="正在结束异常炉石进程并重新启动" data={"phase":"launching","attempt":1076}
[2026-10-09 05:58:33.268] #315093 INFO LIVE_GAME_RECOVERY match=199 message="正在结束异常炉石进程并重新启动" data={"phase":"launching","attempt":1077}
[2026-10-09 05:58:43.386] #315094 INFO LIVE_GAME_RECOVERY match=199 message="正在结束异常炉石进程并重新启动" data={"phase":"launching","attempt":1078}
[2026-10-09 05:58:53.534] #315095 INFO LIVE_GAME_RECOVERY match=199 message="正在结束异常炉石进程并重新启动" data={"phase":"launching","attempt":1079}
[2026-10-09 05:59:03.694] #315096 INFO LIVE_GAME_RECOVERY match=199 message="正在结束异常炉石进程并重新启动" data={"phase":"launching","attempt":1080}
[2026-10-09 05:59:13.845] #315097 INFO LIVE_GAME_RECOVERY match=199 message="正在结束异常炉石进程并重新启动" data={"phase":"launching","attempt":1081}
[2026-10-09 05:59:24.010] #315098 INFO LIVE_GAME_RECOVERY match=199 message="正在结束异常炉石进程并重新启动" data={"phase":"launching","attempt":1082}
[2026-10-09 05:59:34.168] #315099 INFO LIVE_GAME_RECOVERY match=199 message="正在结束异常炉石进程并重新启动" data={"phase":"launching","attempt":1083}
[2026-10-09 05:59:44.336] #315100 INFO LIVE_GAME_RECOVERY match=199 message="正在结束异常炉石进程并重新启动" data={"phase":"launching","attempt":1084}
[2026-10-09 05:59:54.494] #315101 INFO LIVE_GAME_RECOVERY match=199 message="正在结束异常炉石进程并重新启动" data={"phase":"launching","attempt":1085}
[2026-10-09 06:00:04.625] #315102 INFO LIVE_GAME_RECOVERY match=199 message="正在结束异常炉石进程并重新启动" data={"phase":"launching","attempt":1086}
[2026-10-09 06:00:14.772] #315103 INFO LIVE_GAME_RECOVERY match=199 message="正在结束异常炉石进程并重新启动" data={"phase":"launching","attempt":1087}
[2026-10-09 06:00:24.937] #315104 INFO LIVE_GAME_RECOVERY match=199 message="正在结束异常炉石进程并重新启动" data={"phase":"launching","attempt":1088}
[2026-10-09 06:00:35.089] #315105 INFO LIVE_GAME_RECOVERY match=199 message="正在结束异常炉石进程并重新启动" data={"phase":"launching","attempt":1089}
[2026-10-09 06:00:45.220] #315106 INFO LIVE_GAME_RECOVERY match=199 message="正在结束异常炉石进程并重新启动" data={"phase":"launching","attempt":1090}
[2026-10-09 06:00:55.388] #315107 INFO LIVE_GAME_RECOVERY match=199 message="正在结束异常炉石进程并重新启动" data={"phase":"launching","attempt":1091}
[2026-10-09 06:01:05.560] #315108 INFO LIVE_GAME_RECOVERY match=199 message="正在结束异常炉石进程并重新启动" data={"phase":"launching","attempt":1092}
[2026-10-09 06:01:15.705] #315109 INFO LIVE_GAME_RECOVERY match=199 message="正在结束异常炉石进程并重新启动" data={"phase":"launching","attempt":1093}
[2026-10-09 06:01:25.863] #315110 INFO LIVE_GAME_RECOVERY match=199 message="正在结束异常炉石进程并重新启动" data={"phase":"launching","attempt":1094}
[2026-10-09 06:01:36.041] #315111 INFO LIVE_GAME_RECOVERY match=199 message="正在结束异常炉石进程并重新启动" data={"phase":"launching","attempt":1095}
[2026-10-09 06:01:46.193] #315112 INFO LIVE_GAME_RECOVERY match=199 message="正在结束异常炉石进程并重新启动" data={"phase":"launching","attempt":1096}
[2026-10-09 06:01:56.360] #315113 INFO LIVE_GAME_RECOVERY match=199 message="正在结束异常炉石进程并重新启动" data={"phase":"launching","attempt":1097}
[2026-10-09 06:02:06.524] #315114 INFO LIVE_GAME_RECOVERY match=199 message="正在结束异常炉石进程并重新启动" data={"phase":"launching","attempt":1098}
[2026-10-09 06:02:16.700] #315115 INFO LIVE_GAME_RECOVERY match=199 message="正在结束异常炉石进程并重新启动" data={"phase":"launching","attempt":1099}
[2026-10-09 06:02:26.843] #315116 INFO LIVE_GAME_RECOVERY match=199 message="正在结束异常炉石进程并重新启动" data={"phase":"launching","attempt":1100}
[2026-10-09 06:02:37.020] #315117 INFO LIVE_GAME_RECOVERY match=199 message="正在结束异常炉石进程并重新启动" data={"phase":"launching","attempt":1101}
[2026-10-09 06:02:47.170] #315118 INFO LIVE_GAME_RECOVERY match=199 message="正在结束异常炉石进程并重新启动" data={"phase":"launching","attempt":1102}
[2026-10-09 06:02:57.323] #315119 INFO LIVE_GAME_RECOVERY match=199 message="正在结束异常炉石进程并重新启动" data={"phase":"launching","attempt":1103}
[2026-10-09 06:03:07.490] #315120 INFO LIVE_GAME_RECOVERY match=199 message="正在结束异常炉石进程并重新启动" data={"phase":"launching","attempt":1104}
[2026-10-09 06:03:17.629] #315121 INFO LIVE_GAME_RECOVERY match=199 message="正在结束异常炉石进程并重新启动" data={"phase":"launching","attempt":1105}
[2026-10-09 06:03:27.810] #315122 INFO LIVE_GAME_RECOVERY match=199 message="正在结束异常炉石进程并重新启动" data={"phase":"launching","attempt":1106}
[2026-10-09 06:03:37.958] #315123 INFO LIVE_GAME_RECOVERY match=199 message="正在结束异常炉石进程并重新启动" data={"phase":"launching","attempt":1107}
[2026-10-09 06:03:48.126] #315124 INFO LIVE_GAME_RECOVERY match=199 message="正在结束异常炉石进程并重新启动" data={"phase":"launching","attempt":1108}
[2026-10-09 06:03:58.275] #315125 INFO LIVE_GAME_RECOVERY match=199 message="正在结束异常炉石进程并重新启动" data={"phase":"launching","attempt":1109}
[2026-10-09 06:04:08.433] #315126 INFO LIVE_GAME_RECOVERY match=199 message="正在结束异常炉石进程并重新启动" data={"phase":"launching","attempt":1110}
[2026-10-09 06:04:18.625] #315127 INFO LIVE_GAME_RECOVERY match=199 message="正在结束异常炉石进程并重新启动" data={"phase":"launching","attempt":1111}
[2026-10-09 06:04:28.818] #315128 INFO LIVE_GAME_RECOVERY match=199 message="正在结束异常炉石进程并重新启动" data={"phase":"launching","attempt":1112}
[2026-10-09 06:04:38.973] #315129 INFO LIVE_GAME_RECOVERY match=199 message="正在结束异常炉石进程并重新启动" data={"phase":"launching","attempt":1113}
[2026-10-09 06:04:49.139] #315130 INFO LIVE_GAME_RECOVERY match=199 message="正在结束异常炉石进程并重新启动" data={"phase":"launching","attempt":1114}
[2026-10-09 06:04:59.291] #315131 INFO LIVE_GAME_RECOVERY match=199 message="正在结束异常炉石进程并重新启动" data={"phase":"launching","attempt":1115}
[2026-10-09 06:05:09.443] #315132 INFO LIVE_GAME_RECOVERY match=199 message="正在结束异常炉石进程并重新启动" data={"phase":"launching","attempt":1116}
[2026-10-09 06:05:19.602] #315133 INFO LIVE_GAME_RECOVERY match=199 message="正在结束异常炉石进程并重新启动" data={"phase":"launching","attempt":1117}
[2026-10-09 06:05:29.746] #315134 INFO LIVE_GAME_RECOVERY match=199 message="正在结束异常炉石进程并重新启动" data={"phase":"launching","attempt":1118}
[2026-10-09 06:05:39.881] #315135 INFO LIVE_GAME_RECOVERY match=199 message="正在结束异常炉石进程并重新启动" data={"phase":"launching","attempt":1119}
[2026-10-09 06:05:50.041] #315136 INFO LIVE_GAME_RECOVERY match=199 message="正在结束异常炉石进程并重新启动" data={"phase":"launching","attempt":1120}
[2026-10-09 06:06:00.195] #315137 INFO LIVE_GAME_RECOVERY match=199 message="正在结束异常炉石进程并重新启动" data={"phase":"launching","attempt":1121}
[2026-10-09 06:06:10.333] #315138 INFO LIVE_GAME_RECOVERY match=199 message="正在结束异常炉石进程并重新启动" data={"phase":"launching","attempt":1122}
[2026-10-09 06:06:20.503] #315139 INFO LIVE_GAME_RECOVERY match=199 message="正在结束异常炉石进程并重新启动" data={"phase":"launching","attempt":1123}
[2026-10-09 06:06:20.522] #315140 INFO CONTEXT automationEpoch="623aaa4c-5ba6-4620-b772-989fd54cdbb2"
[2026-10-09 06:06:20.522] #315141 ERROR CONFIG_CACHE_SAVE_FAILED match=199 message="[错误]  安装路径缓存保存失败，原配置保留；本次使用已发现路径" data={"field":"battleNetClientPath"}
