capturedAtUtc=2026-10-08T20:15:39.1089509+00:00
eventName=CONFIG_CACHE_SAVE_FAILED
summary=[错误]  安装路径缓存保存失败，原配置保留；本次使用已发现路径
technicalDetail=System.IO.IOException: 无法删除要被替换的文件。
   at HSLaunch.Installation.CoreConfigurationFile.Update(String path, Action`1 update)
   at HSLaunch.Mvp.Program.RememberDiscoveredPath(MvpConfiguration config, String name, String path)
config.stage=replace; config.hresult=0x80070497; config.path=D:\HearthPilot\config\mvp.json; config.originalState=unchanged; config.exists=True; config.attributes=Archive; config.storageDiagnostics={"schema":1,"observedAtUtc":"2026-10-08T20:15:39.0020098+00:00","process":{"status":"ok","value":{"pid":4740,"name":"VC_redist.x86","path":"D:\\HearthPilot\\temp\\run-qhj8cM714leDWCDjOO6z\\VC_redist.x86.exe","startedAtUtc":"2026-10-08T00:52:53.572305Z","runtimePath":"D:\\HearthPilot\\temp\\run-qhj8cM714leDWCDjOO6z\\HearthPilot.Runtime.dll","runtimeMvid":"88c89d6d-5e5f-4c2b-b13e-f610cfbaa4e5","os":"Microsoft Windows 10.0.26200","framework":".NET 8.0.31"}},"target":{"path":"D:\\HearthPilot\\config\\mvp.json","metadata":{"status":"ok","value":{"length":3254,"attributes":"Archive","createdAtUtc":"2026-08-18T10:11:26.2909729Z","writtenAtUtc":"2026-10-08T20:15:28.8389246Z"}},"security":{"status":"ok","value":"O:BAD:AI(A;;FA;;;BA)(A;ID;0x1301bf;;;S-1-5-21-4289986086-1019036309-384907593-1006)(A;ID;0x1301bf;;;S-1-5-21-1112702472-294033110-943793086-1202962067)(A;ID;0x110156;;;S-1-4-293348679-251070228)(A;ID;0x1301bf;;;S-1-5-21-4289986086-1019036309-384907593-1003)(A;ID;0x1301bf;;;S-1-5-21-994816172-3973745014-2537952669-4065088193)(A;ID;FA;;;BA)(A;ID;FA;;;SY)(A;ID;0x1301bf;;;AU)(A;ID;0x1200a9;;;BU)"}},"candidate":{"path":"D:\\HearthPilot\\config\\mvp.json.316a5cb3e6cd487096dc5e97fecd8bf5.tmp","metadata":{"status":"ok","value":{"length":3254,"attributes":"Archive","createdAtUtc":"2026-08-18T10:11:26.2909729Z","writtenAtUtc":"2026-10-08T20:15:38.9971638Z"}},"security":{"status":"ok","value":"O:BAD:AI(A;;FA;;;BA)(A;ID;0x1301bf;;;S-1-5-21-4289986086-1019036309-384907593-1006)(A;ID;0x1301bf;;;S-1-5-21-1112702472-294033110-943793086-1202962067)(A;ID;0x110156;;;S-1-4-293348679-251070228)(A;ID;0x1301bf;;;S-1-5-21-4289986086-1019036309-384907593-1003)(A;ID;0x1301bf;;;S-1-5-21-994816172-3973745014-2537952669-4065088193)(A;ID;FA;;;BA)(A;ID;FA;;;SY)(A;ID;0x1301bf;;;AU)(A;ID;0x1200a9;;;BU)"}},"directorySecurity":{"status":"ok","value":"O:S-1-5-21-4289986086-1019036309-384907593-1001D:AI(A;OICIID;0x1301bf;;;S-1-5-21-4289986086-1019036309-384907593-1006)(A;OICIID;0x1301bf;;;S-1-5-21-1112702472-294033110-943793086-1202962067)(A;OICIID;0x110156;;;S-1-4-293348679-251070228)(A;OICIID;0x1301bf;;;S-1-5-21-4289986086-1019036309-384907593-1003)(A;OICIID;0x1301bf;;;S-1-5-21-994816172-3973745014-2537952669-4065088193)(A;ID;FA;;;BA)(A;OICIIOID;GA;;;BA)(A;ID;FA;;;SY)(A;OICIIOID;GA;;;SY)(A;ID;0x1301bf;;;AU)(A;OICIIOID;SDGXGWGR;;;AU)(A;ID;0x1200a9;;;BU)(A;OICIIOID;GXGR;;;BU)"},"token":{"status":"ok","value":{"userSid":"S-1-5-21-4289986086-1019036309-384907593-1001","impersonation":"None","elevated":true,"elevationError":0}},"access":{"status":"ok","value":{"read":{"opened":true,"win32Error":0},"write":{"opened":true,"win32Error":0},"delete":{"opened":true,"win32Error":0},"readControl":{"opened":true,"win32Error":0}}},"holders":{"status":"ok","value":{"result":{"stage":"list","win32Error":0,"needed":0,"rebootReasons":0,"processes":[]},"endSessionError":0}},"elapsedMilliseconds":9}; config.temporaryExists=False
turn=-1
actionId=0
--- launcher log tail ---
[2026-10-09 03:36:22.854] #314233 INFO LIVE_GAME_RECOVERY match=199 message="正在结束异常炉石进程并重新启动" data={"phase":"launching","attempt":237}
[2026-10-09 03:36:33.002] #314234 INFO LIVE_GAME_RECOVERY match=199 message="正在结束异常炉石进程并重新启动" data={"phase":"launching","attempt":238}
[2026-10-09 03:36:43.156] #314235 INFO LIVE_GAME_RECOVERY match=199 message="正在结束异常炉石进程并重新启动" data={"phase":"launching","attempt":239}
[2026-10-09 03:36:53.312] #314236 INFO LIVE_GAME_RECOVERY match=199 message="正在结束异常炉石进程并重新启动" data={"phase":"launching","attempt":240}
[2026-10-09 03:37:03.458] #314237 INFO LIVE_GAME_RECOVERY match=199 message="正在结束异常炉石进程并重新启动" data={"phase":"launching","attempt":241}
[2026-10-09 03:37:13.587] #314238 INFO LIVE_GAME_RECOVERY match=199 message="正在结束异常炉石进程并重新启动" data={"phase":"launching","attempt":242}
[2026-10-09 03:37:23.738] #314239 INFO LIVE_GAME_RECOVERY match=199 message="正在结束异常炉石进程并重新启动" data={"phase":"launching","attempt":243}
[2026-10-09 03:37:33.930] #314240 INFO LIVE_GAME_RECOVERY match=199 message="正在结束异常炉石进程并重新启动" data={"phase":"launching","attempt":244}
[2026-10-09 03:37:44.058] #314241 INFO LIVE_GAME_RECOVERY match=199 message="正在结束异常炉石进程并重新启动" data={"phase":"launching","attempt":245}
[2026-10-09 03:37:54.243] #314242 INFO LIVE_GAME_RECOVERY match=199 message="正在结束异常炉石进程并重新启动" data={"phase":"launching","attempt":246}
[2026-10-09 03:38:04.404] #314243 INFO LIVE_GAME_RECOVERY match=199 message="正在结束异常炉石进程并重新启动" data={"phase":"launching","attempt":247}
[2026-10-09 03:38:14.554] #314244 INFO LIVE_GAME_RECOVERY match=199 message="正在结束异常炉石进程并重新启动" data={"phase":"launching","attempt":248}
[2026-10-09 03:38:24.740] #314245 INFO LIVE_GAME_RECOVERY match=199 message="正在结束异常炉石进程并重新启动" data={"phase":"launching","attempt":249}
[2026-10-09 03:38:34.905] #314246 INFO LIVE_GAME_RECOVERY match=199 message="正在结束异常炉石进程并重新启动" data={"phase":"launching","attempt":250}
[2026-10-09 03:38:45.064] #314247 INFO LIVE_GAME_RECOVERY match=199 message="正在结束异常炉石进程并重新启动" data={"phase":"launching","attempt":251}
[2026-10-09 03:38:55.204] #314248 INFO LIVE_GAME_RECOVERY match=199 message="正在结束异常炉石进程并重新启动" data={"phase":"launching","attempt":252}
[2026-10-09 03:39:05.380] #314249 INFO LIVE_GAME_RECOVERY match=199 message="正在结束异常炉石进程并重新启动" data={"phase":"launching","attempt":253}
[2026-10-09 03:39:15.530] #314250 INFO LIVE_GAME_RECOVERY match=199 message="正在结束异常炉石进程并重新启动" data={"phase":"launching","attempt":254}
[2026-10-09 03:39:25.674] #314251 INFO LIVE_GAME_RECOVERY match=199 message="正在结束异常炉石进程并重新启动" data={"phase":"launching","attempt":255}
[2026-10-09 03:39:35.806] #314252 INFO LIVE_GAME_RECOVERY match=199 message="正在结束异常炉石进程并重新启动" data={"phase":"launching","attempt":256}
[2026-10-09 03:39:45.974] #314253 INFO LIVE_GAME_RECOVERY match=199 message="正在结束异常炉石进程并重新启动" data={"phase":"launching","attempt":257}
[2026-10-09 03:39:56.149] #314254 INFO LIVE_GAME_RECOVERY match=199 message="正在结束异常炉石进程并重新启动" data={"phase":"launching","attempt":258}
[2026-10-09 03:40:06.281] #314255 INFO LIVE_GAME_RECOVERY match=199 message="正在结束异常炉石进程并重新启动" data={"phase":"launching","attempt":259}
[2026-10-09 03:40:16.440] #314256 INFO LIVE_GAME_RECOVERY match=199 message="正在结束异常炉石进程并重新启动" data={"phase":"launching","attempt":260}
[2026-10-09 03:40:26.574] #314257 INFO LIVE_GAME_RECOVERY match=199 message="正在结束异常炉石进程并重新启动" data={"phase":"launching","attempt":261}
[2026-10-09 03:40:36.743] #314258 INFO LIVE_GAME_RECOVERY match=199 message="正在结束异常炉石进程并重新启动" data={"phase":"launching","attempt":262}
[2026-10-09 03:40:46.879] #314259 INFO LIVE_GAME_RECOVERY match=199 message="正在结束异常炉石进程并重新启动" data={"phase":"launching","attempt":263}
[2026-10-09 03:40:57.030] #314260 INFO LIVE_GAME_RECOVERY match=199 message="正在结束异常炉石进程并重新启动" data={"phase":"launching","attempt":264}
[2026-10-09 03:41:07.172] #314261 INFO LIVE_GAME_RECOVERY match=199 message="正在结束异常炉石进程并重新启动" data={"phase":"launching","attempt":265}
[2026-10-09 03:41:17.335] #314262 INFO LIVE_GAME_RECOVERY match=199 message="正在结束异常炉石进程并重新启动" data={"phase":"launching","attempt":266}
[2026-10-09 03:41:27.478] #314263 INFO LIVE_GAME_RECOVERY match=199 message="正在结束异常炉石进程并重新启动" data={"phase":"launching","attempt":267}
[2026-10-09 03:41:37.634] #314264 INFO LIVE_GAME_RECOVERY match=199 message="正在结束异常炉石进程并重新启动" data={"phase":"launching","attempt":268}
[2026-10-09 03:41:47.782] #314265 INFO LIVE_GAME_RECOVERY match=199 message="正在结束异常炉石进程并重新启动" data={"phase":"launching","attempt":269}
[2026-10-09 03:41:57.965] #314266 INFO LIVE_GAME_RECOVERY match=199 message="正在结束异常炉石进程并重新启动" data={"phase":"launching","attempt":270}
[2026-10-09 03:42:08.124] #314267 INFO LIVE_GAME_RECOVERY match=199 message="正在结束异常炉石进程并重新启动" data={"phase":"launching","attempt":271}
[2026-10-09 03:42:18.314] #314268 INFO LIVE_GAME_RECOVERY match=199 message="正在结束异常炉石进程并重新启动" data={"phase":"launching","attempt":272}
[2026-10-09 03:42:28.470] #314269 INFO LIVE_GAME_RECOVERY match=199 message="正在结束异常炉石进程并重新启动" data={"phase":"launching","attempt":273}
[2026-10-09 03:42:38.646] #314270 INFO LIVE_GAME_RECOVERY match=199 message="正在结束异常炉石进程并重新启动" data={"phase":"launching","attempt":274}
[2026-10-09 03:42:48.794] #314271 INFO LIVE_GAME_RECOVERY match=199 message="正在结束异常炉石进程并重新启动" data={"phase":"launching","attempt":275}
[2026-10-09 03:42:58.942] #314272 INFO LIVE_GAME_RECOVERY match=199 message="正在结束异常炉石进程并重新启动" data={"phase":"launching","attempt":276}
[2026-10-09 03:43:09.092] #314273 INFO LIVE_GAME_RECOVERY match=199 message="正在结束异常炉石进程并重新启动" data={"phase":"launching","attempt":277}
[2026-10-09 03:43:19.245] #314274 INFO LIVE_GAME_RECOVERY match=199 message="正在结束异常炉石进程并重新启动" data={"phase":"launching","attempt":278}
[2026-10-09 03:43:29.387] #314275 INFO LIVE_GAME_RECOVERY match=199 message="正在结束异常炉石进程并重新启动" data={"phase":"launching","attempt":279}
[2026-10-09 03:43:39.562] #314276 INFO LIVE_GAME_RECOVERY match=199 message="正在结束异常炉石进程并重新启动" data={"phase":"launching","attempt":280}
[2026-10-09 03:43:49.690] #314277 INFO LIVE_GAME_RECOVERY match=199 message="正在结束异常炉石进程并重新启动" data={"phase":"launching","attempt":281}
[2026-10-09 03:43:59.837] #314278 INFO LIVE_GAME_RECOVERY match=199 message="正在结束异常炉石进程并重新启动" data={"phase":"launching","attempt":282}
[2026-10-09 03:44:09.981] #314279 INFO LIVE_GAME_RECOVERY match=199 message="正在结束异常炉石进程并重新启动" data={"phase":"launching","attempt":283}
[2026-10-09 03:44:20.101] #314280 INFO LIVE_GAME_RECOVERY match=199 message="正在结束异常炉石进程并重新启动" data={"phase":"launching","attempt":284}
[2026-10-09 03:44:30.231] #314281 INFO LIVE_GAME_RECOVERY match=199 message="正在结束异常炉石进程并重新启动" data={"phase":"launching","attempt":285}
[2026-10-09 03:44:40.365] #314282 INFO LIVE_GAME_RECOVERY match=199 message="正在结束异常炉石进程并重新启动" data={"phase":"launching","attempt":286}
[2026-10-09 03:44:50.497] #314283 INFO LIVE_GAME_RECOVERY match=199 message="正在结束异常炉石进程并重新启动" data={"phase":"launching","attempt":287}
[2026-10-09 03:45:00.661] #314284 INFO LIVE_GAME_RECOVERY match=199 message="正在结束异常炉石进程并重新启动" data={"phase":"launching","attempt":288}
[2026-10-09 03:45:10.833] #314285 INFO LIVE_GAME_RECOVERY match=199 message="正在结束异常炉石进程并重新启动" data={"phase":"launching","attempt":289}
[2026-10-09 03:45:20.987] #314286 INFO LIVE_GAME_RECOVERY match=199 message="正在结束异常炉石进程并重新启动" data={"phase":"launching","attempt":290}
[2026-10-09 03:45:31.144] #314287 INFO LIVE_GAME_RECOVERY match=199 message="正在结束异常炉石进程并重新启动" data={"phase":"launching","attempt":291}
[2026-10-09 03:45:41.322] #314288 INFO LIVE_GAME_RECOVERY match=199 message="正在结束异常炉石进程并重新启动" data={"phase":"launching","attempt":292}
[2026-10-09 03:45:51.494] #314289 INFO LIVE_GAME_RECOVERY match=199 message="正在结束异常炉石进程并重新启动" data={"phase":"launching","attempt":293}
[2026-10-09 03:46:01.636] #314290 INFO LIVE_GAME_RECOVERY match=199 message="正在结束异常炉石进程并重新启动" data={"phase":"launching","attempt":294}
[2026-10-09 03:46:11.811] #314291 INFO LIVE_GAME_RECOVERY match=199 message="正在结束异常炉石进程并重新启动" data={"phase":"launching","attempt":295}
[2026-10-09 03:46:21.980] #314292 INFO LIVE_GAME_RECOVERY match=199 message="正在结束异常炉石进程并重新启动" data={"phase":"launching","attempt":296}
[2026-10-09 03:46:32.131] #314293 INFO LIVE_GAME_RECOVERY match=199 message="正在结束异常炉石进程并重新启动" data={"phase":"launching","attempt":297}
[2026-10-09 03:46:42.278] #314294 INFO LIVE_GAME_RECOVERY match=199 message="正在结束异常炉石进程并重新启动" data={"phase":"launching","attempt":298}
[2026-10-09 03:46:52.453] #314295 INFO LIVE_GAME_RECOVERY match=199 message="正在结束异常炉石进程并重新启动" data={"phase":"launching","attempt":299}
[2026-10-09 03:47:02.629] #314296 INFO LIVE_GAME_RECOVERY match=199 message="正在结束异常炉石进程并重新启动" data={"phase":"launching","attempt":300}
[2026-10-09 03:47:12.769] #314297 INFO LIVE_GAME_RECOVERY match=199 message="正在结束异常炉石进程并重新启动" data={"phase":"launching","attempt":301}
[2026-10-09 03:47:22.925] #314298 INFO LIVE_GAME_RECOVERY match=199 message="正在结束异常炉石进程并重新启动" data={"phase":"launching","attempt":302}
[2026-10-09 03:47:33.062] #314299 INFO LIVE_GAME_RECOVERY match=199 message="正在结束异常炉石进程并重新启动" data={"phase":"launching","attempt":303}
[2026-10-09 03:47:43.223] #314300 INFO LIVE_GAME_RECOVERY match=199 message="正在结束异常炉石进程并重新启动" data={"phase":"launching","attempt":304}
[2026-10-09 03:47:53.377] #314301 INFO LIVE_GAME_RECOVERY match=199 message="正在结束异常炉石进程并重新启动" data={"phase":"launching","attempt":305}
[2026-10-09 03:48:03.518] #314302 INFO LIVE_GAME_RECOVERY match=199 message="正在结束异常炉石进程并重新启动" data={"phase":"launching","attempt":306}
[2026-10-09 03:48:13.681] #314303 INFO LIVE_GAME_RECOVERY match=199 message="正在结束异常炉石进程并重新启动" data={"phase":"launching","attempt":307}
[2026-10-09 03:48:23.821] #314304 INFO LIVE_GAME_RECOVERY match=199 message="正在结束异常炉石进程并重新启动" data={"phase":"launching","attempt":308}
[2026-10-09 03:48:33.982] #314305 INFO LIVE_GAME_RECOVERY match=199 message="正在结束异常炉石进程并重新启动" data={"phase":"launching","attempt":309}
[2026-10-09 03:48:44.162] #314306 INFO LIVE_GAME_RECOVERY match=199 message="正在结束异常炉石进程并重新启动" data={"phase":"launching","attempt":310}
[2026-10-09 03:48:54.324] #314307 INFO LIVE_GAME_RECOVERY match=199 message="正在结束异常炉石进程并重新启动" data={"phase":"launching","attempt":311}
[2026-10-09 03:49:04.483] #314308 INFO LIVE_GAME_RECOVERY match=199 message="正在结束异常炉石进程并重新启动" data={"phase":"launching","attempt":312}
[2026-10-09 03:49:14.641] #314309 INFO LIVE_GAME_RECOVERY match=199 message="正在结束异常炉石进程并重新启动" data={"phase":"launching","attempt":313}
[2026-10-09 03:49:24.817] #314310 INFO LIVE_GAME_RECOVERY match=199 message="正在结束异常炉石进程并重新启动" data={"phase":"launching","attempt":314}
[2026-10-09 03:49:34.955] #314311 INFO LIVE_GAME_RECOVERY match=199 message="正在结束异常炉石进程并重新启动" data={"phase":"launching","attempt":315}
[2026-10-09 03:49:45.113] #314312 INFO LIVE_GAME_RECOVERY match=199 message="正在结束异常炉石进程并重新启动" data={"phase":"launching","attempt":316}
[2026-10-09 03:49:55.284] #314313 INFO LIVE_GAME_RECOVERY match=199 message="正在结束异常炉石进程并重新启动" data={"phase":"launching","attempt":317}
[2026-10-09 03:50:05.455] #314314 INFO LIVE_GAME_RECOVERY match=199 message="正在结束异常炉石进程并重新启动" data={"phase":"launching","attempt":318}
[2026-10-09 03:50:15.623] #314315 INFO LIVE_GAME_RECOVERY match=199 message="正在结束异常炉石进程并重新启动" data={"phase":"launching","attempt":319}
[2026-10-09 03:50:25.767] #314316 INFO LIVE_GAME_RECOVERY match=199 message="正在结束异常炉石进程并重新启动" data={"phase":"launching","attempt":320}
[2026-10-09 03:50:35.933] #314317 INFO LIVE_GAME_RECOVERY match=199 message="正在结束异常炉石进程并重新启动" data={"phase":"launching","attempt":321}
[2026-10-09 03:50:46.087] #314318 INFO LIVE_GAME_RECOVERY match=199 message="正在结束异常炉石进程并重新启动" data={"phase":"launching","attempt":322}
[2026-10-09 03:50:56.240] #314319 INFO LIVE_GAME_RECOVERY match=199 message="正在结束异常炉石进程并重新启动" data={"phase":"launching","attempt":323}
[2026-10-09 03:51:06.375] #314320 INFO LIVE_GAME_RECOVERY match=199 message="正在结束异常炉石进程并重新启动" data={"phase":"launching","attempt":324}
[2026-10-09 03:51:16.547] #314321 INFO LIVE_GAME_RECOVERY match=199 message="正在结束异常炉石进程并重新启动" data={"phase":"launching","attempt":325}
[2026-10-09 03:51:26.685] #314322 INFO LIVE_GAME_RECOVERY match=199 message="正在结束异常炉石进程并重新启动" data={"phase":"launching","attempt":326}
[2026-10-09 03:51:36.876] #314323 INFO LIVE_GAME_RECOVERY match=199 message="正在结束异常炉石进程并重新启动" data={"phase":"launching","attempt":327}
[2026-10-09 03:51:47.029] #314324 INFO LIVE_GAME_RECOVERY match=199 message="正在结束异常炉石进程并重新启动" data={"phase":"launching","attempt":328}
[2026-10-09 03:51:57.182] #314325 INFO LIVE_GAME_RECOVERY match=199 message="正在结束异常炉石进程并重新启动" data={"phase":"launching","attempt":329}
[2026-10-09 03:52:07.346] #314326 INFO LIVE_GAME_RECOVERY match=199 message="正在结束异常炉石进程并重新启动" data={"phase":"launching","attempt":330}
[2026-10-09 03:52:17.499] #314327 INFO LIVE_GAME_RECOVERY match=199 message="正在结束异常炉石进程并重新启动" data={"phase":"launching","attempt":331}
[2026-10-09 03:52:27.636] #314328 INFO LIVE_GAME_RECOVERY match=199 message="正在结束异常炉石进程并重新启动" data={"phase":"launching","attempt":332}
[2026-10-09 03:52:37.802] #314329 INFO LIVE_GAME_RECOVERY match=199 message="正在结束异常炉石进程并重新启动" data={"phase":"launching","attempt":333}
[2026-10-09 03:52:47.971] #314330 INFO LIVE_GAME_RECOVERY match=199 message="正在结束异常炉石进程并重新启动" data={"phase":"launching","attempt":334}
[2026-10-09 03:52:58.150] #314331 INFO LIVE_GAME_RECOVERY match=199 message="正在结束异常炉石进程并重新启动" data={"phase":"launching","attempt":335}
[2026-10-09 03:53:08.288] #314332 INFO LIVE_GAME_RECOVERY match=199 message="正在结束异常炉石进程并重新启动" data={"phase":"launching","attempt":336}
[2026-10-09 03:53:18.435] #314333 INFO LIVE_GAME_RECOVERY match=199 message="正在结束异常炉石进程并重新启动" data={"phase":"launching","attempt":337}
[2026-10-09 03:53:28.600] #314334 INFO LIVE_GAME_RECOVERY match=199 message="正在结束异常炉石进程并重新启动" data={"phase":"launching","attempt":338}
[2026-10-09 03:53:38.772] #314335 INFO LIVE_GAME_RECOVERY match=199 message="正在结束异常炉石进程并重新启动" data={"phase":"launching","attempt":339}
[2026-10-09 03:53:48.939] #314336 INFO LIVE_GAME_RECOVERY match=199 message="正在结束异常炉石进程并重新启动" data={"phase":"launching","attempt":340}
[2026-10-09 03:53:59.108] #314337 INFO LIVE_GAME_RECOVERY match=199 message="正在结束异常炉石进程并重新启动" data={"phase":"launching","attempt":341}
[2026-10-09 03:54:09.248] #314338 INFO LIVE_GAME_RECOVERY match=199 message="正在结束异常炉石进程并重新启动" data={"phase":"launching","attempt":342}
[2026-10-09 03:54:19.386] #314339 INFO LIVE_GAME_RECOVERY match=199 message="正在结束异常炉石进程并重新启动" data={"phase":"launching","attempt":343}
[2026-10-09 03:54:29.544] #314340 INFO LIVE_GAME_RECOVERY match=199 message="正在结束异常炉石进程并重新启动" data={"phase":"launching","attempt":344}
[2026-10-09 03:54:39.696] #314341 INFO LIVE_GAME_RECOVERY match=199 message="正在结束异常炉石进程并重新启动" data={"phase":"launching","attempt":345}
[2026-10-09 03:54:49.832] #314342 INFO LIVE_GAME_RECOVERY match=199 message="正在结束异常炉石进程并重新启动" data={"phase":"launching","attempt":346}
[2026-10-09 03:55:00.013] #314343 INFO LIVE_GAME_RECOVERY match=199 message="正在结束异常炉石进程并重新启动" data={"phase":"launching","attempt":347}
[2026-10-09 03:55:10.175] #314344 INFO LIVE_GAME_RECOVERY match=199 message="正在结束异常炉石进程并重新启动" data={"phase":"launching","attempt":348}
[2026-10-09 03:55:20.369] #314345 INFO LIVE_GAME_RECOVERY match=199 message="正在结束异常炉石进程并重新启动" data={"phase":"launching","attempt":349}
[2026-10-09 03:55:30.512] #314346 INFO LIVE_GAME_RECOVERY match=199 message="正在结束异常炉石进程并重新启动" data={"phase":"launching","attempt":350}
[2026-10-09 03:55:40.667] #314347 INFO LIVE_GAME_RECOVERY match=199 message="正在结束异常炉石进程并重新启动" data={"phase":"launching","attempt":351}
[2026-10-09 03:55:50.795] #314348 INFO LIVE_GAME_RECOVERY match=199 message="正在结束异常炉石进程并重新启动" data={"phase":"launching","attempt":352}
[2026-10-09 03:56:00.943] #314349 INFO LIVE_GAME_RECOVERY match=199 message="正在结束异常炉石进程并重新启动" data={"phase":"launching","attempt":353}
[2026-10-09 03:56:11.093] #314350 INFO LIVE_GAME_RECOVERY match=199 message="正在结束异常炉石进程并重新启动" data={"phase":"launching","attempt":354}
[2026-10-09 03:56:21.257] #314351 INFO LIVE_GAME_RECOVERY match=199 message="正在结束异常炉石进程并重新启动" data={"phase":"launching","attempt":355}
[2026-10-09 03:56:31.425] #314352 INFO LIVE_GAME_RECOVERY match=199 message="正在结束异常炉石进程并重新启动" data={"phase":"launching","attempt":356}
[2026-10-09 03:56:41.595] #314353 INFO LIVE_GAME_RECOVERY match=199 message="正在结束异常炉石进程并重新启动" data={"phase":"launching","attempt":357}
[2026-10-09 03:56:51.741] #314354 INFO LIVE_GAME_RECOVERY match=199 message="正在结束异常炉石进程并重新启动" data={"phase":"launching","attempt":358}
[2026-10-09 03:57:01.912] #314355 INFO LIVE_GAME_RECOVERY match=199 message="正在结束异常炉石进程并重新启动" data={"phase":"launching","attempt":359}
[2026-10-09 03:57:12.061] #314356 INFO LIVE_GAME_RECOVERY match=199 message="正在结束异常炉石进程并重新启动" data={"phase":"launching","attempt":360}
[2026-10-09 03:57:22.228] #314357 INFO LIVE_GAME_RECOVERY match=199 message="正在结束异常炉石进程并重新启动" data={"phase":"launching","attempt":361}
[2026-10-09 03:57:32.382] #314358 INFO LIVE_GAME_RECOVERY match=199 message="正在结束异常炉石进程并重新启动" data={"phase":"launching","attempt":362}
[2026-10-09 03:57:42.539] #314359 INFO LIVE_GAME_RECOVERY match=199 message="正在结束异常炉石进程并重新启动" data={"phase":"launching","attempt":363}
[2026-10-09 03:57:52.707] #314360 INFO LIVE_GAME_RECOVERY match=199 message="正在结束异常炉石进程并重新启动" data={"phase":"launching","attempt":364}
[2026-10-09 03:58:02.835] #314361 INFO LIVE_GAME_RECOVERY match=199 message="正在结束异常炉石进程并重新启动" data={"phase":"launching","attempt":365}
[2026-10-09 03:58:12.973] #314362 INFO LIVE_GAME_RECOVERY match=199 message="正在结束异常炉石进程并重新启动" data={"phase":"launching","attempt":366}
[2026-10-09 03:58:23.139] #314363 INFO LIVE_GAME_RECOVERY match=199 message="正在结束异常炉石进程并重新启动" data={"phase":"launching","attempt":367}
[2026-10-09 03:58:33.305] #314364 INFO LIVE_GAME_RECOVERY match=199 message="正在结束异常炉石进程并重新启动" data={"phase":"launching","attempt":368}
[2026-10-09 03:58:43.460] #314365 INFO LIVE_GAME_RECOVERY match=199 message="正在结束异常炉石进程并重新启动" data={"phase":"launching","attempt":369}
[2026-10-09 03:58:53.626] #314366 INFO LIVE_GAME_RECOVERY match=199 message="正在结束异常炉石进程并重新启动" data={"phase":"launching","attempt":370}
[2026-10-09 03:59:03.792] #314367 INFO LIVE_GAME_RECOVERY match=199 message="正在结束异常炉石进程并重新启动" data={"phase":"launching","attempt":371}
[2026-10-09 03:59:13.964] #314368 INFO LIVE_GAME_RECOVERY match=199 message="正在结束异常炉石进程并重新启动" data={"phase":"launching","attempt":372}
[2026-10-09 03:59:24.116] #314369 INFO LIVE_GAME_RECOVERY match=199 message="正在结束异常炉石进程并重新启动" data={"phase":"launching","attempt":373}
[2026-10-09 03:59:34.250] #314370 INFO LIVE_GAME_RECOVERY match=199 message="正在结束异常炉石进程并重新启动" data={"phase":"launching","attempt":374}
[2026-10-09 03:59:44.403] #314371 INFO LIVE_GAME_RECOVERY match=199 message="正在结束异常炉石进程并重新启动" data={"phase":"launching","attempt":375}
[2026-10-09 03:59:54.543] #314372 INFO LIVE_GAME_RECOVERY match=199 message="正在结束异常炉石进程并重新启动" data={"phase":"launching","attempt":376}
[2026-10-09 04:00:04.705] #314373 INFO LIVE_GAME_RECOVERY match=199 message="正在结束异常炉石进程并重新启动" data={"phase":"launching","attempt":377}
[2026-10-09 04:00:14.841] #314374 INFO LIVE_GAME_RECOVERY match=199 message="正在结束异常炉石进程并重新启动" data={"phase":"launching","attempt":378}
[2026-10-09 04:00:24.978] #314375 INFO LIVE_GAME_RECOVERY match=199 message="正在结束异常炉石进程并重新启动" data={"phase":"launching","attempt":379}
[2026-10-09 04:00:35.139] #314376 INFO LIVE_GAME_RECOVERY match=199 message="正在结束异常炉石进程并重新启动" data={"phase":"launching","attempt":380}
[2026-10-09 04:00:45.293] #314377 INFO LIVE_GAME_RECOVERY match=199 message="正在结束异常炉石进程并重新启动" data={"phase":"launching","attempt":381}
[2026-10-09 04:00:55.415] #314378 INFO LIVE_GAME_RECOVERY match=199 message="正在结束异常炉石进程并重新启动" data={"phase":"launching","attempt":382}
[2026-10-09 04:01:05.555] #314379 INFO LIVE_GAME_RECOVERY match=199 message="正在结束异常炉石进程并重新启动" data={"phase":"launching","attempt":383}
[2026-10-09 04:01:15.728] #314380 INFO LIVE_GAME_RECOVERY match=199 message="正在结束异常炉石进程并重新启动" data={"phase":"launching","attempt":384}
[2026-10-09 04:01:25.859] #314381 INFO LIVE_GAME_RECOVERY match=199 message="正在结束异常炉石进程并重新启动" data={"phase":"launching","attempt":385}
[2026-10-09 04:01:36.013] #314382 INFO LIVE_GAME_RECOVERY match=199 message="正在结束异常炉石进程并重新启动" data={"phase":"launching","attempt":386}
[2026-10-09 04:01:46.173] #314383 INFO LIVE_GAME_RECOVERY match=199 message="正在结束异常炉石进程并重新启动" data={"phase":"launching","attempt":387}
[2026-10-09 04:01:56.339] #314384 INFO LIVE_GAME_RECOVERY match=199 message="正在结束异常炉石进程并重新启动" data={"phase":"launching","attempt":388}
[2026-10-09 04:02:06.487] #314385 INFO LIVE_GAME_RECOVERY match=199 message="正在结束异常炉石进程并重新启动" data={"phase":"launching","attempt":389}
[2026-10-09 04:02:16.665] #314386 INFO LIVE_GAME_RECOVERY match=199 message="正在结束异常炉石进程并重新启动" data={"phase":"launching","attempt":390}
[2026-10-09 04:02:26.794] #314387 INFO LIVE_GAME_RECOVERY match=199 message="正在结束异常炉石进程并重新启动" data={"phase":"launching","attempt":391}
[2026-10-09 04:02:36.941] #314388 INFO LIVE_GAME_RECOVERY match=199 message="正在结束异常炉石进程并重新启动" data={"phase":"launching","attempt":392}
[2026-10-09 04:02:47.105] #314389 INFO LIVE_GAME_RECOVERY match=199 message="正在结束异常炉石进程并重新启动" data={"phase":"launching","attempt":393}
[2026-10-09 04:02:57.264] #314390 INFO LIVE_GAME_RECOVERY match=199 message="正在结束异常炉石进程并重新启动" data={"phase":"launching","attempt":394}
[2026-10-09 04:03:07.391] #314391 INFO LIVE_GAME_RECOVERY match=199 message="正在结束异常炉石进程并重新启动" data={"phase":"launching","attempt":395}
[2026-10-09 04:03:17.562] #314392 INFO LIVE_GAME_RECOVERY match=199 message="正在结束异常炉石进程并重新启动" data={"phase":"launching","attempt":396}
[2026-10-09 04:03:27.724] #314393 INFO LIVE_GAME_RECOVERY match=199 message="正在结束异常炉石进程并重新启动" data={"phase":"launching","attempt":397}
[2026-10-09 04:03:37.902] #314394 INFO LIVE_GAME_RECOVERY match=199 message="正在结束异常炉石进程并重新启动" data={"phase":"launching","attempt":398}
[2026-10-09 04:03:48.053] #314395 INFO LIVE_GAME_RECOVERY match=199 message="正在结束异常炉石进程并重新启动" data={"phase":"launching","attempt":399}
[2026-10-09 04:03:58.196] #314396 INFO LIVE_GAME_RECOVERY match=199 message="正在结束异常炉石进程并重新启动" data={"phase":"launching","attempt":400}
[2026-10-09 04:04:08.345] #314397 INFO LIVE_GAME_RECOVERY match=199 message="正在结束异常炉石进程并重新启动" data={"phase":"launching","attempt":401}
[2026-10-09 04:04:18.472] #314398 INFO LIVE_GAME_RECOVERY match=199 message="正在结束异常炉石进程并重新启动" data={"phase":"launching","attempt":402}
[2026-10-09 04:04:28.614] #314399 INFO LIVE_GAME_RECOVERY match=199 message="正在结束异常炉石进程并重新启动" data={"phase":"launching","attempt":403}
[2026-10-09 04:04:38.757] #314400 INFO LIVE_GAME_RECOVERY match=199 message="正在结束异常炉石进程并重新启动" data={"phase":"launching","attempt":404}
[2026-10-09 04:04:48.909] #314401 INFO LIVE_GAME_RECOVERY match=199 message="正在结束异常炉石进程并重新启动" data={"phase":"launching","attempt":405}
[2026-10-09 04:04:59.046] #314402 INFO LIVE_GAME_RECOVERY match=199 message="正在结束异常炉石进程并重新启动" data={"phase":"launching","attempt":406}
[2026-10-09 04:05:09.208] #314403 INFO LIVE_GAME_RECOVERY match=199 message="正在结束异常炉石进程并重新启动" data={"phase":"launching","attempt":407}
[2026-10-09 04:05:19.369] #314404 INFO LIVE_GAME_RECOVERY match=199 message="正在结束异常炉石进程并重新启动" data={"phase":"launching","attempt":408}
[2026-10-09 04:05:29.530] #314405 INFO LIVE_GAME_RECOVERY match=199 message="正在结束异常炉石进程并重新启动" data={"phase":"launching","attempt":409}
[2026-10-09 04:05:39.699] #314406 INFO LIVE_GAME_RECOVERY match=199 message="正在结束异常炉石进程并重新启动" data={"phase":"launching","attempt":410}
[2026-10-09 04:05:49.867] #314407 INFO LIVE_GAME_RECOVERY match=199 message="正在结束异常炉石进程并重新启动" data={"phase":"launching","attempt":411}
[2026-10-09 04:06:00.051] #314408 INFO LIVE_GAME_RECOVERY match=199 message="正在结束异常炉石进程并重新启动" data={"phase":"launching","attempt":412}
[2026-10-09 04:06:10.207] #314409 INFO LIVE_GAME_RECOVERY match=199 message="正在结束异常炉石进程并重新启动" data={"phase":"launching","attempt":413}
[2026-10-09 04:06:20.395] #314410 INFO LIVE_GAME_RECOVERY match=199 message="正在结束异常炉石进程并重新启动" data={"phase":"launching","attempt":414}
[2026-10-09 04:06:30.599] #314411 INFO LIVE_GAME_RECOVERY match=199 message="正在结束异常炉石进程并重新启动" data={"phase":"launching","attempt":415}
[2026-10-09 04:06:40.740] #314412 INFO LIVE_GAME_RECOVERY match=199 message="正在结束异常炉石进程并重新启动" data={"phase":"launching","attempt":416}
[2026-10-09 04:06:40.763] #314413 INFO CONTEXT automationEpoch="623aaa4c-5ba6-4620-b772-989fd54cdbb2"
[2026-10-09 04:06:40.763] #314414 ERROR CONFIG_CACHE_SAVE_FAILED match=199 message="[错误]  安装路径缓存保存失败，原配置保留；本次使用已发现路径" data={"field":"battleNetClientPath"}
[2026-10-09 04:06:41.827] #314415 INFO CONTEXT session="8e7f0fae-3d14-4057-8435-2b5acaa6298f" gameEpoch="628aa20b-a74f-4d38-8e2b-5fb11e20c4b6" automationEpoch="623aaa4c-5ba6-4620-b772-989fd54cdbb2"
[2026-10-09 04:06:41.827] #314416 INFO FEATURE_EXCEPTION_ARTIFACT_CAPTURED message="[04:06:41]  [功能]  异常现场已归档" detail="directory=Evidence/exceptions/20261009-040640-763-CONFIG_CACHE_SAVE_FAILED-fbcf2699; files=3; images=1"
[2026-10-09 04:06:49.705] #314417 INFO FEATURE_PUSH_SENT message="[04:06:49]  [功能]  异常推送已发送" detail="CONFIG_CACHE_SAVE_FAILED"
[2026-10-09 04:06:50.925] #314418 INFO LIVE_GAME_RECOVERY match=199 message="正在结束异常炉石进程并重新启动" data={"phase":"launching","attempt":417}
[2026-10-09 04:07:01.077] #314419 INFO LIVE_GAME_RECOVERY match=199 message="正在结束异常炉石进程并重新启动" data={"phase":"launching","attempt":418}
[2026-10-09 04:07:11.214] #314420 INFO LIVE_GAME_RECOVERY match=199 message="正在结束异常炉石进程并重新启动" data={"phase":"launching","attempt":419}
[2026-10-09 04:07:21.377] #314421 INFO LIVE_GAME_RECOVERY match=199 message="正在结束异常炉石进程并重新启动" data={"phase":"launching","attempt":420}
[2026-10-09 04:07:31.541] #314422 INFO LIVE_GAME_RECOVERY match=199 message="正在结束异常炉石进程并重新启动" data={"phase":"launching","attempt":421}
[2026-10-09 04:07:41.682] #314423 INFO LIVE_GAME_RECOVERY match=199 message="正在结束异常炉石进程并重新启动" data={"phase":"launching","attempt":422}
[2026-10-09 04:07:51.841] #314424 INFO LIVE_GAME_RECOVERY match=199 message="正在结束异常炉石进程并重新启动" data={"phase":"launching","attempt":423}
[2026-10-09 04:08:01.960] #314425 INFO LIVE_GAME_RECOVERY match=199 message="正在结束异常炉石进程并重新启动" data={"phase":"launching","attempt":424}
[2026-10-09 04:08:12.128] #314426 INFO LIVE_GAME_RECOVERY match=199 message="正在结束异常炉石进程并重新启动" data={"phase":"launching","attempt":425}
[2026-10-09 04:08:22.290] #314427 INFO LIVE_GAME_RECOVERY match=199 message="正在结束异常炉石进程并重新启动" data={"phase":"launching","attempt":426}
[2026-10-09 04:08:32.439] #314428 INFO LIVE_GAME_RECOVERY match=199 message="正在结束异常炉石进程并重新启动" data={"phase":"launching","attempt":427}
[2026-10-09 04:08:42.636] #314429 INFO LIVE_GAME_RECOVERY match=199 message="正在结束异常炉石进程并重新启动" data={"phase":"launching","attempt":428}
[2026-10-09 04:08:52.776] #314430 INFO LIVE_GAME_RECOVERY match=199 message="正在结束异常炉石进程并重新启动" data={"phase":"launching","attempt":429}
[2026-10-09 04:09:02.943] #314431 INFO LIVE_GAME_RECOVERY match=199 message="正在结束异常炉石进程并重新启动" data={"phase":"launching","attempt":430}
[2026-10-09 04:09:13.096] #314432 INFO LIVE_GAME_RECOVERY match=199 message="正在结束异常炉石进程并重新启动" data={"phase":"launching","attempt":431}
[2026-10-09 04:09:23.228] #314433 INFO LIVE_GAME_RECOVERY match=199 message="正在结束异常炉石进程并重新启动" data={"phase":"launching","attempt":432}
[2026-10-09 04:09:33.351] #314434 INFO LIVE_GAME_RECOVERY match=199 message="正在结束异常炉石进程并重新启动" data={"phase":"launching","attempt":433}
[2026-10-09 04:09:43.481] #314435 INFO LIVE_GAME_RECOVERY match=199 message="正在结束异常炉石进程并重新启动" data={"phase":"launching","attempt":434}
[2026-10-09 04:09:53.641] #314436 INFO LIVE_GAME_RECOVERY match=199 message="正在结束异常炉石进程并重新启动" data={"phase":"launching","attempt":435}
[2026-10-09 04:10:03.799] #314437 INFO LIVE_GAME_RECOVERY match=199 message="正在结束异常炉石进程并重新启动" data={"phase":"launching","attempt":436}
[2026-10-09 04:10:13.949] #314438 INFO LIVE_GAME_RECOVERY match=199 message="正在结束异常炉石进程并重新启动" data={"phase":"launching","attempt":437}
[2026-10-09 04:10:24.111] #314439 INFO LIVE_GAME_RECOVERY match=199 message="正在结束异常炉石进程并重新启动" data={"phase":"launching","attempt":438}
[2026-10-09 04:10:34.278] #314440 INFO LIVE_GAME_RECOVERY match=199 message="正在结束异常炉石进程并重新启动" data={"phase":"launching","attempt":439}
[2026-10-09 04:10:44.439] #314441 INFO LIVE_GAME_RECOVERY match=199 message="正在结束异常炉石进程并重新启动" data={"phase":"launching","attempt":440}
[2026-10-09 04:10:54.595] #314442 INFO LIVE_GAME_RECOVERY match=199 message="正在结束异常炉石进程并重新启动" data={"phase":"launching","attempt":441}
[2026-10-09 04:11:04.752] #314443 INFO LIVE_GAME_RECOVERY match=199 message="正在结束异常炉石进程并重新启动" data={"phase":"launching","attempt":442}
[2026-10-09 04:11:14.910] #314444 INFO LIVE_GAME_RECOVERY match=199 message="正在结束异常炉石进程并重新启动" data={"phase":"launching","attempt":443}
[2026-10-09 04:11:25.032] #314445 INFO LIVE_GAME_RECOVERY match=199 message="正在结束异常炉石进程并重新启动" data={"phase":"launching","attempt":444}
[2026-10-09 04:11:35.184] #314446 INFO LIVE_GAME_RECOVERY match=199 message="正在结束异常炉石进程并重新启动" data={"phase":"launching","attempt":445}
[2026-10-09 04:11:45.358] #314447 INFO LIVE_GAME_RECOVERY match=199 message="正在结束异常炉石进程并重新启动" data={"phase":"launching","attempt":446}
[2026-10-09 04:11:55.504] #314448 INFO LIVE_GAME_RECOVERY match=199 message="正在结束异常炉石进程并重新启动" data={"phase":"launching","attempt":447}
[2026-10-09 04:12:05.653] #314449 INFO LIVE_GAME_RECOVERY match=199 message="正在结束异常炉石进程并重新启动" data={"phase":"launching","attempt":448}
[2026-10-09 04:12:15.823] #314450 INFO LIVE_GAME_RECOVERY match=199 message="正在结束异常炉石进程并重新启动" data={"phase":"launching","attempt":449}
[2026-10-09 04:12:26.004] #314451 INFO LIVE_GAME_RECOVERY match=199 message="正在结束异常炉石进程并重新启动" data={"phase":"launching","attempt":450}
[2026-10-09 04:12:36.168] #314452 INFO LIVE_GAME_RECOVERY match=199 message="正在结束异常炉石进程并重新启动" data={"phase":"launching","attempt":451}
[2026-10-09 04:12:46.306] #314453 INFO LIVE_GAME_RECOVERY match=199 message="正在结束异常炉石进程并重新启动" data={"phase":"launching","attempt":452}
[2026-10-09 04:12:56.475] #314454 INFO LIVE_GAME_RECOVERY match=199 message="正在结束异常炉石进程并重新启动" data={"phase":"launching","attempt":453}
[2026-10-09 04:13:06.647] #314455 INFO LIVE_GAME_RECOVERY match=199 message="正在结束异常炉石进程并重新启动" data={"phase":"launching","attempt":454}
[2026-10-09 04:13:16.786] #314456 INFO LIVE_GAME_RECOVERY match=199 message="正在结束异常炉石进程并重新启动" data={"phase":"launching","attempt":455}
[2026-10-09 04:13:26.952] #314457 INFO LIVE_GAME_RECOVERY match=199 message="正在结束异常炉石进程并重新启动" data={"phase":"launching","attempt":456}
[2026-10-09 04:13:37.107] #314458 INFO LIVE_GAME_RECOVERY match=199 message="正在结束异常炉石进程并重新启动" data={"phase":"launching","attempt":457}
[2026-10-09 04:13:47.264] #314459 INFO LIVE_GAME_RECOVERY match=199 message="正在结束异常炉石进程并重新启动" data={"phase":"launching","attempt":458}
[2026-10-09 04:13:57.426] #314460 INFO LIVE_GAME_RECOVERY match=199 message="正在结束异常炉石进程并重新启动" data={"phase":"launching","attempt":459}
[2026-10-09 04:14:07.576] #314461 INFO LIVE_GAME_RECOVERY match=199 message="正在结束异常炉石进程并重新启动" data={"phase":"launching","attempt":460}
[2026-10-09 04:14:17.720] #314462 INFO LIVE_GAME_RECOVERY match=199 message="正在结束异常炉石进程并重新启动" data={"phase":"launching","attempt":461}
[2026-10-09 04:14:27.863] #314463 INFO LIVE_GAME_RECOVERY match=199 message="正在结束异常炉石进程并重新启动" data={"phase":"launching","attempt":462}
[2026-10-09 04:14:38.025] #314464 INFO LIVE_GAME_RECOVERY match=199 message="正在结束异常炉石进程并重新启动" data={"phase":"launching","attempt":463}
[2026-10-09 04:14:48.208] #314465 INFO LIVE_GAME_RECOVERY match=199 message="正在结束异常炉石进程并重新启动" data={"phase":"launching","attempt":464}
[2026-10-09 04:14:58.373] #314466 INFO LIVE_GAME_RECOVERY match=199 message="正在结束异常炉石进程并重新启动" data={"phase":"launching","attempt":465}
[2026-10-09 04:15:08.541] #314467 INFO LIVE_GAME_RECOVERY match=199 message="正在结束异常炉石进程并重新启动" data={"phase":"launching","attempt":466}
[2026-10-09 04:15:18.693] #314468 INFO LIVE_GAME_RECOVERY match=199 message="正在结束异常炉石进程并重新启动" data={"phase":"launching","attempt":467}
[2026-10-09 04:15:28.835] #314469 INFO LIVE_GAME_RECOVERY match=199 message="正在结束异常炉石进程并重新启动" data={"phase":"launching","attempt":468}
[2026-10-09 04:15:38.993] #314470 INFO LIVE_GAME_RECOVERY match=199 message="正在结束异常炉石进程并重新启动" data={"phase":"launching","attempt":469}
[2026-10-09 04:15:39.011] #314471 INFO CONTEXT automationEpoch="623aaa4c-5ba6-4620-b772-989fd54cdbb2"
[2026-10-09 04:15:39.011] #314472 ERROR CONFIG_CACHE_SAVE_FAILED match=199 message="[错误]  安装路径缓存保存失败，原配置保留；本次使用已发现路径" data={"field":"battleNetClientPath"}
