capturedAtUtc=2026-10-08T20:06:40.9233046+00:00
eventName=CONFIG_CACHE_SAVE_FAILED
summary=[错误]  安装路径缓存保存失败，原配置保留；本次使用已发现路径
technicalDetail=System.IO.IOException: 无法删除要被替换的文件。
   at HSLaunch.Installation.CoreConfigurationFile.Update(String path, Action`1 update)
   at HSLaunch.Mvp.Program.RememberDiscoveredPath(MvpConfiguration config, String name, String path)
config.stage=replace; config.hresult=0x80070497; config.path=D:\HearthPilot\config\mvp.json; config.originalState=unchanged; config.exists=True; config.attributes=Archive; config.storageDiagnostics={"schema":1,"observedAtUtc":"2026-10-08T20:06:40.7515342+00:00","process":{"status":"ok","value":{"pid":4740,"name":"VC_redist.x86","path":"D:\\HearthPilot\\temp\\run-qhj8cM714leDWCDjOO6z\\VC_redist.x86.exe","startedAtUtc":"2026-10-08T00:52:53.572305Z","runtimePath":"D:\\HearthPilot\\temp\\run-qhj8cM714leDWCDjOO6z\\HearthPilot.Runtime.dll","runtimeMvid":"88c89d6d-5e5f-4c2b-b13e-f610cfbaa4e5","os":"Microsoft Windows 10.0.26200","framework":".NET 8.0.31"}},"target":{"path":"D:\\HearthPilot\\config\\mvp.json","metadata":{"status":"ok","value":{"length":3254,"attributes":"Archive","createdAtUtc":"2026-08-18T10:11:26.2909729Z","writtenAtUtc":"2026-10-08T20:06:30.605493Z"}},"security":{"status":"ok","value":"O:BAD:AI(A;;FA;;;BA)(A;ID;0x1301bf;;;S-1-5-21-4289986086-1019036309-384907593-1006)(A;ID;0x1301bf;;;S-1-5-21-1112702472-294033110-943793086-1202962067)(A;ID;0x110156;;;S-1-4-293348679-251070228)(A;ID;0x1301bf;;;S-1-5-21-4289986086-1019036309-384907593-1003)(A;ID;0x1301bf;;;S-1-5-21-994816172-3973745014-2537952669-4065088193)(A;ID;FA;;;BA)(A;ID;FA;;;SY)(A;ID;0x1301bf;;;AU)(A;ID;0x1200a9;;;BU)"}},"candidate":{"path":"D:\\HearthPilot\\config\\mvp.json.225205ec2df54b9c81a6df949d69e964.tmp","metadata":{"status":"ok","value":{"length":3254,"attributes":"Archive","createdAtUtc":"2026-08-18T10:11:26.2909729Z","writtenAtUtc":"2026-10-08T20:06:40.7468996Z"}},"security":{"status":"ok","value":"O:BAD:AI(A;;FA;;;BA)(A;ID;0x1301bf;;;S-1-5-21-4289986086-1019036309-384907593-1006)(A;ID;0x1301bf;;;S-1-5-21-1112702472-294033110-943793086-1202962067)(A;ID;0x110156;;;S-1-4-293348679-251070228)(A;ID;0x1301bf;;;S-1-5-21-4289986086-1019036309-384907593-1003)(A;ID;0x1301bf;;;S-1-5-21-994816172-3973745014-2537952669-4065088193)(A;ID;FA;;;BA)(A;ID;FA;;;SY)(A;ID;0x1301bf;;;AU)(A;ID;0x1200a9;;;BU)"}},"directorySecurity":{"status":"ok","value":"O:S-1-5-21-4289986086-1019036309-384907593-1001D:AI(A;OICIID;0x1301bf;;;S-1-5-21-4289986086-1019036309-384907593-1006)(A;OICIID;0x1301bf;;;S-1-5-21-1112702472-294033110-943793086-1202962067)(A;OICIID;0x110156;;;S-1-4-293348679-251070228)(A;OICIID;0x1301bf;;;S-1-5-21-4289986086-1019036309-384907593-1003)(A;OICIID;0x1301bf;;;S-1-5-21-994816172-3973745014-2537952669-4065088193)(A;ID;FA;;;BA)(A;OICIIOID;GA;;;BA)(A;ID;FA;;;SY)(A;OICIIOID;GA;;;SY)(A;ID;0x1301bf;;;AU)(A;OICIIOID;SDGXGWGR;;;AU)(A;ID;0x1200a9;;;BU)(A;OICIIOID;GXGR;;;BU)"},"token":{"status":"ok","value":{"userSid":"S-1-5-21-4289986086-1019036309-384907593-1001","impersonation":"None","elevated":true,"elevationError":0}},"access":{"status":"ok","value":{"read":{"opened":true,"win32Error":0},"write":{"opened":true,"win32Error":0},"delete":{"opened":true,"win32Error":0},"readControl":{"opened":true,"win32Error":0}}},"holders":{"status":"ok","value":{"result":{"stage":"list","win32Error":0,"needed":0,"rebootReasons":0,"processes":[]},"endSessionError":0}},"elapsedMilliseconds":11}; config.temporaryExists=False
turn=-1
actionId=0
--- launcher log tail ---
[2026-10-09 03:26:33.547] #314175 INFO LIVE_GAME_RECOVERY match=199 message="正在结束异常炉石进程并重新启动" data={"phase":"launching","attempt":179}
[2026-10-09 03:26:43.691] #314176 INFO LIVE_GAME_RECOVERY match=199 message="正在结束异常炉石进程并重新启动" data={"phase":"launching","attempt":180}
[2026-10-09 03:26:53.831] #314177 INFO LIVE_GAME_RECOVERY match=199 message="正在结束异常炉石进程并重新启动" data={"phase":"launching","attempt":181}
[2026-10-09 03:27:03.997] #314178 INFO LIVE_GAME_RECOVERY match=199 message="正在结束异常炉石进程并重新启动" data={"phase":"launching","attempt":182}
[2026-10-09 03:27:14.147] #314179 INFO LIVE_GAME_RECOVERY match=199 message="正在结束异常炉石进程并重新启动" data={"phase":"launching","attempt":183}
[2026-10-09 03:27:24.316] #314180 INFO LIVE_GAME_RECOVERY match=199 message="正在结束异常炉石进程并重新启动" data={"phase":"launching","attempt":184}
[2026-10-09 03:27:34.481] #314181 INFO LIVE_GAME_RECOVERY match=199 message="正在结束异常炉石进程并重新启动" data={"phase":"launching","attempt":185}
[2026-10-09 03:27:44.643] #314182 INFO LIVE_GAME_RECOVERY match=199 message="正在结束异常炉石进程并重新启动" data={"phase":"launching","attempt":186}
[2026-10-09 03:27:54.786] #314183 INFO LIVE_GAME_RECOVERY match=199 message="正在结束异常炉石进程并重新启动" data={"phase":"launching","attempt":187}
[2026-10-09 03:28:04.976] #314184 INFO LIVE_GAME_RECOVERY match=199 message="正在结束异常炉石进程并重新启动" data={"phase":"launching","attempt":188}
[2026-10-09 03:28:15.144] #314185 INFO LIVE_GAME_RECOVERY match=199 message="正在结束异常炉石进程并重新启动" data={"phase":"launching","attempt":189}
[2026-10-09 03:28:25.326] #314186 INFO LIVE_GAME_RECOVERY match=199 message="正在结束异常炉石进程并重新启动" data={"phase":"launching","attempt":190}
[2026-10-09 03:28:35.497] #314187 INFO LIVE_GAME_RECOVERY match=199 message="正在结束异常炉石进程并重新启动" data={"phase":"launching","attempt":191}
[2026-10-09 03:28:45.645] #314188 INFO LIVE_GAME_RECOVERY match=199 message="正在结束异常炉石进程并重新启动" data={"phase":"launching","attempt":192}
[2026-10-09 03:28:55.812] #314189 INFO LIVE_GAME_RECOVERY match=199 message="正在结束异常炉石进程并重新启动" data={"phase":"launching","attempt":193}
[2026-10-09 03:29:06.006] #314190 INFO LIVE_GAME_RECOVERY match=199 message="正在结束异常炉石进程并重新启动" data={"phase":"launching","attempt":194}
[2026-10-09 03:29:16.172] #314191 INFO LIVE_GAME_RECOVERY match=199 message="正在结束异常炉石进程并重新启动" data={"phase":"launching","attempt":195}
[2026-10-09 03:29:26.341] #314192 INFO LIVE_GAME_RECOVERY match=199 message="正在结束异常炉石进程并重新启动" data={"phase":"launching","attempt":196}
[2026-10-09 03:29:36.506] #314193 INFO LIVE_GAME_RECOVERY match=199 message="正在结束异常炉石进程并重新启动" data={"phase":"launching","attempt":197}
[2026-10-09 03:29:46.663] #314194 INFO LIVE_GAME_RECOVERY match=199 message="正在结束异常炉石进程并重新启动" data={"phase":"launching","attempt":198}
[2026-10-09 03:29:56.828] #314195 INFO LIVE_GAME_RECOVERY match=199 message="正在结束异常炉石进程并重新启动" data={"phase":"launching","attempt":199}
[2026-10-09 03:30:06.970] #314196 INFO LIVE_GAME_RECOVERY match=199 message="正在结束异常炉石进程并重新启动" data={"phase":"launching","attempt":200}
[2026-10-09 03:30:17.145] #314197 INFO LIVE_GAME_RECOVERY match=199 message="正在结束异常炉石进程并重新启动" data={"phase":"launching","attempt":201}
[2026-10-09 03:30:27.284] #314198 INFO LIVE_GAME_RECOVERY match=199 message="正在结束异常炉石进程并重新启动" data={"phase":"launching","attempt":202}
[2026-10-09 03:30:37.455] #314199 INFO LIVE_GAME_RECOVERY match=199 message="正在结束异常炉石进程并重新启动" data={"phase":"launching","attempt":203}
[2026-10-09 03:30:47.617] #314200 INFO LIVE_GAME_RECOVERY match=199 message="正在结束异常炉石进程并重新启动" data={"phase":"launching","attempt":204}
[2026-10-09 03:30:57.787] #314201 INFO LIVE_GAME_RECOVERY match=199 message="正在结束异常炉石进程并重新启动" data={"phase":"launching","attempt":205}
[2026-10-09 03:31:07.928] #314202 INFO LIVE_GAME_RECOVERY match=199 message="正在结束异常炉石进程并重新启动" data={"phase":"launching","attempt":206}
[2026-10-09 03:31:18.095] #314203 INFO LIVE_GAME_RECOVERY match=199 message="正在结束异常炉石进程并重新启动" data={"phase":"launching","attempt":207}
[2026-10-09 03:31:28.272] #314204 INFO LIVE_GAME_RECOVERY match=199 message="正在结束异常炉石进程并重新启动" data={"phase":"launching","attempt":208}
[2026-10-09 03:31:38.418] #314205 INFO LIVE_GAME_RECOVERY match=199 message="正在结束异常炉石进程并重新启动" data={"phase":"launching","attempt":209}
[2026-10-09 03:31:48.551] #314206 INFO LIVE_GAME_RECOVERY match=199 message="正在结束异常炉石进程并重新启动" data={"phase":"launching","attempt":210}
[2026-10-09 03:31:58.720] #314207 INFO LIVE_GAME_RECOVERY match=199 message="正在结束异常炉石进程并重新启动" data={"phase":"launching","attempt":211}
[2026-10-09 03:32:08.891] #314208 INFO LIVE_GAME_RECOVERY match=199 message="正在结束异常炉石进程并重新启动" data={"phase":"launching","attempt":212}
[2026-10-09 03:32:19.027] #314209 INFO LIVE_GAME_RECOVERY match=199 message="正在结束异常炉石进程并重新启动" data={"phase":"launching","attempt":213}
[2026-10-09 03:32:29.198] #314210 INFO LIVE_GAME_RECOVERY match=199 message="正在结束异常炉石进程并重新启动" data={"phase":"launching","attempt":214}
[2026-10-09 03:32:39.361] #314211 INFO LIVE_GAME_RECOVERY match=199 message="正在结束异常炉石进程并重新启动" data={"phase":"launching","attempt":215}
[2026-10-09 03:32:49.512] #314212 INFO LIVE_GAME_RECOVERY match=199 message="正在结束异常炉石进程并重新启动" data={"phase":"launching","attempt":216}
[2026-10-09 03:32:59.658] #314213 INFO LIVE_GAME_RECOVERY match=199 message="正在结束异常炉石进程并重新启动" data={"phase":"launching","attempt":217}
[2026-10-09 03:33:09.831] #314214 INFO LIVE_GAME_RECOVERY match=199 message="正在结束异常炉石进程并重新启动" data={"phase":"launching","attempt":218}
[2026-10-09 03:33:20.006] #314215 INFO LIVE_GAME_RECOVERY match=199 message="正在结束异常炉石进程并重新启动" data={"phase":"launching","attempt":219}
[2026-10-09 03:33:30.162] #314216 INFO LIVE_GAME_RECOVERY match=199 message="正在结束异常炉石进程并重新启动" data={"phase":"launching","attempt":220}
[2026-10-09 03:33:40.329] #314217 INFO LIVE_GAME_RECOVERY match=199 message="正在结束异常炉石进程并重新启动" data={"phase":"launching","attempt":221}
[2026-10-09 03:33:50.503] #314218 INFO LIVE_GAME_RECOVERY match=199 message="正在结束异常炉石进程并重新启动" data={"phase":"launching","attempt":222}
[2026-10-09 03:34:00.640] #314219 INFO LIVE_GAME_RECOVERY match=199 message="正在结束异常炉石进程并重新启动" data={"phase":"launching","attempt":223}
[2026-10-09 03:34:10.766] #314220 INFO LIVE_GAME_RECOVERY match=199 message="正在结束异常炉石进程并重新启动" data={"phase":"launching","attempt":224}
[2026-10-09 03:34:20.953] #314221 INFO LIVE_GAME_RECOVERY match=199 message="正在结束异常炉石进程并重新启动" data={"phase":"launching","attempt":225}
[2026-10-09 03:34:31.101] #314222 INFO LIVE_GAME_RECOVERY match=199 message="正在结束异常炉石进程并重新启动" data={"phase":"launching","attempt":226}
[2026-10-09 03:34:41.243] #314223 INFO LIVE_GAME_RECOVERY match=199 message="正在结束异常炉石进程并重新启动" data={"phase":"launching","attempt":227}
[2026-10-09 03:34:51.403] #314224 INFO LIVE_GAME_RECOVERY match=199 message="正在结束异常炉石进程并重新启动" data={"phase":"launching","attempt":228}
[2026-10-09 03:35:01.553] #314225 INFO LIVE_GAME_RECOVERY match=199 message="正在结束异常炉石进程并重新启动" data={"phase":"launching","attempt":229}
[2026-10-09 03:35:11.720] #314226 INFO LIVE_GAME_RECOVERY match=199 message="正在结束异常炉石进程并重新启动" data={"phase":"launching","attempt":230}
[2026-10-09 03:35:21.881] #314227 INFO LIVE_GAME_RECOVERY match=199 message="正在结束异常炉石进程并重新启动" data={"phase":"launching","attempt":231}
[2026-10-09 03:35:32.053] #314228 INFO LIVE_GAME_RECOVERY match=199 message="正在结束异常炉石进程并重新启动" data={"phase":"launching","attempt":232}
[2026-10-09 03:35:42.215] #314229 INFO LIVE_GAME_RECOVERY match=199 message="正在结束异常炉石进程并重新启动" data={"phase":"launching","attempt":233}
[2026-10-09 03:35:52.378] #314230 INFO LIVE_GAME_RECOVERY match=199 message="正在结束异常炉石进程并重新启动" data={"phase":"launching","attempt":234}
[2026-10-09 03:36:02.534] #314231 INFO LIVE_GAME_RECOVERY match=199 message="正在结束异常炉石进程并重新启动" data={"phase":"launching","attempt":235}
[2026-10-09 03:36:12.687] #314232 INFO LIVE_GAME_RECOVERY match=199 message="正在结束异常炉石进程并重新启动" data={"phase":"launching","attempt":236}
[2026-10-09 03:36:22.854] #314233 INFO LIVE_GAME_RECOVERY match=199 message="正在结束异常炉石进程并重新启动" data={"phase":"launching","attempt":237}
[2026-10-09 03:36:33.002] #314234 INFO LIVE_GAME_RECOVERY match=199 message="正在结束异常炉石进程并重新启动" data={"phase":"launching","attempt":238}
[2026-10-09 03:36:43.156] #314235 INFO LIVE_GAME_RECOVERY match=199 message="正在结束异常炉石进程并重新启动" data={"phase":"launching","attempt":239}
[2026-10-09 03:36:53.312] #314236 INFO LIVE_GAME_RECOVERY match=199 message="正在结束异常炉石进程并重新启动" data={"phase":"launching","attempt":240}
[2026-10-09 03:37:03.458] #314237 INFO LIVE_GAME_RECOVERY match=199 message="正在结束异常炉石进程并重新启动" data={"phase":"launching","attempt":241}
[2026-10-09 03:37:13.587] #314238 INFO LIVE_GAME_RECOVERY match=199 message="正在结束异常炉石进程并重新启动" data={"phase":"launching","attempt":242}
[2026-10-09 03:37:23.738] #314239 INFO LIVE_GAME_RECOVERY match=199 message="正在结束异常炉石进程并重新启动" data={"phase":"launching","attempt":243}
[2026-10-09 03:37:33.930] #314240 INFO LIVE_GAME_RECOVERY match=199 message="正在结束异常炉石进程并重新启动" data={"phase":"launching","attempt":244}
[2026-10-09 03:37:44.058] #314241 INFO LIVE_GAME_RECOVERY match=199 message="正在结束异常炉石进程并重新启动" data={"phase":"launching","attempt":245}
[2026-10-09 03:37:54.243] #314242 INFO LIVE_GAME_RECOVERY match=199 message="正在结束异常炉石进程并重新启动" data={"phase":"launching","attempt":246}
[2026-10-09 03:38:04.404] #314243 INFO LIVE_GAME_RECOVERY match=199 message="正在结束异常炉石进程并重新启动" data={"phase":"launching","attempt":247}
[2026-10-09 03:38:14.554] #314244 INFO LIVE_GAME_RECOVERY match=199 message="正在结束异常炉石进程并重新启动" data={"phase":"launching","attempt":248}
[2026-10-09 03:38:24.740] #314245 INFO LIVE_GAME_RECOVERY match=199 message="正在结束异常炉石进程并重新启动" data={"phase":"launching","attempt":249}
[2026-10-09 03:38:34.905] #314246 INFO LIVE_GAME_RECOVERY match=199 message="正在结束异常炉石进程并重新启动" data={"phase":"launching","attempt":250}
[2026-10-09 03:38:45.064] #314247 INFO LIVE_GAME_RECOVERY match=199 message="正在结束异常炉石进程并重新启动" data={"phase":"launching","attempt":251}
[2026-10-09 03:38:55.204] #314248 INFO LIVE_GAME_RECOVERY match=199 message="正在结束异常炉石进程并重新启动" data={"phase":"launching","attempt":252}
[2026-10-09 03:39:05.380] #314249 INFO LIVE_GAME_RECOVERY match=199 message="正在结束异常炉石进程并重新启动" data={"phase":"launching","attempt":253}
[2026-10-09 03:39:15.530] #314250 INFO LIVE_GAME_RECOVERY match=199 message="正在结束异常炉石进程并重新启动" data={"phase":"launching","attempt":254}
[2026-10-09 03:39:25.674] #314251 INFO LIVE_GAME_RECOVERY match=199 message="正在结束异常炉石进程并重新启动" data={"phase":"launching","attempt":255}
[2026-10-09 03:39:35.806] #314252 INFO LIVE_GAME_RECOVERY match=199 message="正在结束异常炉石进程并重新启动" data={"phase":"launching","attempt":256}
[2026-10-09 03:39:45.974] #314253 INFO LIVE_GAME_RECOVERY match=199 message="正在结束异常炉石进程并重新启动" data={"phase":"launching","attempt":257}
[2026-10-09 03:39:56.149] #314254 INFO LIVE_GAME_RECOVERY match=199 message="正在结束异常炉石进程并重新启动" data={"phase":"launching","attempt":258}
[2026-10-09 03:40:06.281] #314255 INFO LIVE_GAME_RECOVERY match=199 message="正在结束异常炉石进程并重新启动" data={"phase":"launching","attempt":259}
[2026-10-09 03:40:16.440] #314256 INFO LIVE_GAME_RECOVERY match=199 message="正在结束异常炉石进程并重新启动" data={"phase":"launching","attempt":260}
[2026-10-09 03:40:26.574] #314257 INFO LIVE_GAME_RECOVERY match=199 message="正在结束异常炉石进程并重新启动" data={"phase":"launching","attempt":261}
[2026-10-09 03:40:36.743] #314258 INFO LIVE_GAME_RECOVERY match=199 message="正在结束异常炉石进程并重新启动" data={"phase":"launching","attempt":262}
[2026-10-09 03:40:46.879] #314259 INFO LIVE_GAME_RECOVERY match=199 message="正在结束异常炉石进程并重新启动" data={"phase":"launching","attempt":263}
[2026-10-09 03:40:57.030] #314260 INFO LIVE_GAME_RECOVERY match=199 message="正在结束异常炉石进程并重新启动" data={"phase":"launching","attempt":264}
[2026-10-09 03:41:07.172] #314261 INFO LIVE_GAME_RECOVERY match=199 message="正在结束异常炉石进程并重新启动" data={"phase":"launching","attempt":265}
[2026-10-09 03:41:17.335] #314262 INFO LIVE_GAME_RECOVERY match=199 message="正在结束异常炉石进程并重新启动" data={"phase":"launching","attempt":266}
[2026-10-09 03:41:27.478] #314263 INFO LIVE_GAME_RECOVERY match=199 message="正在结束异常炉石进程并重新启动" data={"phase":"launching","attempt":267}
[2026-10-09 03:41:37.634] #314264 INFO LIVE_GAME_RECOVERY match=199 message="正在结束异常炉石进程并重新启动" data={"phase":"launching","attempt":268}
[2026-10-09 03:41:47.782] #314265 INFO LIVE_GAME_RECOVERY match=199 message="正在结束异常炉石进程并重新启动" data={"phase":"launching","attempt":269}
[2026-10-09 03:41:57.965] #314266 INFO LIVE_GAME_RECOVERY match=199 message="正在结束异常炉石进程并重新启动" data={"phase":"launching","attempt":270}
[2026-10-09 03:42:08.124] #314267 INFO LIVE_GAME_RECOVERY match=199 message="正在结束异常炉石进程并重新启动" data={"phase":"launching","attempt":271}
[2026-10-09 03:42:18.314] #314268 INFO LIVE_GAME_RECOVERY match=199 message="正在结束异常炉石进程并重新启动" data={"phase":"launching","attempt":272}
[2026-10-09 03:42:28.470] #314269 INFO LIVE_GAME_RECOVERY match=199 message="正在结束异常炉石进程并重新启动" data={"phase":"launching","attempt":273}
[2026-10-09 03:42:38.646] #314270 INFO LIVE_GAME_RECOVERY match=199 message="正在结束异常炉石进程并重新启动" data={"phase":"launching","attempt":274}
[2026-10-09 03:42:48.794] #314271 INFO LIVE_GAME_RECOVERY match=199 message="正在结束异常炉石进程并重新启动" data={"phase":"launching","attempt":275}
[2026-10-09 03:42:58.942] #314272 INFO LIVE_GAME_RECOVERY match=199 message="正在结束异常炉石进程并重新启动" data={"phase":"launching","attempt":276}
[2026-10-09 03:43:09.092] #314273 INFO LIVE_GAME_RECOVERY match=199 message="正在结束异常炉石进程并重新启动" data={"phase":"launching","attempt":277}
[2026-10-09 03:43:19.245] #314274 INFO LIVE_GAME_RECOVERY match=199 message="正在结束异常炉石进程并重新启动" data={"phase":"launching","attempt":278}
[2026-10-09 03:43:29.387] #314275 INFO LIVE_GAME_RECOVERY match=199 message="正在结束异常炉石进程并重新启动" data={"phase":"launching","attempt":279}
[2026-10-09 03:43:39.562] #314276 INFO LIVE_GAME_RECOVERY match=199 message="正在结束异常炉石进程并重新启动" data={"phase":"launching","attempt":280}
[2026-10-09 03:43:49.690] #314277 INFO LIVE_GAME_RECOVERY match=199 message="正在结束异常炉石进程并重新启动" data={"phase":"launching","attempt":281}
[2026-10-09 03:43:59.837] #314278 INFO LIVE_GAME_RECOVERY match=199 message="正在结束异常炉石进程并重新启动" data={"phase":"launching","attempt":282}
[2026-10-09 03:44:09.981] #314279 INFO LIVE_GAME_RECOVERY match=199 message="正在结束异常炉石进程并重新启动" data={"phase":"launching","attempt":283}
[2026-10-09 03:44:20.101] #314280 INFO LIVE_GAME_RECOVERY match=199 message="正在结束异常炉石进程并重新启动" data={"phase":"launching","attempt":284}
[2026-10-09 03:44:30.231] #314281 INFO LIVE_GAME_RECOVERY match=199 message="正在结束异常炉石进程并重新启动" data={"phase":"launching","attempt":285}
[2026-10-09 03:44:40.365] #314282 INFO LIVE_GAME_RECOVERY match=199 message="正在结束异常炉石进程并重新启动" data={"phase":"launching","attempt":286}
[2026-10-09 03:44:50.497] #314283 INFO LIVE_GAME_RECOVERY match=199 message="正在结束异常炉石进程并重新启动" data={"phase":"launching","attempt":287}
[2026-10-09 03:45:00.661] #314284 INFO LIVE_GAME_RECOVERY match=199 message="正在结束异常炉石进程并重新启动" data={"phase":"launching","attempt":288}
[2026-10-09 03:45:10.833] #314285 INFO LIVE_GAME_RECOVERY match=199 message="正在结束异常炉石进程并重新启动" data={"phase":"launching","attempt":289}
[2026-10-09 03:45:20.987] #314286 INFO LIVE_GAME_RECOVERY match=199 message="正在结束异常炉石进程并重新启动" data={"phase":"launching","attempt":290}
[2026-10-09 03:45:31.144] #314287 INFO LIVE_GAME_RECOVERY match=199 message="正在结束异常炉石进程并重新启动" data={"phase":"launching","attempt":291}
[2026-10-09 03:45:41.322] #314288 INFO LIVE_GAME_RECOVERY match=199 message="正在结束异常炉石进程并重新启动" data={"phase":"launching","attempt":292}
[2026-10-09 03:45:51.494] #314289 INFO LIVE_GAME_RECOVERY match=199 message="正在结束异常炉石进程并重新启动" data={"phase":"launching","attempt":293}
[2026-10-09 03:46:01.636] #314290 INFO LIVE_GAME_RECOVERY match=199 message="正在结束异常炉石进程并重新启动" data={"phase":"launching","attempt":294}
[2026-10-09 03:46:11.811] #314291 INFO LIVE_GAME_RECOVERY match=199 message="正在结束异常炉石进程并重新启动" data={"phase":"launching","attempt":295}
[2026-10-09 03:46:21.980] #314292 INFO LIVE_GAME_RECOVERY match=199 message="正在结束异常炉石进程并重新启动" data={"phase":"launching","attempt":296}
[2026-10-09 03:46:32.131] #314293 INFO LIVE_GAME_RECOVERY match=199 message="正在结束异常炉石进程并重新启动" data={"phase":"launching","attempt":297}
[2026-10-09 03:46:42.278] #314294 INFO LIVE_GAME_RECOVERY match=199 message="正在结束异常炉石进程并重新启动" data={"phase":"launching","attempt":298}
[2026-10-09 03:46:52.453] #314295 INFO LIVE_GAME_RECOVERY match=199 message="正在结束异常炉石进程并重新启动" data={"phase":"launching","attempt":299}
[2026-10-09 03:47:02.629] #314296 INFO LIVE_GAME_RECOVERY match=199 message="正在结束异常炉石进程并重新启动" data={"phase":"launching","attempt":300}
[2026-10-09 03:47:12.769] #314297 INFO LIVE_GAME_RECOVERY match=199 message="正在结束异常炉石进程并重新启动" data={"phase":"launching","attempt":301}
[2026-10-09 03:47:22.925] #314298 INFO LIVE_GAME_RECOVERY match=199 message="正在结束异常炉石进程并重新启动" data={"phase":"launching","attempt":302}
[2026-10-09 03:47:33.062] #314299 INFO LIVE_GAME_RECOVERY match=199 message="正在结束异常炉石进程并重新启动" data={"phase":"launching","attempt":303}
[2026-10-09 03:47:43.223] #314300 INFO LIVE_GAME_RECOVERY match=199 message="正在结束异常炉石进程并重新启动" data={"phase":"launching","attempt":304}
[2026-10-09 03:47:53.377] #314301 INFO LIVE_GAME_RECOVERY match=199 message="正在结束异常炉石进程并重新启动" data={"phase":"launching","attempt":305}
[2026-10-09 03:48:03.518] #314302 INFO LIVE_GAME_RECOVERY match=199 message="正在结束异常炉石进程并重新启动" data={"phase":"launching","attempt":306}
[2026-10-09 03:48:13.681] #314303 INFO LIVE_GAME_RECOVERY match=199 message="正在结束异常炉石进程并重新启动" data={"phase":"launching","attempt":307}
[2026-10-09 03:48:23.821] #314304 INFO LIVE_GAME_RECOVERY match=199 message="正在结束异常炉石进程并重新启动" data={"phase":"launching","attempt":308}
[2026-10-09 03:48:33.982] #314305 INFO LIVE_GAME_RECOVERY match=199 message="正在结束异常炉石进程并重新启动" data={"phase":"launching","attempt":309}
[2026-10-09 03:48:44.162] #314306 INFO LIVE_GAME_RECOVERY match=199 message="正在结束异常炉石进程并重新启动" data={"phase":"launching","attempt":310}
[2026-10-09 03:48:54.324] #314307 INFO LIVE_GAME_RECOVERY match=199 message="正在结束异常炉石进程并重新启动" data={"phase":"launching","attempt":311}
[2026-10-09 03:49:04.483] #314308 INFO LIVE_GAME_RECOVERY match=199 message="正在结束异常炉石进程并重新启动" data={"phase":"launching","attempt":312}
[2026-10-09 03:49:14.641] #314309 INFO LIVE_GAME_RECOVERY match=199 message="正在结束异常炉石进程并重新启动" data={"phase":"launching","attempt":313}
[2026-10-09 03:49:24.817] #314310 INFO LIVE_GAME_RECOVERY match=199 message="正在结束异常炉石进程并重新启动" data={"phase":"launching","attempt":314}
[2026-10-09 03:49:34.955] #314311 INFO LIVE_GAME_RECOVERY match=199 message="正在结束异常炉石进程并重新启动" data={"phase":"launching","attempt":315}
[2026-10-09 03:49:45.113] #314312 INFO LIVE_GAME_RECOVERY match=199 message="正在结束异常炉石进程并重新启动" data={"phase":"launching","attempt":316}
[2026-10-09 03:49:55.284] #314313 INFO LIVE_GAME_RECOVERY match=199 message="正在结束异常炉石进程并重新启动" data={"phase":"launching","attempt":317}
[2026-10-09 03:50:05.455] #314314 INFO LIVE_GAME_RECOVERY match=199 message="正在结束异常炉石进程并重新启动" data={"phase":"launching","attempt":318}
[2026-10-09 03:50:15.623] #314315 INFO LIVE_GAME_RECOVERY match=199 message="正在结束异常炉石进程并重新启动" data={"phase":"launching","attempt":319}
[2026-10-09 03:50:25.767] #314316 INFO LIVE_GAME_RECOVERY match=199 message="正在结束异常炉石进程并重新启动" data={"phase":"launching","attempt":320}
[2026-10-09 03:50:35.933] #314317 INFO LIVE_GAME_RECOVERY match=199 message="正在结束异常炉石进程并重新启动" data={"phase":"launching","attempt":321}
[2026-10-09 03:50:46.087] #314318 INFO LIVE_GAME_RECOVERY match=199 message="正在结束异常炉石进程并重新启动" data={"phase":"launching","attempt":322}
[2026-10-09 03:50:56.240] #314319 INFO LIVE_GAME_RECOVERY match=199 message="正在结束异常炉石进程并重新启动" data={"phase":"launching","attempt":323}
[2026-10-09 03:51:06.375] #314320 INFO LIVE_GAME_RECOVERY match=199 message="正在结束异常炉石进程并重新启动" data={"phase":"launching","attempt":324}
[2026-10-09 03:51:16.547] #314321 INFO LIVE_GAME_RECOVERY match=199 message="正在结束异常炉石进程并重新启动" data={"phase":"launching","attempt":325}
[2026-10-09 03:51:26.685] #314322 INFO LIVE_GAME_RECOVERY match=199 message="正在结束异常炉石进程并重新启动" data={"phase":"launching","attempt":326}
[2026-10-09 03:51:36.876] #314323 INFO LIVE_GAME_RECOVERY match=199 message="正在结束异常炉石进程并重新启动" data={"phase":"launching","attempt":327}
[2026-10-09 03:51:47.029] #314324 INFO LIVE_GAME_RECOVERY match=199 message="正在结束异常炉石进程并重新启动" data={"phase":"launching","attempt":328}
[2026-10-09 03:51:57.182] #314325 INFO LIVE_GAME_RECOVERY match=199 message="正在结束异常炉石进程并重新启动" data={"phase":"launching","attempt":329}
[2026-10-09 03:52:07.346] #314326 INFO LIVE_GAME_RECOVERY match=199 message="正在结束异常炉石进程并重新启动" data={"phase":"launching","attempt":330}
[2026-10-09 03:52:17.499] #314327 INFO LIVE_GAME_RECOVERY match=199 message="正在结束异常炉石进程并重新启动" data={"phase":"launching","attempt":331}
[2026-10-09 03:52:27.636] #314328 INFO LIVE_GAME_RECOVERY match=199 message="正在结束异常炉石进程并重新启动" data={"phase":"launching","attempt":332}
[2026-10-09 03:52:37.802] #314329 INFO LIVE_GAME_RECOVERY match=199 message="正在结束异常炉石进程并重新启动" data={"phase":"launching","attempt":333}
[2026-10-09 03:52:47.971] #314330 INFO LIVE_GAME_RECOVERY match=199 message="正在结束异常炉石进程并重新启动" data={"phase":"launching","attempt":334}
[2026-10-09 03:52:58.150] #314331 INFO LIVE_GAME_RECOVERY match=199 message="正在结束异常炉石进程并重新启动" data={"phase":"launching","attempt":335}
[2026-10-09 03:53:08.288] #314332 INFO LIVE_GAME_RECOVERY match=199 message="正在结束异常炉石进程并重新启动" data={"phase":"launching","attempt":336}
[2026-10-09 03:53:18.435] #314333 INFO LIVE_GAME_RECOVERY match=199 message="正在结束异常炉石进程并重新启动" data={"phase":"launching","attempt":337}
[2026-10-09 03:53:28.600] #314334 INFO LIVE_GAME_RECOVERY match=199 message="正在结束异常炉石进程并重新启动" data={"phase":"launching","attempt":338}
[2026-10-09 03:53:38.772] #314335 INFO LIVE_GAME_RECOVERY match=199 message="正在结束异常炉石进程并重新启动" data={"phase":"launching","attempt":339}
[2026-10-09 03:53:48.939] #314336 INFO LIVE_GAME_RECOVERY match=199 message="正在结束异常炉石进程并重新启动" data={"phase":"launching","attempt":340}
[2026-10-09 03:53:59.108] #314337 INFO LIVE_GAME_RECOVERY match=199 message="正在结束异常炉石进程并重新启动" data={"phase":"launching","attempt":341}
[2026-10-09 03:54:09.248] #314338 INFO LIVE_GAME_RECOVERY match=199 message="正在结束异常炉石进程并重新启动" data={"phase":"launching","attempt":342}
[2026-10-09 03:54:19.386] #314339 INFO LIVE_GAME_RECOVERY match=199 message="正在结束异常炉石进程并重新启动" data={"phase":"launching","attempt":343}
[2026-10-09 03:54:29.544] #314340 INFO LIVE_GAME_RECOVERY match=199 message="正在结束异常炉石进程并重新启动" data={"phase":"launching","attempt":344}
[2026-10-09 03:54:39.696] #314341 INFO LIVE_GAME_RECOVERY match=199 message="正在结束异常炉石进程并重新启动" data={"phase":"launching","attempt":345}
[2026-10-09 03:54:49.832] #314342 INFO LIVE_GAME_RECOVERY match=199 message="正在结束异常炉石进程并重新启动" data={"phase":"launching","attempt":346}
[2026-10-09 03:55:00.013] #314343 INFO LIVE_GAME_RECOVERY match=199 message="正在结束异常炉石进程并重新启动" data={"phase":"launching","attempt":347}
[2026-10-09 03:55:10.175] #314344 INFO LIVE_GAME_RECOVERY match=199 message="正在结束异常炉石进程并重新启动" data={"phase":"launching","attempt":348}
[2026-10-09 03:55:20.369] #314345 INFO LIVE_GAME_RECOVERY match=199 message="正在结束异常炉石进程并重新启动" data={"phase":"launching","attempt":349}
[2026-10-09 03:55:30.512] #314346 INFO LIVE_GAME_RECOVERY match=199 message="正在结束异常炉石进程并重新启动" data={"phase":"launching","attempt":350}
[2026-10-09 03:55:40.667] #314347 INFO LIVE_GAME_RECOVERY match=199 message="正在结束异常炉石进程并重新启动" data={"phase":"launching","attempt":351}
[2026-10-09 03:55:50.795] #314348 INFO LIVE_GAME_RECOVERY match=199 message="正在结束异常炉石进程并重新启动" data={"phase":"launching","attempt":352}
[2026-10-09 03:56:00.943] #314349 INFO LIVE_GAME_RECOVERY match=199 message="正在结束异常炉石进程并重新启动" data={"phase":"launching","attempt":353}
[2026-10-09 03:56:11.093] #314350 INFO LIVE_GAME_RECOVERY match=199 message="正在结束异常炉石进程并重新启动" data={"phase":"launching","attempt":354}
[2026-10-09 03:56:21.257] #314351 INFO LIVE_GAME_RECOVERY match=199 message="正在结束异常炉石进程并重新启动" data={"phase":"launching","attempt":355}
[2026-10-09 03:56:31.425] #314352 INFO LIVE_GAME_RECOVERY match=199 message="正在结束异常炉石进程并重新启动" data={"phase":"launching","attempt":356}
[2026-10-09 03:56:41.595] #314353 INFO LIVE_GAME_RECOVERY match=199 message="正在结束异常炉石进程并重新启动" data={"phase":"launching","attempt":357}
[2026-10-09 03:56:51.741] #314354 INFO LIVE_GAME_RECOVERY match=199 message="正在结束异常炉石进程并重新启动" data={"phase":"launching","attempt":358}
[2026-10-09 03:57:01.912] #314355 INFO LIVE_GAME_RECOVERY match=199 message="正在结束异常炉石进程并重新启动" data={"phase":"launching","attempt":359}
[2026-10-09 03:57:12.061] #314356 INFO LIVE_GAME_RECOVERY match=199 message="正在结束异常炉石进程并重新启动" data={"phase":"launching","attempt":360}
[2026-10-09 03:57:22.228] #314357 INFO LIVE_GAME_RECOVERY match=199 message="正在结束异常炉石进程并重新启动" data={"phase":"launching","attempt":361}
[2026-10-09 03:57:32.382] #314358 INFO LIVE_GAME_RECOVERY match=199 message="正在结束异常炉石进程并重新启动" data={"phase":"launching","attempt":362}
[2026-10-09 03:57:42.539] #314359 INFO LIVE_GAME_RECOVERY match=199 message="正在结束异常炉石进程并重新启动" data={"phase":"launching","attempt":363}
[2026-10-09 03:57:52.707] #314360 INFO LIVE_GAME_RECOVERY match=199 message="正在结束异常炉石进程并重新启动" data={"phase":"launching","attempt":364}
[2026-10-09 03:58:02.835] #314361 INFO LIVE_GAME_RECOVERY match=199 message="正在结束异常炉石进程并重新启动" data={"phase":"launching","attempt":365}
[2026-10-09 03:58:12.973] #314362 INFO LIVE_GAME_RECOVERY match=199 message="正在结束异常炉石进程并重新启动" data={"phase":"launching","attempt":366}
[2026-10-09 03:58:23.139] #314363 INFO LIVE_GAME_RECOVERY match=199 message="正在结束异常炉石进程并重新启动" data={"phase":"launching","attempt":367}
[2026-10-09 03:58:33.305] #314364 INFO LIVE_GAME_RECOVERY match=199 message="正在结束异常炉石进程并重新启动" data={"phase":"launching","attempt":368}
[2026-10-09 03:58:43.460] #314365 INFO LIVE_GAME_RECOVERY match=199 message="正在结束异常炉石进程并重新启动" data={"phase":"launching","attempt":369}
[2026-10-09 03:58:53.626] #314366 INFO LIVE_GAME_RECOVERY match=199 message="正在结束异常炉石进程并重新启动" data={"phase":"launching","attempt":370}
[2026-10-09 03:59:03.792] #314367 INFO LIVE_GAME_RECOVERY match=199 message="正在结束异常炉石进程并重新启动" data={"phase":"launching","attempt":371}
[2026-10-09 03:59:13.964] #314368 INFO LIVE_GAME_RECOVERY match=199 message="正在结束异常炉石进程并重新启动" data={"phase":"launching","attempt":372}
[2026-10-09 03:59:24.116] #314369 INFO LIVE_GAME_RECOVERY match=199 message="正在结束异常炉石进程并重新启动" data={"phase":"launching","attempt":373}
[2026-10-09 03:59:34.250] #314370 INFO LIVE_GAME_RECOVERY match=199 message="正在结束异常炉石进程并重新启动" data={"phase":"launching","attempt":374}
[2026-10-09 03:59:44.403] #314371 INFO LIVE_GAME_RECOVERY match=199 message="正在结束异常炉石进程并重新启动" data={"phase":"launching","attempt":375}
[2026-10-09 03:59:54.543] #314372 INFO LIVE_GAME_RECOVERY match=199 message="正在结束异常炉石进程并重新启动" data={"phase":"launching","attempt":376}
[2026-10-09 04:00:04.705] #314373 INFO LIVE_GAME_RECOVERY match=199 message="正在结束异常炉石进程并重新启动" data={"phase":"launching","attempt":377}
[2026-10-09 04:00:14.841] #314374 INFO LIVE_GAME_RECOVERY match=199 message="正在结束异常炉石进程并重新启动" data={"phase":"launching","attempt":378}
[2026-10-09 04:00:24.978] #314375 INFO LIVE_GAME_RECOVERY match=199 message="正在结束异常炉石进程并重新启动" data={"phase":"launching","attempt":379}
[2026-10-09 04:00:35.139] #314376 INFO LIVE_GAME_RECOVERY match=199 message="正在结束异常炉石进程并重新启动" data={"phase":"launching","attempt":380}
[2026-10-09 04:00:45.293] #314377 INFO LIVE_GAME_RECOVERY match=199 message="正在结束异常炉石进程并重新启动" data={"phase":"launching","attempt":381}
[2026-10-09 04:00:55.415] #314378 INFO LIVE_GAME_RECOVERY match=199 message="正在结束异常炉石进程并重新启动" data={"phase":"launching","attempt":382}
[2026-10-09 04:01:05.555] #314379 INFO LIVE_GAME_RECOVERY match=199 message="正在结束异常炉石进程并重新启动" data={"phase":"launching","attempt":383}
[2026-10-09 04:01:15.728] #314380 INFO LIVE_GAME_RECOVERY match=199 message="正在结束异常炉石进程并重新启动" data={"phase":"launching","attempt":384}
[2026-10-09 04:01:25.859] #314381 INFO LIVE_GAME_RECOVERY match=199 message="正在结束异常炉石进程并重新启动" data={"phase":"launching","attempt":385}
[2026-10-09 04:01:36.013] #314382 INFO LIVE_GAME_RECOVERY match=199 message="正在结束异常炉石进程并重新启动" data={"phase":"launching","attempt":386}
[2026-10-09 04:01:46.173] #314383 INFO LIVE_GAME_RECOVERY match=199 message="正在结束异常炉石进程并重新启动" data={"phase":"launching","attempt":387}
[2026-10-09 04:01:56.339] #314384 INFO LIVE_GAME_RECOVERY match=199 message="正在结束异常炉石进程并重新启动" data={"phase":"launching","attempt":388}
[2026-10-09 04:02:06.487] #314385 INFO LIVE_GAME_RECOVERY match=199 message="正在结束异常炉石进程并重新启动" data={"phase":"launching","attempt":389}
[2026-10-09 04:02:16.665] #314386 INFO LIVE_GAME_RECOVERY match=199 message="正在结束异常炉石进程并重新启动" data={"phase":"launching","attempt":390}
[2026-10-09 04:02:26.794] #314387 INFO LIVE_GAME_RECOVERY match=199 message="正在结束异常炉石进程并重新启动" data={"phase":"launching","attempt":391}
[2026-10-09 04:02:36.941] #314388 INFO LIVE_GAME_RECOVERY match=199 message="正在结束异常炉石进程并重新启动" data={"phase":"launching","attempt":392}
[2026-10-09 04:02:47.105] #314389 INFO LIVE_GAME_RECOVERY match=199 message="正在结束异常炉石进程并重新启动" data={"phase":"launching","attempt":393}
[2026-10-09 04:02:57.264] #314390 INFO LIVE_GAME_RECOVERY match=199 message="正在结束异常炉石进程并重新启动" data={"phase":"launching","attempt":394}
[2026-10-09 04:03:07.391] #314391 INFO LIVE_GAME_RECOVERY match=199 message="正在结束异常炉石进程并重新启动" data={"phase":"launching","attempt":395}
[2026-10-09 04:03:17.562] #314392 INFO LIVE_GAME_RECOVERY match=199 message="正在结束异常炉石进程并重新启动" data={"phase":"launching","attempt":396}
[2026-10-09 04:03:27.724] #314393 INFO LIVE_GAME_RECOVERY match=199 message="正在结束异常炉石进程并重新启动" data={"phase":"launching","attempt":397}
[2026-10-09 04:03:37.902] #314394 INFO LIVE_GAME_RECOVERY match=199 message="正在结束异常炉石进程并重新启动" data={"phase":"launching","attempt":398}
[2026-10-09 04:03:48.053] #314395 INFO LIVE_GAME_RECOVERY match=199 message="正在结束异常炉石进程并重新启动" data={"phase":"launching","attempt":399}
[2026-10-09 04:03:58.196] #314396 INFO LIVE_GAME_RECOVERY match=199 message="正在结束异常炉石进程并重新启动" data={"phase":"launching","attempt":400}
[2026-10-09 04:04:08.345] #314397 INFO LIVE_GAME_RECOVERY match=199 message="正在结束异常炉石进程并重新启动" data={"phase":"launching","attempt":401}
[2026-10-09 04:04:18.472] #314398 INFO LIVE_GAME_RECOVERY match=199 message="正在结束异常炉石进程并重新启动" data={"phase":"launching","attempt":402}
[2026-10-09 04:04:28.614] #314399 INFO LIVE_GAME_RECOVERY match=199 message="正在结束异常炉石进程并重新启动" data={"phase":"launching","attempt":403}
[2026-10-09 04:04:38.757] #314400 INFO LIVE_GAME_RECOVERY match=199 message="正在结束异常炉石进程并重新启动" data={"phase":"launching","attempt":404}
[2026-10-09 04:04:48.909] #314401 INFO LIVE_GAME_RECOVERY match=199 message="正在结束异常炉石进程并重新启动" data={"phase":"launching","attempt":405}
[2026-10-09 04:04:59.046] #314402 INFO LIVE_GAME_RECOVERY match=199 message="正在结束异常炉石进程并重新启动" data={"phase":"launching","attempt":406}
[2026-10-09 04:05:09.208] #314403 INFO LIVE_GAME_RECOVERY match=199 message="正在结束异常炉石进程并重新启动" data={"phase":"launching","attempt":407}
[2026-10-09 04:05:19.369] #314404 INFO LIVE_GAME_RECOVERY match=199 message="正在结束异常炉石进程并重新启动" data={"phase":"launching","attempt":408}
[2026-10-09 04:05:29.530] #314405 INFO LIVE_GAME_RECOVERY match=199 message="正在结束异常炉石进程并重新启动" data={"phase":"launching","attempt":409}
[2026-10-09 04:05:39.699] #314406 INFO LIVE_GAME_RECOVERY match=199 message="正在结束异常炉石进程并重新启动" data={"phase":"launching","attempt":410}
[2026-10-09 04:05:49.867] #314407 INFO LIVE_GAME_RECOVERY match=199 message="正在结束异常炉石进程并重新启动" data={"phase":"launching","attempt":411}
[2026-10-09 04:06:00.051] #314408 INFO LIVE_GAME_RECOVERY match=199 message="正在结束异常炉石进程并重新启动" data={"phase":"launching","attempt":412}
[2026-10-09 04:06:10.207] #314409 INFO LIVE_GAME_RECOVERY match=199 message="正在结束异常炉石进程并重新启动" data={"phase":"launching","attempt":413}
[2026-10-09 04:06:20.395] #314410 INFO LIVE_GAME_RECOVERY match=199 message="正在结束异常炉石进程并重新启动" data={"phase":"launching","attempt":414}
[2026-10-09 04:06:30.599] #314411 INFO LIVE_GAME_RECOVERY match=199 message="正在结束异常炉石进程并重新启动" data={"phase":"launching","attempt":415}
[2026-10-09 04:06:40.740] #314412 INFO LIVE_GAME_RECOVERY match=199 message="正在结束异常炉石进程并重新启动" data={"phase":"launching","attempt":416}
[2026-10-09 04:06:40.763] #314413 INFO CONTEXT automationEpoch="623aaa4c-5ba6-4620-b772-989fd54cdbb2"
[2026-10-09 04:06:40.763] #314414 ERROR CONFIG_CACHE_SAVE_FAILED match=199 message="[错误]  安装路径缓存保存失败，原配置保留；本次使用已发现路径" data={"field":"battleNetClientPath"}
