capturedAtUtc=2026-10-08T21:46:42.8152001+00:00
eventName=CONFIG_CACHE_SAVE_FAILED
summary=[错误]  安装路径缓存保存失败，原配置保留；本次使用已发现路径
technicalDetail=System.IO.IOException: 无法删除要被替换的文件。
   at HSLaunch.Installation.CoreConfigurationFile.Update(String path, Action`1 update)
   at HSLaunch.Mvp.Program.RememberDiscoveredPath(MvpConfiguration config, String name, String path)
config.stage=replace; config.hresult=0x80070497; config.path=D:\HearthPilot\config\mvp.json; config.originalState=unchanged; config.exists=True; config.attributes=Archive; config.storageDiagnostics={"schema":1,"observedAtUtc":"2026-10-08T21:46:42.6477041+00:00","process":{"status":"ok","value":{"pid":4740,"name":"VC_redist.x86","path":"D:\\HearthPilot\\temp\\run-qhj8cM714leDWCDjOO6z\\VC_redist.x86.exe","startedAtUtc":"2026-10-08T00:52:53.572305Z","runtimePath":"D:\\HearthPilot\\temp\\run-qhj8cM714leDWCDjOO6z\\HearthPilot.Runtime.dll","runtimeMvid":"88c89d6d-5e5f-4c2b-b13e-f610cfbaa4e5","os":"Microsoft Windows 10.0.26200","framework":".NET 8.0.31"}},"target":{"path":"D:\\HearthPilot\\config\\mvp.json","metadata":{"status":"ok","value":{"length":3254,"attributes":"Archive","createdAtUtc":"2026-08-18T10:11:26.2909729Z","writtenAtUtc":"2026-10-08T21:46:32.4926768Z"}},"security":{"status":"ok","value":"O:BAD:AI(A;;FA;;;BA)(A;ID;0x1301bf;;;S-1-5-21-4289986086-1019036309-384907593-1006)(A;ID;0x1301bf;;;S-1-5-21-1112702472-294033110-943793086-1202962067)(A;ID;0x110156;;;S-1-4-293348679-251070228)(A;ID;0x1301bf;;;S-1-5-21-4289986086-1019036309-384907593-1003)(A;ID;0x1301bf;;;S-1-5-21-994816172-3973745014-2537952669-4065088193)(A;ID;FA;;;BA)(A;ID;FA;;;SY)(A;ID;0x1301bf;;;AU)(A;ID;0x1200a9;;;BU)"}},"candidate":{"path":"D:\\HearthPilot\\config\\mvp.json.e9c8715f8fe745159a4d7e7a262cb2e8.tmp","metadata":{"status":"ok","value":{"length":3254,"attributes":"Archive","createdAtUtc":"2026-08-18T10:11:26.2909729Z","writtenAtUtc":"2026-10-08T21:46:42.6438633Z"}},"security":{"status":"ok","value":"O:BAD:AI(A;;FA;;;BA)(A;ID;0x1301bf;;;S-1-5-21-4289986086-1019036309-384907593-1006)(A;ID;0x1301bf;;;S-1-5-21-1112702472-294033110-943793086-1202962067)(A;ID;0x110156;;;S-1-4-293348679-251070228)(A;ID;0x1301bf;;;S-1-5-21-4289986086-1019036309-384907593-1003)(A;ID;0x1301bf;;;S-1-5-21-994816172-3973745014-2537952669-4065088193)(A;ID;FA;;;BA)(A;ID;FA;;;SY)(A;ID;0x1301bf;;;AU)(A;ID;0x1200a9;;;BU)"}},"directorySecurity":{"status":"ok","value":"O:S-1-5-21-4289986086-1019036309-384907593-1001D:AI(A;OICIID;0x1301bf;;;S-1-5-21-4289986086-1019036309-384907593-1006)(A;OICIID;0x1301bf;;;S-1-5-21-1112702472-294033110-943793086-1202962067)(A;OICIID;0x110156;;;S-1-4-293348679-251070228)(A;OICIID;0x1301bf;;;S-1-5-21-4289986086-1019036309-384907593-1003)(A;OICIID;0x1301bf;;;S-1-5-21-994816172-3973745014-2537952669-4065088193)(A;ID;FA;;;BA)(A;OICIIOID;GA;;;BA)(A;ID;FA;;;SY)(A;OICIIOID;GA;;;SY)(A;ID;0x1301bf;;;AU)(A;OICIIOID;SDGXGWGR;;;AU)(A;ID;0x1200a9;;;BU)(A;OICIIOID;GXGR;;;BU)"},"token":{"status":"ok","value":{"userSid":"S-1-5-21-4289986086-1019036309-384907593-1001","impersonation":"None","elevated":true,"elevationError":0}},"access":{"status":"ok","value":{"read":{"opened":true,"win32Error":0},"write":{"opened":true,"win32Error":0},"delete":{"opened":true,"win32Error":0},"readControl":{"opened":true,"win32Error":0}}},"holders":{"status":"ok","value":{"result":{"stage":"list","win32Error":0,"needed":0,"rebootReasons":0,"processes":[]},"endSessionError":0}},"elapsedMilliseconds":7}; config.temporaryExists=False
turn=-1
actionId=0
--- launcher log tail ---
[2026-10-09 05:06:35.902] #314781 INFO LIVE_GAME_RECOVERY match=199 message="正在结束异常炉石进程并重新启动" data={"phase":"launching","attempt":770}
[2026-10-09 05:06:46.035] #314782 INFO LIVE_GAME_RECOVERY match=199 message="正在结束异常炉石进程并重新启动" data={"phase":"launching","attempt":771}
[2026-10-09 05:06:56.207] #314783 INFO LIVE_GAME_RECOVERY match=199 message="正在结束异常炉石进程并重新启动" data={"phase":"launching","attempt":772}
[2026-10-09 05:07:06.339] #314784 INFO LIVE_GAME_RECOVERY match=199 message="正在结束异常炉石进程并重新启动" data={"phase":"launching","attempt":773}
[2026-10-09 05:07:16.478] #314785 INFO LIVE_GAME_RECOVERY match=199 message="正在结束异常炉石进程并重新启动" data={"phase":"launching","attempt":774}
[2026-10-09 05:07:26.633] #314786 INFO LIVE_GAME_RECOVERY match=199 message="正在结束异常炉石进程并重新启动" data={"phase":"launching","attempt":775}
[2026-10-09 05:07:36.786] #314787 INFO LIVE_GAME_RECOVERY match=199 message="正在结束异常炉石进程并重新启动" data={"phase":"launching","attempt":776}
[2026-10-09 05:07:46.918] #314788 INFO LIVE_GAME_RECOVERY match=199 message="正在结束异常炉石进程并重新启动" data={"phase":"launching","attempt":777}
[2026-10-09 05:07:57.068] #314789 INFO LIVE_GAME_RECOVERY match=199 message="正在结束异常炉石进程并重新启动" data={"phase":"launching","attempt":778}
[2026-10-09 05:08:07.233] #314790 INFO LIVE_GAME_RECOVERY match=199 message="正在结束异常炉石进程并重新启动" data={"phase":"launching","attempt":779}
[2026-10-09 05:08:17.368] #314791 INFO LIVE_GAME_RECOVERY match=199 message="正在结束异常炉石进程并重新启动" data={"phase":"launching","attempt":780}
[2026-10-09 05:08:27.521] #314792 INFO LIVE_GAME_RECOVERY match=199 message="正在结束异常炉石进程并重新启动" data={"phase":"launching","attempt":781}
[2026-10-09 05:08:37.653] #314793 INFO LIVE_GAME_RECOVERY match=199 message="正在结束异常炉石进程并重新启动" data={"phase":"launching","attempt":782}
[2026-10-09 05:08:47.768] #314794 INFO LIVE_GAME_RECOVERY match=199 message="正在结束异常炉石进程并重新启动" data={"phase":"launching","attempt":783}
[2026-10-09 05:08:57.902] #314795 INFO LIVE_GAME_RECOVERY match=199 message="正在结束异常炉石进程并重新启动" data={"phase":"launching","attempt":784}
[2026-10-09 05:09:08.061] #314796 INFO LIVE_GAME_RECOVERY match=199 message="正在结束异常炉石进程并重新启动" data={"phase":"launching","attempt":785}
[2026-10-09 05:09:18.254] #314797 INFO LIVE_GAME_RECOVERY match=199 message="正在结束异常炉石进程并重新启动" data={"phase":"launching","attempt":786}
[2026-10-09 05:09:28.412] #314798 INFO LIVE_GAME_RECOVERY match=199 message="正在结束异常炉石进程并重新启动" data={"phase":"launching","attempt":787}
[2026-10-09 05:09:38.586] #314799 INFO LIVE_GAME_RECOVERY match=199 message="正在结束异常炉石进程并重新启动" data={"phase":"launching","attempt":788}
[2026-10-09 05:09:48.742] #314800 INFO LIVE_GAME_RECOVERY match=199 message="正在结束异常炉石进程并重新启动" data={"phase":"launching","attempt":789}
[2026-10-09 05:09:58.881] #314801 INFO LIVE_GAME_RECOVERY match=199 message="正在结束异常炉石进程并重新启动" data={"phase":"launching","attempt":790}
[2026-10-09 05:10:09.026] #314802 INFO LIVE_GAME_RECOVERY match=199 message="正在结束异常炉石进程并重新启动" data={"phase":"launching","attempt":791}
[2026-10-09 05:10:19.188] #314803 INFO LIVE_GAME_RECOVERY match=199 message="正在结束异常炉石进程并重新启动" data={"phase":"launching","attempt":792}
[2026-10-09 05:10:29.347] #314804 INFO LIVE_GAME_RECOVERY match=199 message="正在结束异常炉石进程并重新启动" data={"phase":"launching","attempt":793}
[2026-10-09 05:10:39.507] #314805 INFO LIVE_GAME_RECOVERY match=199 message="正在结束异常炉石进程并重新启动" data={"phase":"launching","attempt":794}
[2026-10-09 05:10:49.669] #314806 INFO LIVE_GAME_RECOVERY match=199 message="正在结束异常炉石进程并重新启动" data={"phase":"launching","attempt":795}
[2026-10-09 05:10:59.831] #314807 INFO LIVE_GAME_RECOVERY match=199 message="正在结束异常炉石进程并重新启动" data={"phase":"launching","attempt":796}
[2026-10-09 05:11:10.016] #314808 INFO LIVE_GAME_RECOVERY match=199 message="正在结束异常炉石进程并重新启动" data={"phase":"launching","attempt":797}
[2026-10-09 05:11:20.189] #314809 INFO LIVE_GAME_RECOVERY match=199 message="正在结束异常炉石进程并重新启动" data={"phase":"launching","attempt":798}
[2026-10-09 05:11:30.335] #314810 INFO LIVE_GAME_RECOVERY match=199 message="正在结束异常炉石进程并重新启动" data={"phase":"launching","attempt":799}
[2026-10-09 05:11:40.511] #314811 INFO LIVE_GAME_RECOVERY match=199 message="正在结束异常炉石进程并重新启动" data={"phase":"launching","attempt":800}
[2026-10-09 05:11:50.650] #314812 INFO LIVE_GAME_RECOVERY match=199 message="正在结束异常炉石进程并重新启动" data={"phase":"launching","attempt":801}
[2026-10-09 05:12:00.820] #314813 INFO LIVE_GAME_RECOVERY match=199 message="正在结束异常炉石进程并重新启动" data={"phase":"launching","attempt":802}
[2026-10-09 05:12:10.959] #314814 INFO LIVE_GAME_RECOVERY match=199 message="正在结束异常炉石进程并重新启动" data={"phase":"launching","attempt":803}
[2026-10-09 05:12:21.119] #314815 INFO LIVE_GAME_RECOVERY match=199 message="正在结束异常炉石进程并重新启动" data={"phase":"launching","attempt":804}
[2026-10-09 05:12:31.248] #314816 INFO LIVE_GAME_RECOVERY match=199 message="正在结束异常炉石进程并重新启动" data={"phase":"launching","attempt":805}
[2026-10-09 05:12:41.419] #314817 INFO LIVE_GAME_RECOVERY match=199 message="正在结束异常炉石进程并重新启动" data={"phase":"launching","attempt":806}
[2026-10-09 05:12:51.567] #314818 INFO LIVE_GAME_RECOVERY match=199 message="正在结束异常炉石进程并重新启动" data={"phase":"launching","attempt":807}
[2026-10-09 05:13:01.725] #314819 INFO LIVE_GAME_RECOVERY match=199 message="正在结束异常炉石进程并重新启动" data={"phase":"launching","attempt":808}
[2026-10-09 05:13:11.859] #314820 INFO LIVE_GAME_RECOVERY match=199 message="正在结束异常炉石进程并重新启动" data={"phase":"launching","attempt":809}
[2026-10-09 05:13:22.029] #314821 INFO LIVE_GAME_RECOVERY match=199 message="正在结束异常炉石进程并重新启动" data={"phase":"launching","attempt":810}
[2026-10-09 05:13:32.141] #314822 INFO LIVE_GAME_RECOVERY match=199 message="正在结束异常炉石进程并重新启动" data={"phase":"launching","attempt":811}
[2026-10-09 05:13:42.294] #314823 INFO LIVE_GAME_RECOVERY match=199 message="正在结束异常炉石进程并重新启动" data={"phase":"launching","attempt":812}
[2026-10-09 05:13:52.464] #314824 INFO LIVE_GAME_RECOVERY match=199 message="正在结束异常炉石进程并重新启动" data={"phase":"launching","attempt":813}
[2026-10-09 05:14:02.641] #314825 INFO LIVE_GAME_RECOVERY match=199 message="正在结束异常炉石进程并重新启动" data={"phase":"launching","attempt":814}
[2026-10-09 05:14:12.774] #314826 INFO LIVE_GAME_RECOVERY match=199 message="正在结束异常炉石进程并重新启动" data={"phase":"launching","attempt":815}
[2026-10-09 05:14:22.915] #314827 INFO LIVE_GAME_RECOVERY match=199 message="正在结束异常炉石进程并重新启动" data={"phase":"launching","attempt":816}
[2026-10-09 05:14:33.065] #314828 INFO LIVE_GAME_RECOVERY match=199 message="正在结束异常炉石进程并重新启动" data={"phase":"launching","attempt":817}
[2026-10-09 05:14:43.193] #314829 INFO LIVE_GAME_RECOVERY match=199 message="正在结束异常炉石进程并重新启动" data={"phase":"launching","attempt":818}
[2026-10-09 05:14:53.354] #314830 INFO LIVE_GAME_RECOVERY match=199 message="正在结束异常炉石进程并重新启动" data={"phase":"launching","attempt":819}
[2026-10-09 05:15:03.512] #314831 INFO LIVE_GAME_RECOVERY match=199 message="正在结束异常炉石进程并重新启动" data={"phase":"launching","attempt":820}
[2026-10-09 05:15:13.675] #314832 INFO LIVE_GAME_RECOVERY match=199 message="正在结束异常炉石进程并重新启动" data={"phase":"launching","attempt":821}
[2026-10-09 05:15:23.845] #314833 INFO LIVE_GAME_RECOVERY match=199 message="正在结束异常炉石进程并重新启动" data={"phase":"launching","attempt":822}
[2026-10-09 05:15:33.980] #314834 INFO LIVE_GAME_RECOVERY match=199 message="正在结束异常炉石进程并重新启动" data={"phase":"launching","attempt":823}
[2026-10-09 05:15:44.146] #314835 INFO LIVE_GAME_RECOVERY match=199 message="正在结束异常炉石进程并重新启动" data={"phase":"launching","attempt":824}
[2026-10-09 05:15:54.279] #314836 INFO LIVE_GAME_RECOVERY match=199 message="正在结束异常炉石进程并重新启动" data={"phase":"launching","attempt":825}
[2026-10-09 05:16:04.424] #314837 INFO LIVE_GAME_RECOVERY match=199 message="正在结束异常炉石进程并重新启动" data={"phase":"launching","attempt":826}
[2026-10-09 05:16:14.575] #314838 INFO LIVE_GAME_RECOVERY match=199 message="正在结束异常炉石进程并重新启动" data={"phase":"launching","attempt":827}
[2026-10-09 05:16:24.738] #314839 INFO LIVE_GAME_RECOVERY match=199 message="正在结束异常炉石进程并重新启动" data={"phase":"launching","attempt":828}
[2026-10-09 05:16:34.887] #314840 INFO LIVE_GAME_RECOVERY match=199 message="正在结束异常炉石进程并重新启动" data={"phase":"launching","attempt":829}
[2026-10-09 05:16:45.052] #314841 INFO LIVE_GAME_RECOVERY match=199 message="正在结束异常炉石进程并重新启动" data={"phase":"launching","attempt":830}
[2026-10-09 05:16:55.241] #314842 INFO LIVE_GAME_RECOVERY match=199 message="正在结束异常炉石进程并重新启动" data={"phase":"launching","attempt":831}
[2026-10-09 05:17:05.418] #314843 INFO LIVE_GAME_RECOVERY match=199 message="正在结束异常炉石进程并重新启动" data={"phase":"launching","attempt":832}
[2026-10-09 05:17:15.570] #314844 INFO LIVE_GAME_RECOVERY match=199 message="正在结束异常炉石进程并重新启动" data={"phase":"launching","attempt":833}
[2026-10-09 05:17:25.741] #314845 INFO LIVE_GAME_RECOVERY match=199 message="正在结束异常炉石进程并重新启动" data={"phase":"launching","attempt":834}
[2026-10-09 05:17:35.881] #314846 INFO LIVE_GAME_RECOVERY match=199 message="正在结束异常炉石进程并重新启动" data={"phase":"launching","attempt":835}
[2026-10-09 05:17:46.023] #314847 INFO LIVE_GAME_RECOVERY match=199 message="正在结束异常炉石进程并重新启动" data={"phase":"launching","attempt":836}
[2026-10-09 05:17:56.176] #314848 INFO LIVE_GAME_RECOVERY match=199 message="正在结束异常炉石进程并重新启动" data={"phase":"launching","attempt":837}
[2026-10-09 05:18:06.318] #314849 INFO LIVE_GAME_RECOVERY match=199 message="正在结束异常炉石进程并重新启动" data={"phase":"launching","attempt":838}
[2026-10-09 05:18:16.473] #314850 INFO LIVE_GAME_RECOVERY match=199 message="正在结束异常炉石进程并重新启动" data={"phase":"launching","attempt":839}
[2026-10-09 05:18:26.649] #314851 INFO LIVE_GAME_RECOVERY match=199 message="正在结束异常炉石进程并重新启动" data={"phase":"launching","attempt":840}
[2026-10-09 05:18:36.831] #314852 INFO LIVE_GAME_RECOVERY match=199 message="正在结束异常炉石进程并重新启动" data={"phase":"launching","attempt":841}
[2026-10-09 05:18:46.990] #314853 INFO LIVE_GAME_RECOVERY match=199 message="正在结束异常炉石进程并重新启动" data={"phase":"launching","attempt":842}
[2026-10-09 05:18:57.151] #314854 INFO LIVE_GAME_RECOVERY match=199 message="正在结束异常炉石进程并重新启动" data={"phase":"launching","attempt":843}
[2026-10-09 05:19:07.289] #314855 INFO LIVE_GAME_RECOVERY match=199 message="正在结束异常炉石进程并重新启动" data={"phase":"launching","attempt":844}
[2026-10-09 05:19:17.431] #314856 INFO LIVE_GAME_RECOVERY match=199 message="正在结束异常炉石进程并重新启动" data={"phase":"launching","attempt":845}
[2026-10-09 05:19:27.596] #314857 INFO LIVE_GAME_RECOVERY match=199 message="正在结束异常炉石进程并重新启动" data={"phase":"launching","attempt":846}
[2026-10-09 05:19:37.750] #314858 INFO LIVE_GAME_RECOVERY match=199 message="正在结束异常炉石进程并重新启动" data={"phase":"launching","attempt":847}
[2026-10-09 05:19:47.917] #314859 INFO LIVE_GAME_RECOVERY match=199 message="正在结束异常炉石进程并重新启动" data={"phase":"launching","attempt":848}
[2026-10-09 05:19:58.070] #314860 INFO LIVE_GAME_RECOVERY match=199 message="正在结束异常炉石进程并重新启动" data={"phase":"launching","attempt":849}
[2026-10-09 05:20:08.227] #314861 INFO LIVE_GAME_RECOVERY match=199 message="正在结束异常炉石进程并重新启动" data={"phase":"launching","attempt":850}
[2026-10-09 05:20:18.356] #314862 INFO LIVE_GAME_RECOVERY match=199 message="正在结束异常炉石进程并重新启动" data={"phase":"launching","attempt":851}
[2026-10-09 05:20:28.526] #314863 INFO LIVE_GAME_RECOVERY match=199 message="正在结束异常炉石进程并重新启动" data={"phase":"launching","attempt":852}
[2026-10-09 05:20:38.674] #314864 INFO LIVE_GAME_RECOVERY match=199 message="正在结束异常炉石进程并重新启动" data={"phase":"launching","attempt":853}
[2026-10-09 05:20:48.835] #314865 INFO LIVE_GAME_RECOVERY match=199 message="正在结束异常炉石进程并重新启动" data={"phase":"launching","attempt":854}
[2026-10-09 05:20:58.964] #314866 INFO LIVE_GAME_RECOVERY match=199 message="正在结束异常炉石进程并重新启动" data={"phase":"launching","attempt":855}
[2026-10-09 05:21:09.097] #314867 INFO LIVE_GAME_RECOVERY match=199 message="正在结束异常炉石进程并重新启动" data={"phase":"launching","attempt":856}
[2026-10-09 05:21:19.235] #314868 INFO LIVE_GAME_RECOVERY match=199 message="正在结束异常炉石进程并重新启动" data={"phase":"launching","attempt":857}
[2026-10-09 05:21:29.400] #314869 INFO LIVE_GAME_RECOVERY match=199 message="正在结束异常炉石进程并重新启动" data={"phase":"launching","attempt":858}
[2026-10-09 05:21:39.566] #314870 INFO LIVE_GAME_RECOVERY match=199 message="正在结束异常炉石进程并重新启动" data={"phase":"launching","attempt":859}
[2026-10-09 05:21:49.670] #314871 INFO LIVE_GAME_RECOVERY match=199 message="正在结束异常炉石进程并重新启动" data={"phase":"launching","attempt":860}
[2026-10-09 05:21:59.811] #314872 INFO LIVE_GAME_RECOVERY match=199 message="正在结束异常炉石进程并重新启动" data={"phase":"launching","attempt":861}
[2026-10-09 05:22:09.962] #314873 INFO LIVE_GAME_RECOVERY match=199 message="正在结束异常炉石进程并重新启动" data={"phase":"launching","attempt":862}
[2026-10-09 05:22:20.093] #314874 INFO LIVE_GAME_RECOVERY match=199 message="正在结束异常炉石进程并重新启动" data={"phase":"launching","attempt":863}
[2026-10-09 05:22:30.248] #314875 INFO LIVE_GAME_RECOVERY match=199 message="正在结束异常炉石进程并重新启动" data={"phase":"launching","attempt":864}
[2026-10-09 05:22:40.374] #314876 INFO LIVE_GAME_RECOVERY match=199 message="正在结束异常炉石进程并重新启动" data={"phase":"launching","attempt":865}
[2026-10-09 05:22:50.522] #314877 INFO LIVE_GAME_RECOVERY match=199 message="正在结束异常炉石进程并重新启动" data={"phase":"launching","attempt":866}
[2026-10-09 05:23:00.713] #314878 INFO LIVE_GAME_RECOVERY match=199 message="正在结束异常炉石进程并重新启动" data={"phase":"launching","attempt":867}
[2026-10-09 05:23:10.860] #314879 INFO LIVE_GAME_RECOVERY match=199 message="正在结束异常炉石进程并重新启动" data={"phase":"launching","attempt":868}
[2026-10-09 05:23:21.027] #314880 INFO LIVE_GAME_RECOVERY match=199 message="正在结束异常炉石进程并重新启动" data={"phase":"launching","attempt":869}
[2026-10-09 05:23:31.193] #314881 INFO LIVE_GAME_RECOVERY match=199 message="正在结束异常炉石进程并重新启动" data={"phase":"launching","attempt":870}
[2026-10-09 05:23:41.364] #314882 INFO LIVE_GAME_RECOVERY match=199 message="正在结束异常炉石进程并重新启动" data={"phase":"launching","attempt":871}
[2026-10-09 05:23:51.524] #314883 INFO LIVE_GAME_RECOVERY match=199 message="正在结束异常炉石进程并重新启动" data={"phase":"launching","attempt":872}
[2026-10-09 05:24:01.680] #314884 INFO LIVE_GAME_RECOVERY match=199 message="正在结束异常炉石进程并重新启动" data={"phase":"launching","attempt":873}
[2026-10-09 05:24:11.861] #314885 INFO LIVE_GAME_RECOVERY match=199 message="正在结束异常炉石进程并重新启动" data={"phase":"launching","attempt":874}
[2026-10-09 05:24:21.987] #314886 INFO LIVE_GAME_RECOVERY match=199 message="正在结束异常炉石进程并重新启动" data={"phase":"launching","attempt":875}
[2026-10-09 05:24:32.167] #314887 INFO LIVE_GAME_RECOVERY match=199 message="正在结束异常炉石进程并重新启动" data={"phase":"launching","attempt":876}
[2026-10-09 05:24:42.340] #314888 INFO LIVE_GAME_RECOVERY match=199 message="正在结束异常炉石进程并重新启动" data={"phase":"launching","attempt":877}
[2026-10-09 05:24:52.485] #314889 INFO LIVE_GAME_RECOVERY match=199 message="正在结束异常炉石进程并重新启动" data={"phase":"launching","attempt":878}
[2026-10-09 05:25:02.669] #314890 INFO LIVE_GAME_RECOVERY match=199 message="正在结束异常炉石进程并重新启动" data={"phase":"launching","attempt":879}
[2026-10-09 05:25:12.856] #314891 INFO LIVE_GAME_RECOVERY match=199 message="正在结束异常炉石进程并重新启动" data={"phase":"launching","attempt":880}
[2026-10-09 05:25:23.000] #314892 INFO LIVE_GAME_RECOVERY match=199 message="正在结束异常炉石进程并重新启动" data={"phase":"launching","attempt":881}
[2026-10-09 05:25:33.148] #314893 INFO LIVE_GAME_RECOVERY match=199 message="正在结束异常炉石进程并重新启动" data={"phase":"launching","attempt":882}
[2026-10-09 05:25:43.304] #314894 INFO LIVE_GAME_RECOVERY match=199 message="正在结束异常炉石进程并重新启动" data={"phase":"launching","attempt":883}
[2026-10-09 05:25:53.479] #314895 INFO LIVE_GAME_RECOVERY match=199 message="正在结束异常炉石进程并重新启动" data={"phase":"launching","attempt":884}
[2026-10-09 05:26:03.640] #314896 INFO LIVE_GAME_RECOVERY match=199 message="正在结束异常炉石进程并重新启动" data={"phase":"launching","attempt":885}
[2026-10-09 05:26:13.769] #314897 INFO LIVE_GAME_RECOVERY match=199 message="正在结束异常炉石进程并重新启动" data={"phase":"launching","attempt":886}
[2026-10-09 05:26:23.929] #314898 INFO LIVE_GAME_RECOVERY match=199 message="正在结束异常炉石进程并重新启动" data={"phase":"launching","attempt":887}
[2026-10-09 05:26:34.090] #314899 INFO LIVE_GAME_RECOVERY match=199 message="正在结束异常炉石进程并重新启动" data={"phase":"launching","attempt":888}
[2026-10-09 05:26:44.262] #314900 INFO LIVE_GAME_RECOVERY match=199 message="正在结束异常炉石进程并重新启动" data={"phase":"launching","attempt":889}
[2026-10-09 05:26:54.381] #314901 INFO LIVE_GAME_RECOVERY match=199 message="正在结束异常炉石进程并重新启动" data={"phase":"launching","attempt":890}
[2026-10-09 05:27:04.556] #314902 INFO LIVE_GAME_RECOVERY match=199 message="正在结束异常炉石进程并重新启动" data={"phase":"launching","attempt":891}
[2026-10-09 05:27:14.725] #314903 INFO LIVE_GAME_RECOVERY match=199 message="正在结束异常炉石进程并重新启动" data={"phase":"launching","attempt":892}
[2026-10-09 05:27:24.869] #314904 INFO LIVE_GAME_RECOVERY match=199 message="正在结束异常炉石进程并重新启动" data={"phase":"launching","attempt":893}
[2026-10-09 05:27:35.023] #314905 INFO LIVE_GAME_RECOVERY match=199 message="正在结束异常炉石进程并重新启动" data={"phase":"launching","attempt":894}
[2026-10-09 05:27:45.191] #314906 INFO LIVE_GAME_RECOVERY match=199 message="正在结束异常炉石进程并重新启动" data={"phase":"launching","attempt":895}
[2026-10-09 05:27:55.333] #314907 INFO LIVE_GAME_RECOVERY match=199 message="正在结束异常炉石进程并重新启动" data={"phase":"launching","attempt":896}
[2026-10-09 05:28:05.477] #314908 INFO LIVE_GAME_RECOVERY match=199 message="正在结束异常炉石进程并重新启动" data={"phase":"launching","attempt":897}
[2026-10-09 05:28:15.618] #314909 INFO LIVE_GAME_RECOVERY match=199 message="正在结束异常炉石进程并重新启动" data={"phase":"launching","attempt":898}
[2026-10-09 05:28:25.788] #314910 INFO LIVE_GAME_RECOVERY match=199 message="正在结束异常炉石进程并重新启动" data={"phase":"launching","attempt":899}
[2026-10-09 05:28:35.947] #314911 INFO LIVE_GAME_RECOVERY match=199 message="正在结束异常炉石进程并重新启动" data={"phase":"launching","attempt":900}
[2026-10-09 05:28:46.099] #314912 INFO LIVE_GAME_RECOVERY match=199 message="正在结束异常炉石进程并重新启动" data={"phase":"launching","attempt":901}
[2026-10-09 05:28:56.260] #314913 INFO LIVE_GAME_RECOVERY match=199 message="正在结束异常炉石进程并重新启动" data={"phase":"launching","attempt":902}
[2026-10-09 05:29:06.416] #314914 INFO LIVE_GAME_RECOVERY match=199 message="正在结束异常炉石进程并重新启动" data={"phase":"launching","attempt":903}
[2026-10-09 05:29:16.594] #314915 INFO LIVE_GAME_RECOVERY match=199 message="正在结束异常炉石进程并重新启动" data={"phase":"launching","attempt":904}
[2026-10-09 05:29:26.761] #314916 INFO LIVE_GAME_RECOVERY match=199 message="正在结束异常炉石进程并重新启动" data={"phase":"launching","attempt":905}
[2026-10-09 05:29:36.906] #314917 INFO LIVE_GAME_RECOVERY match=199 message="正在结束异常炉石进程并重新启动" data={"phase":"launching","attempt":906}
[2026-10-09 05:29:47.062] #314918 INFO LIVE_GAME_RECOVERY match=199 message="正在结束异常炉石进程并重新启动" data={"phase":"launching","attempt":907}
[2026-10-09 05:29:57.231] #314919 INFO LIVE_GAME_RECOVERY match=199 message="正在结束异常炉石进程并重新启动" data={"phase":"launching","attempt":908}
[2026-10-09 05:30:07.395] #314920 INFO LIVE_GAME_RECOVERY match=199 message="正在结束异常炉石进程并重新启动" data={"phase":"launching","attempt":909}
[2026-10-09 05:30:17.552] #314921 INFO LIVE_GAME_RECOVERY match=199 message="正在结束异常炉石进程并重新启动" data={"phase":"launching","attempt":910}
[2026-10-09 05:30:27.707] #314922 INFO LIVE_GAME_RECOVERY match=199 message="正在结束异常炉石进程并重新启动" data={"phase":"launching","attempt":911}
[2026-10-09 05:30:37.852] #314923 INFO LIVE_GAME_RECOVERY match=199 message="正在结束异常炉石进程并重新启动" data={"phase":"launching","attempt":912}
[2026-10-09 05:30:48.001] #314924 INFO LIVE_GAME_RECOVERY match=199 message="正在结束异常炉石进程并重新启动" data={"phase":"launching","attempt":913}
[2026-10-09 05:30:58.158] #314925 INFO LIVE_GAME_RECOVERY match=199 message="正在结束异常炉石进程并重新启动" data={"phase":"launching","attempt":914}
[2026-10-09 05:31:08.326] #314926 INFO LIVE_GAME_RECOVERY match=199 message="正在结束异常炉石进程并重新启动" data={"phase":"launching","attempt":915}
[2026-10-09 05:31:18.451] #314927 INFO LIVE_GAME_RECOVERY match=199 message="正在结束异常炉石进程并重新启动" data={"phase":"launching","attempt":916}
[2026-10-09 05:31:28.606] #314928 INFO LIVE_GAME_RECOVERY match=199 message="正在结束异常炉石进程并重新启动" data={"phase":"launching","attempt":917}
[2026-10-09 05:31:38.748] #314929 INFO LIVE_GAME_RECOVERY match=199 message="正在结束异常炉石进程并重新启动" data={"phase":"launching","attempt":918}
[2026-10-09 05:31:48.902] #314930 INFO LIVE_GAME_RECOVERY match=199 message="正在结束异常炉石进程并重新启动" data={"phase":"launching","attempt":919}
[2026-10-09 05:31:59.041] #314931 INFO LIVE_GAME_RECOVERY match=199 message="正在结束异常炉石进程并重新启动" data={"phase":"launching","attempt":920}
[2026-10-09 05:32:09.192] #314932 INFO LIVE_GAME_RECOVERY match=199 message="正在结束异常炉石进程并重新启动" data={"phase":"launching","attempt":921}
[2026-10-09 05:32:19.340] #314933 INFO LIVE_GAME_RECOVERY match=199 message="正在结束异常炉石进程并重新启动" data={"phase":"launching","attempt":922}
[2026-10-09 05:32:29.523] #314934 INFO LIVE_GAME_RECOVERY match=199 message="正在结束异常炉石进程并重新启动" data={"phase":"launching","attempt":923}
[2026-10-09 05:32:39.679] #314935 INFO LIVE_GAME_RECOVERY match=199 message="正在结束异常炉石进程并重新启动" data={"phase":"launching","attempt":924}
[2026-10-09 05:32:49.831] #314936 INFO LIVE_GAME_RECOVERY match=199 message="正在结束异常炉石进程并重新启动" data={"phase":"launching","attempt":925}
[2026-10-09 05:32:59.983] #314937 INFO LIVE_GAME_RECOVERY match=199 message="正在结束异常炉石进程并重新启动" data={"phase":"launching","attempt":926}
[2026-10-09 05:33:10.137] #314938 INFO LIVE_GAME_RECOVERY match=199 message="正在结束异常炉石进程并重新启动" data={"phase":"launching","attempt":927}
[2026-10-09 05:33:20.294] #314939 INFO LIVE_GAME_RECOVERY match=199 message="正在结束异常炉石进程并重新启动" data={"phase":"launching","attempt":928}
[2026-10-09 05:33:30.451] #314940 INFO LIVE_GAME_RECOVERY match=199 message="正在结束异常炉石进程并重新启动" data={"phase":"launching","attempt":929}
[2026-10-09 05:33:40.611] #314941 INFO LIVE_GAME_RECOVERY match=199 message="正在结束异常炉石进程并重新启动" data={"phase":"launching","attempt":930}
[2026-10-09 05:33:50.791] #314942 INFO LIVE_GAME_RECOVERY match=199 message="正在结束异常炉石进程并重新启动" data={"phase":"launching","attempt":931}
[2026-10-09 05:34:00.951] #314943 INFO LIVE_GAME_RECOVERY match=199 message="正在结束异常炉石进程并重新启动" data={"phase":"launching","attempt":932}
[2026-10-09 05:34:11.140] #314944 INFO LIVE_GAME_RECOVERY match=199 message="正在结束异常炉石进程并重新启动" data={"phase":"launching","attempt":933}
[2026-10-09 05:34:21.306] #314945 INFO LIVE_GAME_RECOVERY match=199 message="正在结束异常炉石进程并重新启动" data={"phase":"launching","attempt":934}
[2026-10-09 05:34:31.468] #314946 INFO LIVE_GAME_RECOVERY match=199 message="正在结束异常炉石进程并重新启动" data={"phase":"launching","attempt":935}
[2026-10-09 05:34:41.622] #314947 INFO LIVE_GAME_RECOVERY match=199 message="正在结束异常炉石进程并重新启动" data={"phase":"launching","attempt":936}
[2026-10-09 05:34:51.804] #314948 INFO LIVE_GAME_RECOVERY match=199 message="正在结束异常炉石进程并重新启动" data={"phase":"launching","attempt":937}
[2026-10-09 05:35:01.964] #314949 INFO LIVE_GAME_RECOVERY match=199 message="正在结束异常炉石进程并重新启动" data={"phase":"launching","attempt":938}
[2026-10-09 05:35:12.107] #314950 INFO LIVE_GAME_RECOVERY match=199 message="正在结束异常炉石进程并重新启动" data={"phase":"launching","attempt":939}
[2026-10-09 05:35:22.255] #314951 INFO LIVE_GAME_RECOVERY match=199 message="正在结束异常炉石进程并重新启动" data={"phase":"launching","attempt":940}
[2026-10-09 05:35:32.408] #314952 INFO LIVE_GAME_RECOVERY match=199 message="正在结束异常炉石进程并重新启动" data={"phase":"launching","attempt":941}
[2026-10-09 05:35:42.558] #314953 INFO LIVE_GAME_RECOVERY match=199 message="正在结束异常炉石进程并重新启动" data={"phase":"launching","attempt":942}
[2026-10-09 05:35:52.691] #314954 INFO LIVE_GAME_RECOVERY match=199 message="正在结束异常炉石进程并重新启动" data={"phase":"launching","attempt":943}
[2026-10-09 05:36:02.856] #314955 INFO LIVE_GAME_RECOVERY match=199 message="正在结束异常炉石进程并重新启动" data={"phase":"launching","attempt":944}
[2026-10-09 05:36:13.024] #314956 INFO LIVE_GAME_RECOVERY match=199 message="正在结束异常炉石进程并重新启动" data={"phase":"launching","attempt":945}
[2026-10-09 05:36:23.173] #314957 INFO LIVE_GAME_RECOVERY match=199 message="正在结束异常炉石进程并重新启动" data={"phase":"launching","attempt":946}
[2026-10-09 05:36:33.309] #314958 INFO LIVE_GAME_RECOVERY match=199 message="正在结束异常炉石进程并重新启动" data={"phase":"launching","attempt":947}
[2026-10-09 05:36:43.413] #314959 INFO LIVE_GAME_RECOVERY match=199 message="正在结束异常炉石进程并重新启动" data={"phase":"launching","attempt":948}
[2026-10-09 05:36:53.554] #314960 INFO LIVE_GAME_RECOVERY match=199 message="正在结束异常炉石进程并重新启动" data={"phase":"launching","attempt":949}
[2026-10-09 05:37:03.710] #314961 INFO LIVE_GAME_RECOVERY match=199 message="正在结束异常炉石进程并重新启动" data={"phase":"launching","attempt":950}
[2026-10-09 05:37:13.863] #314962 INFO LIVE_GAME_RECOVERY match=199 message="正在结束异常炉石进程并重新启动" data={"phase":"launching","attempt":951}
[2026-10-09 05:37:24.010] #314963 INFO LIVE_GAME_RECOVERY match=199 message="正在结束异常炉石进程并重新启动" data={"phase":"launching","attempt":952}
[2026-10-09 05:37:34.151] #314964 INFO LIVE_GAME_RECOVERY match=199 message="正在结束异常炉石进程并重新启动" data={"phase":"launching","attempt":953}
[2026-10-09 05:37:44.311] #314965 INFO LIVE_GAME_RECOVERY match=199 message="正在结束异常炉石进程并重新启动" data={"phase":"launching","attempt":954}
[2026-10-09 05:37:54.453] #314966 INFO LIVE_GAME_RECOVERY match=199 message="正在结束异常炉石进程并重新启动" data={"phase":"launching","attempt":955}
[2026-10-09 05:38:04.612] #314967 INFO LIVE_GAME_RECOVERY match=199 message="正在结束异常炉石进程并重新启动" data={"phase":"launching","attempt":956}
[2026-10-09 05:38:14.788] #314968 INFO LIVE_GAME_RECOVERY match=199 message="正在结束异常炉石进程并重新启动" data={"phase":"launching","attempt":957}
[2026-10-09 05:38:24.946] #314969 INFO LIVE_GAME_RECOVERY match=199 message="正在结束异常炉石进程并重新启动" data={"phase":"launching","attempt":958}
[2026-10-09 05:38:35.113] #314970 INFO LIVE_GAME_RECOVERY match=199 message="正在结束异常炉石进程并重新启动" data={"phase":"launching","attempt":959}
[2026-10-09 05:38:45.273] #314971 INFO LIVE_GAME_RECOVERY match=199 message="正在结束异常炉石进程并重新启动" data={"phase":"launching","attempt":960}
[2026-10-09 05:38:55.425] #314972 INFO LIVE_GAME_RECOVERY match=199 message="正在结束异常炉石进程并重新启动" data={"phase":"launching","attempt":961}
[2026-10-09 05:39:05.576] #314973 INFO LIVE_GAME_RECOVERY match=199 message="正在结束异常炉石进程并重新启动" data={"phase":"launching","attempt":962}
[2026-10-09 05:39:15.735] #314974 INFO LIVE_GAME_RECOVERY match=199 message="正在结束异常炉石进程并重新启动" data={"phase":"launching","attempt":963}
[2026-10-09 05:39:25.879] #314975 INFO LIVE_GAME_RECOVERY match=199 message="正在结束异常炉石进程并重新启动" data={"phase":"launching","attempt":964}
[2026-10-09 05:39:36.060] #314976 INFO LIVE_GAME_RECOVERY match=199 message="正在结束异常炉石进程并重新启动" data={"phase":"launching","attempt":965}
[2026-10-09 05:39:46.237] #314977 INFO LIVE_GAME_RECOVERY match=199 message="正在结束异常炉石进程并重新启动" data={"phase":"launching","attempt":966}
[2026-10-09 05:39:56.382] #314978 INFO LIVE_GAME_RECOVERY match=199 message="正在结束异常炉石进程并重新启动" data={"phase":"launching","attempt":967}
[2026-10-09 05:40:06.534] #314979 INFO LIVE_GAME_RECOVERY match=199 message="正在结束异常炉石进程并重新启动" data={"phase":"launching","attempt":968}
[2026-10-09 05:40:16.692] #314980 INFO LIVE_GAME_RECOVERY match=199 message="正在结束异常炉石进程并重新启动" data={"phase":"launching","attempt":969}
[2026-10-09 05:40:26.828] #314981 INFO LIVE_GAME_RECOVERY match=199 message="正在结束异常炉石进程并重新启动" data={"phase":"launching","attempt":970}
[2026-10-09 05:40:36.997] #314982 INFO LIVE_GAME_RECOVERY match=199 message="正在结束异常炉石进程并重新启动" data={"phase":"launching","attempt":971}
[2026-10-09 05:40:47.181] #314983 INFO LIVE_GAME_RECOVERY match=199 message="正在结束异常炉石进程并重新启动" data={"phase":"launching","attempt":972}
[2026-10-09 05:40:57.326] #314984 INFO LIVE_GAME_RECOVERY match=199 message="正在结束异常炉石进程并重新启动" data={"phase":"launching","attempt":973}
[2026-10-09 05:41:07.470] #314985 INFO LIVE_GAME_RECOVERY match=199 message="正在结束异常炉石进程并重新启动" data={"phase":"launching","attempt":974}
[2026-10-09 05:41:17.639] #314986 INFO LIVE_GAME_RECOVERY match=199 message="正在结束异常炉石进程并重新启动" data={"phase":"launching","attempt":975}
[2026-10-09 05:41:27.819] #314987 INFO LIVE_GAME_RECOVERY match=199 message="正在结束异常炉石进程并重新启动" data={"phase":"launching","attempt":976}
[2026-10-09 05:41:37.978] #314988 INFO LIVE_GAME_RECOVERY match=199 message="正在结束异常炉石进程并重新启动" data={"phase":"launching","attempt":977}
[2026-10-09 05:41:48.119] #314989 INFO LIVE_GAME_RECOVERY match=199 message="正在结束异常炉石进程并重新启动" data={"phase":"launching","attempt":978}
[2026-10-09 05:41:58.267] #314990 INFO LIVE_GAME_RECOVERY match=199 message="正在结束异常炉石进程并重新启动" data={"phase":"launching","attempt":979}
[2026-10-09 05:42:08.425] #314991 INFO LIVE_GAME_RECOVERY match=199 message="正在结束异常炉石进程并重新启动" data={"phase":"launching","attempt":980}
[2026-10-09 05:42:18.572] #314992 INFO LIVE_GAME_RECOVERY match=199 message="正在结束异常炉石进程并重新启动" data={"phase":"launching","attempt":981}
[2026-10-09 05:42:28.714] #314993 INFO LIVE_GAME_RECOVERY match=199 message="正在结束异常炉石进程并重新启动" data={"phase":"launching","attempt":982}
[2026-10-09 05:42:38.889] #314994 INFO LIVE_GAME_RECOVERY match=199 message="正在结束异常炉石进程并重新启动" data={"phase":"launching","attempt":983}
[2026-10-09 05:42:49.043] #314995 INFO LIVE_GAME_RECOVERY match=199 message="正在结束异常炉石进程并重新启动" data={"phase":"launching","attempt":984}
[2026-10-09 05:42:59.214] #314996 INFO LIVE_GAME_RECOVERY match=199 message="正在结束异常炉石进程并重新启动" data={"phase":"launching","attempt":985}
[2026-10-09 05:43:09.351] #314997 INFO LIVE_GAME_RECOVERY match=199 message="正在结束异常炉石进程并重新启动" data={"phase":"launching","attempt":986}
[2026-10-09 05:43:19.510] #314998 INFO LIVE_GAME_RECOVERY match=199 message="正在结束异常炉石进程并重新启动" data={"phase":"launching","attempt":987}
[2026-10-09 05:43:29.672] #314999 INFO LIVE_GAME_RECOVERY match=199 message="正在结束异常炉石进程并重新启动" data={"phase":"launching","attempt":988}
[2026-10-09 05:43:39.852] #315000 INFO LIVE_GAME_RECOVERY match=199 message="正在结束异常炉石进程并重新启动" data={"phase":"launching","attempt":989}
[2026-10-09 05:43:49.994] #315001 INFO LIVE_GAME_RECOVERY match=199 message="正在结束异常炉石进程并重新启动" data={"phase":"launching","attempt":990}
[2026-10-09 05:44:00.163] #315002 INFO LIVE_GAME_RECOVERY match=199 message="正在结束异常炉石进程并重新启动" data={"phase":"launching","attempt":991}
[2026-10-09 05:44:10.289] #315003 INFO LIVE_GAME_RECOVERY match=199 message="正在结束异常炉石进程并重新启动" data={"phase":"launching","attempt":992}
[2026-10-09 05:44:20.445] #315004 INFO LIVE_GAME_RECOVERY match=199 message="正在结束异常炉石进程并重新启动" data={"phase":"launching","attempt":993}
[2026-10-09 05:44:30.655] #315005 INFO LIVE_GAME_RECOVERY match=199 message="正在结束异常炉石进程并重新启动" data={"phase":"launching","attempt":994}
[2026-10-09 05:44:40.808] #315006 INFO LIVE_GAME_RECOVERY match=199 message="正在结束异常炉石进程并重新启动" data={"phase":"launching","attempt":995}
[2026-10-09 05:44:50.983] #315007 INFO LIVE_GAME_RECOVERY match=199 message="正在结束异常炉石进程并重新启动" data={"phase":"launching","attempt":996}
[2026-10-09 05:45:01.150] #315008 INFO LIVE_GAME_RECOVERY match=199 message="正在结束异常炉石进程并重新启动" data={"phase":"launching","attempt":997}
[2026-10-09 05:45:11.306] #315009 INFO LIVE_GAME_RECOVERY match=199 message="正在结束异常炉石进程并重新启动" data={"phase":"launching","attempt":998}
[2026-10-09 05:45:21.472] #315010 INFO LIVE_GAME_RECOVERY match=199 message="正在结束异常炉石进程并重新启动" data={"phase":"launching","attempt":999}
[2026-10-09 05:45:31.642] #315011 INFO LIVE_GAME_RECOVERY match=199 message="正在结束异常炉石进程并重新启动" data={"phase":"launching","attempt":1000}
[2026-10-09 05:45:41.801] #315012 INFO LIVE_GAME_RECOVERY match=199 message="正在结束异常炉石进程并重新启动" data={"phase":"launching","attempt":1001}
[2026-10-09 05:45:51.948] #315013 INFO LIVE_GAME_RECOVERY match=199 message="正在结束异常炉石进程并重新启动" data={"phase":"launching","attempt":1002}
[2026-10-09 05:46:02.101] #315014 INFO LIVE_GAME_RECOVERY match=199 message="正在结束异常炉石进程并重新启动" data={"phase":"launching","attempt":1003}
[2026-10-09 05:46:12.235] #315015 INFO LIVE_GAME_RECOVERY match=199 message="正在结束异常炉石进程并重新启动" data={"phase":"launching","attempt":1004}
[2026-10-09 05:46:22.369] #315016 INFO LIVE_GAME_RECOVERY match=199 message="正在结束异常炉石进程并重新启动" data={"phase":"launching","attempt":1005}
[2026-10-09 05:46:32.486] #315017 INFO LIVE_GAME_RECOVERY match=199 message="正在结束异常炉石进程并重新启动" data={"phase":"launching","attempt":1006}
[2026-10-09 05:46:42.637] #315018 INFO LIVE_GAME_RECOVERY match=199 message="正在结束异常炉石进程并重新启动" data={"phase":"launching","attempt":1007}
[2026-10-09 05:46:42.656] #315019 INFO CONTEXT automationEpoch="623aaa4c-5ba6-4620-b772-989fd54cdbb2"
[2026-10-09 05:46:42.656] #315020 ERROR CONFIG_CACHE_SAVE_FAILED match=199 message="[错误]  安装路径缓存保存失败，原配置保留；本次使用已发现路径" data={"field":"battleNetClientPath"}
