capturedAtUtc=2026-10-10T11:43:20.0451407+00:00
eventName=LOGIN_REQUIRED
summary=[错误]  炉石登录失败，已暂停自动恢复；凭据保留，请检查连接或通过战网重新登录
technicalDetail=炉石登录失败，已暂停自动恢复；凭据保留，请检查连接或通过战网重新登录
turn=-1
actionId=0
--- launcher log tail ---
[2026-10-10 19:42:24.490] #000001 INFO DRAG_TIMING_CONFIG_LOADED message="[19:42:24]  [诊断]  已读取保存的设置"
[2026-10-10 19:42:24.500] #000002 INFO RANDOM_INTERACTION_CONFIG_LOADED message="[19:42:24]  [诊断]  已读取保存的随机交互设置"
[2026-10-10 19:42:25.020] #000003 INFO HOST_STARTING message="[19:42:25]  [系统]  后台服务已启动，正在等待炉石"
[2026-10-10 19:42:25.047] #000004 INFO CONTEXT session="c7988d88-412f-4319-9f78-b66babc2d115" gameEpoch="8a1d3da2-0323-4cc1-be91-35ec736f0602"
[2026-10-10 19:42:25.047] #000005 INFO LIVE_SUPERVISOR_START state={"session":"Starting>WaitingForComponents"} data={"phase":"WaitingForGame","automationEnabled":false,"automationEpoch":"b3e9d956-98d5-4c7a-8d3d-cd70531fb1fa","recommendationSource":"direct"}
[2026-10-10 19:42:25.051] #000006 INFO LIVE_SUPERVISOR_WAITING message="[系统]  正在等待炉石启动" data={"reason":"automation_disabled"}
[2026-10-10 19:42:33.178] #000007 INFO WINDOW_SIZE_CONFIG_SAVED message="[19:42:33]  [诊断]  炉石窗口设置已保存"
[2026-10-10 19:42:33.181] #000008 INFO WINDOW_SIZE_CONFIG_STAGED message="[19:42:33]  [诊断]  窗口设置将在炉石连接就绪后应用"
[2026-10-10 19:42:33.181] #000009 INFO FEATURE_SETTINGS_SAVED message="[19:42:33]  [功能]  所有功能设置已保存"
[2026-10-10 19:42:35.114] #000010 INFO CONTEXT pid=4456 session="c7988d88-412f-4319-9f78-b66babc2d115" gameEpoch="b553d8e9-e9c6-40c3-ae66-2a5f6cd63a95"
[2026-10-10 19:42:35.114] #000011 INFO LIVE_GAME_FOUND pid=4456 state={"hearthstone":"Disconnected>Connected","bridge":"Disconnected>Starting"} message="[系统]  已检测到炉石，正在连接" data={"phase":"Injecting","gameEpoch":"b553d8e9-e9c6-40c3-ae66-2a5f6cd63a95"}
[2026-10-10 19:42:36.376] #000012 INFO LIVE_BRIDGE_PIPE_CONNECTED message="[连接]  炉石连接通道已建立，正在等待游戏完成载入" data={"type":"READY","sessionId":"c7988d88-412f-4319-9f78-b66babc2d115","gameEpoch":"b553d8e9-e9c6-40c3-ae66-2a5f6cd63a95","bridgeIdentity":"HearthstoneBridge.V15, Version=0.15.0.0"}
[2026-10-10 19:42:36.411] #000013 INFO LIVE_BRIDGE_DIAGNOSTIC message="炉石 Bridge 状态已更新" data={"type":"BRIDGE_DIAGNOSTIC","diagnostic":{"state":"Ready","bridgeIdentity":"HearthstoneBridge.V15, Version=0.15.0.0","message":"Bridge configuration accepted; awaiting Unity main-thread schedule.","revision":0,"startupScreenStatus":"waiting","startupScreenDetail":"waiting for the Hearthstone ratings start screen","postGameStatus":"Idle","postGameDetail":"等待对局结束。","postGameObservation":"not_observed","clientPopupGate":"Clear","clientPopupStatus":"WaitingForPopup","clientPopupDetail":"等待任务弹窗。","taskPopupStatus":"WaitingForPopup","taskPopupDetail":"等待任务弹窗。","clientInactivityStatus":"not_requested","clientInactivityDetail":"Bridge 尚未附着，未修改炉石本地 inactivity 检查。","matchmakingState":"idle","matchmakingStage":"Idle","matchmakingFindGameState":"","matchmakingDetail":""}}
[2026-10-10 19:42:36.411] #000014 INFO LIVE_BRIDGE_WAIT action=1 actionId=1 message="[连接]  正在等待炉石完成载入" detail="state=Ready; message=Bridge configuration accepted; awaiting Unity main-thread schedule."
[2026-10-10 19:42:37.462] #000015 INFO LIVE_BRIDGE_DIAGNOSTIC message="炉石 Bridge 状态已更新" data={"type":"BRIDGE_DIAGNOSTIC","diagnostic":{"state":"Ready","bridgeIdentity":"HearthstoneBridge.V15, Version=0.15.0.0","message":"Ready: Unity callback was scheduled.","revision":0,"startupScreenStatus":"waiting","startupScreenDetail":"waiting for the Hearthstone ratings start screen","postGameStatus":"Idle","postGameDetail":"等待对局结束。","postGameObservation":"not_observed","clientPopupGate":"Clear","clientPopupStatus":"WaitingForPopup","clientPopupDetail":"等待任务弹窗。","taskPopupStatus":"WaitingForPopup","taskPopupDetail":"等待任务弹窗。","clientInactivityStatus":"not_requested","clientInactivityDetail":"Bridge 尚未附着，未修改炉石本地 inactivity 检查。","matchmakingState":"idle","matchmakingStage":"Idle","matchmakingFindGameState":"","matchmakingDetail":""}}
[2026-10-10 19:42:37.462] #000016 INFO LIVE_BRIDGE_WAIT action=2 actionId=2 message="正在等待炉石完成载入" detail="state=Ready; message=Ready: Unity callback was scheduled."
[2026-10-10 19:42:38.500] #000017 INFO LIVE_BRIDGE_DIAGNOSTIC message="炉石 Bridge 状态已更新" data={"type":"BRIDGE_DIAGNOSTIC","diagnostic":{"state":"Ready","bridgeIdentity":"HearthstoneBridge.V15, Version=0.15.0.0","message":"Ready: Unity callback was scheduled.","revision":0,"startupScreenStatus":"waiting","startupScreenDetail":"waiting for the Hearthstone ratings start screen","postGameStatus":"Idle","postGameDetail":"等待对局结束。","postGameObservation":"not_observed","clientPopupGate":"Clear","clientPopupStatus":"WaitingForPopup","clientPopupDetail":"等待任务弹窗。","taskPopupStatus":"WaitingForPopup","taskPopupDetail":"等待任务弹窗。","clientInactivityStatus":"not_requested","clientInactivityDetail":"Bridge 尚未附着，未修改炉石本地 inactivity 检查。","matchmakingState":"idle","matchmakingStage":"Idle","matchmakingFindGameState":"","matchmakingDetail":""}}
[2026-10-10 19:42:38.500] #000018 INFO LIVE_BRIDGE_WAIT action=3 actionId=3 message="正在等待炉石完成载入" detail="state=Ready; message=Ready: Unity callback was scheduled."
[2026-10-10 19:42:39.723] #000019 INFO LIVE_BRIDGE_DIAGNOSTIC message="炉石 Bridge 状态已更新" data={"type":"BRIDGE_DIAGNOSTIC","diagnostic":{"state":"Ready","bridgeIdentity":"HearthstoneBridge.V15, Version=0.15.0.0","message":"Ready: Unity callback was scheduled.","revision":0,"startupScreenStatus":"waiting","startupScreenDetail":"waiting for the Hearthstone ratings start screen","postGameStatus":"Idle","postGameDetail":"等待对局结束。","postGameObservation":"not_observed","clientPopupGate":"Clear","clientPopupStatus":"WaitingForPopup","clientPopupDetail":"等待任务弹窗。","taskPopupStatus":"WaitingForPopup","taskPopupDetail":"等待任务弹窗。","clientInactivityStatus":"not_requested","clientInactivityDetail":"Bridge 尚未附着，未修改炉石本地 inactivity 检查。","matchmakingState":"idle","matchmakingStage":"Idle","matchmakingFindGameState":"","matchmakingDetail":""}}
[2026-10-10 19:42:39.723] #000020 INFO LIVE_BRIDGE_WAIT action=4 actionId=4 message="正在等待炉石完成载入" detail="state=Ready; message=Ready: Unity callback was scheduled."
[2026-10-10 19:42:40.820] #000021 INFO LIVE_AUTOMATION_DISABLE_SENT data={"automationEpoch":"b3e9d956-98d5-4c7a-8d3d-cd70531fb1fa","currentAutomationEpoch":"b3e9d956-98d5-4c7a-8d3d-cd70531fb1fa","committedAcrossEpochChange":false}
[2026-10-10 19:42:40.845] #000022 INFO LIVE_CLIENT_MAINTENANCE message="炉石客户端维护" data={"type":"CLIENT_MAINTENANCE","event":"ACSDK_REQUEST_GATE_CONFIGURED","detail":"session archive is ready; interception=off; rules=0; archive=C:\\Users\\HASEE\\Desktop\\HearthPilot\\artifacts\\evidence\\sdk-requests\\c7988d88-412f-4319-9f78-b66babc2d115.","sessionId":"c7988d88-412f-4319-9f78-b66babc2d115","outputPath":"C:\\Users\\HASEE\\Desktop\\HearthPilot\\artifacts\\evidence\\sdk-requests\\c7988d88-412f-4319-9f78-b66babc2d115","occurredAtUtc":"2026-10-10T11:42:36.2047369Z"}
[2026-10-10 19:42:40.845] #000023 INFO LIVE_CLIENT_MAINTENANCE message="炉石客户端维护" data={"type":"CLIENT_MAINTENANCE","event":"ACSDK_REQUEST_GATE_WAITING","detail":"native request hooks will arm at the managed SetupSDK/CallSDK command boundary.","sessionId":"c7988d88-412f-4319-9f78-b66babc2d115","outputPath":"C:\\Users\\HASEE\\Desktop\\HearthPilot\\artifacts\\evidence\\sdk-requests\\c7988d88-412f-4319-9f78-b66babc2d115","occurredAtUtc":"2026-10-10T11:42:36.2625818Z"}
[2026-10-10 19:42:40.845] #000024 INFO LIVE_CLIENT_MAINTENANCE message="炉石客户端维护" data={"type":"CLIENT_MAINTENANCE","event":"ACSDK_CLIENT_LOG_NOT_FOUND","detail":"No ACSdk client log is available yet; client health was not inferred.","state":"log_not_found","logPath":"","offset":0,"observedAtUtc":"2026-10-10T11:42:36.3724476Z"}
[2026-10-10 19:42:40.845] #000025 INFO LIVE_CLIENT_MAINTENANCE message="炉石客户端维护" data={"type":"CLIENT_MAINTENANCE","event":"WINDOW_SIZE_OBSERVATION_FAILED","detail":"window_size_observation_failed:InvalidOperationException"}
[2026-10-10 19:42:40.845] #000026 INFO LIVE_CLIENT_MAINTENANCE message="炉石客户端维护" data={"type":"CLIENT_MAINTENANCE","event":"WINDOW_SIZE_APPLIED","controlRequestId":"","revision":0,"success":true,"detail":"enabled"}
[2026-10-10 19:42:40.848] #000027 INFO WINDOW_SIZE_INITIAL_APPLIED message="[19:42:40]  [诊断]  炉石窗口最小尺寸设置已生效" detail="enabled"
[2026-10-10 19:42:40.855] #000028 INFO LIVE_BRIDGE_DIAGNOSTIC state={"session":"WaitingForComponents>Ready","hearthstone":"Connected>Ready","bridge":"Starting>Ready"} message="炉石 Bridge 已就绪" data={"type":"BRIDGE_DIAGNOSTIC","diagnostic":{"state":"Active","bridgeIdentity":"HearthstoneBridge.V15, Version=0.15.0.0","message":"Unity login observation is active; client input awaits the expected account.","revision":1,"startupScreenStatus":"waiting","startupScreenDetail":"waiting for the Hearthstone ratings start screen","postGameStatus":"Idle","postGameDetail":"等待对局结束。","postGameObservation":"not_observed","clientPopupGate":"Clear","clientPopupStatus":"WaitingForPopup","clientPopupDetail":"等待任务弹窗。","taskPopupStatus":"WaitingForPopup","taskPopupDetail":"等待任务弹窗。","clientInactivityStatus":"not_requested","clientInactivityDetail":"Bridge 尚未附着，未修改炉石本地 inactivity 检查。","matchmakingState":"idle","matchmakingStage":"Idle","matchmakingFindGameState":"","matchmakingDetail":""}}
[2026-10-10 19:42:40.855] #000029 INFO WINDOW_SIZE_CONFIG_PENDING message="[19:42:40]  [诊断]  窗口设置更新已提交，等待客户端确认"
[2026-10-10 19:42:40.877] #000030 INFO LIVE_WINDOW_SIZE_SENT data={"automationEpoch":"00000000-0000-0000-0000-000000000000","currentAutomationEpoch":"b3e9d956-98d5-4c7a-8d3d-cd70531fb1fa","committedAcrossEpochChange":false}
[2026-10-10 19:42:56.467] #000031 INFO LIVE_CLIENT_MAINTENANCE message="炉石客户端维护" data={"type":"CLIENT_MAINTENANCE","event":"WINDOW_SIZE_APPLIED","controlRequestId":"0b8b7da1-e596-49e3-a266-30417151056e","revision":1,"success":true,"detail":"enabled"}
[2026-10-10 19:42:56.469] #000032 INFO WINDOW_SIZE_APPLIED message="[19:42:56]  [功能]  炉石窗口最小尺寸已更新为 144×108 像素" detail="enabled"
[2026-10-10 19:42:57.127] #000033 INFO LIVE_CLIENT_MAINTENANCE message="炉石客户端维护" data={"type":"CLIENT_MAINTENANCE","event":"WINDOW_SIZE_OBSERVED","enabled":true,"sequence":1,"width":400,"height":400,"detail":"400x400"}
[2026-10-10 19:43:01.816] #000034 INFO CONTEXT pid=4456 session="c7988d88-412f-4319-9f78-b66babc2d115" gameEpoch="b553d8e9-e9c6-40c3-ae66-2a5f6cd63a95" automationEpoch="c0001752-eebe-4dd3-b087-d306aa80c59f"
[2026-10-10 19:43:01.816] #000035 INFO LIVE_AUTOMATION_DISABLED message="[系统]  HearthPilot 已停止，进入待机状态" data={"automationEnabled":false,"automationEpoch":"c0001752-eebe-4dd3-b087-d306aa80c59f","controlRequestId":null}
[2026-10-10 19:43:01.816] #000036 ERROR LIVE_CLIENT_MAINTENANCE pid=4456 message="[错误]  炉石登录失败，已暂停自动恢复；凭据保留，请检查连接或通过战网重新登录" data={"type":"CLIENT_MAINTENANCE","event":"LOGIN_REQUIRED","detail":"炉石登录失败，已暂停自动恢复；凭据保留，请检查连接或通过战网重新登录"}
[2026-10-10 19:43:01.832] #000037 INFO LIVE_AUTOMATION_DISABLE_SENT data={"automationEpoch":"c0001752-eebe-4dd3-b087-d306aa80c59f","currentAutomationEpoch":"c0001752-eebe-4dd3-b087-d306aa80c59f","committedAcrossEpochChange":false}
[2026-10-10 19:43:01.852] #000038 INFO LIVE_FRIENDS_SCREENSHOT_SENT data={"automationEpoch":"c0001752-eebe-4dd3-b087-d306aa80c59f","currentAutomationEpoch":"c0001752-eebe-4dd3-b087-d306aa80c59f","committedAcrossEpochChange":false}
[2026-10-10 19:43:19.880] #000039 INFO LIVE_FRIENDS_SCREENSHOT_SENT data={"automationEpoch":"c0001752-eebe-4dd3-b087-d306aa80c59f","currentAutomationEpoch":"c0001752-eebe-4dd3-b087-d306aa80c59f","committedAcrossEpochChange":false}
[2026-10-10 19:43:19.880] #000040 INFO LIVE_FRIENDS_SCREENSHOT_RESULT data={"type":"FRIENDS_SCREENSHOT_RESULT","requestId":"448af13d-d843-4a10-916f-a4aabcaf3809","workflowId":"00c7a59c-7de5-40f7-a1a8-4ab2a14c91f3","operation":"native","success":false,"reason":"native_screenshot_cancelled","restricted":false,"scene":""}
[2026-10-10 19:43:19.880] #000041 INFO LIVE_FRIENDS_SCREENSHOT_RESULT data={"type":"FRIENDS_SCREENSHOT_RESULT","requestId":"d9dab28e-ebe7-4814-82b3-37c5cb8975fc","workflowId":"00c7a59c-7de5-40f7-a1a8-4ab2a14c91f3","operation":"cancel-native","success":true,"reason":"","restricted":false,"scene":""}
