capturedAtUtc=2026-09-25T04:46:08.7834457+00:00
eventName=LIVE_SESSION_ERROR
summary=[错误]  炉石连接异常：炉石注入组件启动失败，炉石保持运行，请重启炉石后重试
technicalDetail=System.AggregateException: Bridge attach failed and cleanup did not complete. (Bridge Start failed: HSLaunchBootstrapStartBridgeW returned Win32 status 5023; parameter memory released=True.; startupDiagnostic=D:\HearthPilot\Logs\Bootstrap\startup-60b02930ee0a48c9bd7621b350638a77-9dd4c7588981457db5bcf0e586b0665a-29724-47ef86cca10348188cedfb52e6b9cf2e.json; nativeStatus={
  "schemaVersion": 1,
  "component": "HSLaunch.NativeBootstrap",
  "state": "Faulted",
  "processId": 29724,
  "workerThreadId": 0,
  "lastCallThreadId": 5464,
  "win32Error": 5023,
  "monoModulePresent": true,
  "threadAttached": false,
  "threadDetached": false,
  "rootDomain": "0x0",
  "currentDomainBeforeAttach": "0x0",
  "currentDomainAfterAttach": "0x0",
  "attachedThread": "0x0",
  "runtimeBuildInfo": "",
  "bridgeStarted": false,
  "unityProbeRequested": false,
  "bridgePath": "D:\\HearthPilot\\src\\HearthstoneBridge\\bin\\Release\\net472\\HearthstoneBridge.V15.dll",
  "bridgeResult": "",
  "lastError": "mono_get_root_domain returned null."
}
) (bridge_stop_failed: HSLaunchBootstrapStop returned Win32 status 5023; parameter memory released=True.)
 ---> System.InvalidOperationException: Bridge Start failed: HSLaunchBootstrapStartBridgeW returned Win32 status 5023; parameter memory released=True.; startupDiagnostic=D:\HearthPilot\Logs\Bootstrap\startup-60b02930ee0a48c9bd7621b350638a77-9dd4c7588981457db5bcf0e586b0665a-29724-47ef86cca10348188cedfb52e6b9cf2e.json; nativeStatus={
  "schemaVersion": 1,
  "component": "HSLaunch.NativeBootstrap",
  "state": "Faulted",
  "processId": 29724,
  "workerThreadId": 0,
  "lastCallThreadId": 5464,
  "win32Error": 5023,
  "monoModulePresent": true,
  "threadAttached": false,
  "threadDetached": false,
  "rootDomain": "0x0",
  "currentDomainBeforeAttach": "0x0",
  "currentDomainAfterAttach": "0x0",
  "attachedThread": "0x0",
  "runtimeBuildInfo": "",
  "bridgeStarted": false,
  "unityProbeRequested": false,
  "bridgePath": "D:\\HearthPilot\\src\\HearthstoneBridge\\bin\\Release\\net472\\HearthstoneBridge.V15.dll",
  "bridgeResult": "",
  "lastError": "mono_get_root_domain returned null."
}

   at HSLaunch.Mvp.BridgeStartupDiagnostics.Start(Func`3 invoke, Int32 processId, String bridgePath, String configurationDirectory, Guid sessionId, Guid gameEpoch)
   at HSLaunch.Mvp.Program.AttachGameAsync(MvpConfiguration config, Process hearthstone, Guid sessionId, LiveSupervisorState state, String bootstrapPath, String bridgePath, String hookDllPath, CancellationToken shutdown, Func`2 cleanupEventSink)
   --- End of inner exception stack trace ---
   at HSLaunch.Mvp.Program.AttachGameAsync(MvpConfiguration config, Process hearthstone, Guid sessionId, LiveSupervisorState state, String bootstrapPath, String bridgePath, String hookDllPath, CancellationToken shutdown, Func`2 cleanupEventSink)
   at HSLaunch.Mvp.Program.RunLiveSupervisorAsync(MvpConfiguration config, Boolean autoExecute, Boolean stdinControl, TextReader controlInput, CancellationToken cancellation, Action`1 deferredCleanupObserver, Func`2 cleanupEventSink, Func`1 findGame)
 ---> (Inner Exception #1) System.InvalidOperationException: bridge_stop_failed: HSLaunchBootstrapStop returned Win32 status 5023; parameter memory released=True.<---

turn=-1
actionId=0
--- launcher log tail ---
[2026-09-25 12:46:07.989] #000001 INFO DRAG_TIMING_CONFIG_LOADED message="[12:46:07]  [功能]  已读取保存的设置"
[2026-09-25 12:46:07.996] #000002 INFO RANDOM_INTERACTION_CONFIG_LOADED message="[12:46:07]  [功能]  已读取保存的随机交互设置"
[2026-09-25 12:46:08.323] #000003 INFO HOST_STARTING message="[12:46:08]  [系统]  后台服务已启动，正在等待炉石"
[2026-09-25 12:46:08.338] #000004 INFO CONTEXT session="60b02930-ee0a-48c9-bd76-21b350638a77" gameEpoch="1c66caa1-69c1-4b6c-968d-af1b50685cdf"
[2026-09-25 12:46:08.338] #000005 INFO LIVE_SUPERVISOR_START state={"session":"Starting>WaitingForComponents"} data={"phase":"WaitingForGame","automationEnabled":false,"automationEpoch":"a6f7f0e9-91c8-42c4-a53e-28b46ef71f58","recommendationSource":"direct"}
[2026-09-25 12:46:08.356] #000006 INFO CONTEXT pid=29724 session="60b02930-ee0a-48c9-bd76-21b350638a77" gameEpoch="9dd4c758-8981-457d-b5bc-f0e586b0665a"
[2026-09-25 12:46:08.356] #000007 INFO LIVE_GAME_FOUND pid=29724 state={"hearthstone":"Disconnected>Connected","bridge":"Disconnected>Starting"} message="[系统]  已检测到炉石，正在连接" data={"phase":"Injecting","gameEpoch":"9dd4c758-8981-457d-b5bc-f0e586b0665a"}
[2026-09-25 12:46:08.542] #000008 ERROR LIVE_SESSION_ERROR pid=29724 state={"session":"WaitingForComponents>Error"} message="[错误]  炉石连接异常：炉石注入组件启动失败，炉石保持运行，请重启炉石后重试" data={"kind":"ComponentFault","component":"attachment","code":null,"normal":false,"detail":"System.AggregateException: Bridge attach failed and cleanup did not complete. (Bridge Start failed: HSLaunchBootstrapStartBridgeW returned Win32 status 5023; parameter memory released=True.; startupDiagnostic=D:\\HearthPilot\\Logs\\Bootstrap\\startup-60b02930ee0a48c9bd7621b350638a77-9dd4c7588981457db5bcf0e586b0665a-29724-47ef86cca10348188cedfb52e6b9cf2e.json; nativeStatus={\n  \"schemaVersion\": 1,\n  \"component\": \"HSLaunch.NativeBootstrap\",\n  \"state\": \"Faulted\",\n  \"processId\": 29724,\n  \"workerThreadId\": 0,\n  \"lastCallThreadId\": 5464,\n  \"win32Error\": 5023,\n  \"monoModulePresent\": true,\n  \"threadAttached\": false,\n  \"threadDetached\": false,\n  \"rootDomain\": \"0x0\",\n  \"currentDomainBeforeAttach\": \"0x0\",\n  \"currentDomainAfterAttach\": \"0x0\",\n  \"attachedThread\": \"0x0\",\n  \"runtimeBuildInfo\": \"\",\n  \"bridgeStarted\": false,\n  \"unityProbeRequested\": false,\n  \"bridgePath\": \"D:\\\\HearthPilot\\\\src\\\\HearthstoneBridge\\\\bin\\\\Release\\\\net472\\\\HearthstoneBridge.V15.dll\",\n  \"bridgeResult\": \"\",\n  \"lastError\": \"mono_get_root_domain returned null.\"\n}\n) (bridge_stop_failed: HSLaunchBootstrapStop returned Win32 status 5023; parameter memory released=True.)\r\n ---> System.InvalidOperationException: Bridge Start failed: HSLaunchBootstrapStartBridgeW returned Win32 status 5023; parameter memory released=True.; startupDiagnostic=D:\\HearthPilot\\Logs\\Bootstrap\\startup-60b02930ee0a48c9bd7621b350638a77-9dd4c7588981457db5bcf0e586b0665a-29724-47ef86cca10348188cedfb52e6b9cf2e.json; nativeStatus={\n  \"schemaVersion\": 1,\n  \"component\": \"HSLaunch.NativeBootstrap\",\n  \"state\": \"Faulted\",\n  \"processId\": 29724,\n  \"workerThreadId\": 0,\n  \"lastCallThreadId\": 5464,\n  \"win32Error\": 5023,\n  \"monoModulePresent\": true,\n  \"threadAttached\": false,\n  \"threadDetached\": false,\n  \"rootDomain\": \"0x0\",\n  \"currentDomainBeforeAttach\": \"0x0\",\n  \"currentDomainAfterAttach\": \"0x0\",\n  \"attachedThread\": \"0x0\",\n  \"runtimeBuildInfo\": \"\",\n  \"bridgeStarted\": false,\n  \"unityProbeRequested\": false,\n  \"bridgePath\": \"D:\\\\HearthPilot\\\\src\\\\HearthstoneBridge\\\\bin\\\\Release\\\\net472\\\\HearthstoneBridge.V15.dll\",\n  \"bridgeResult\": \"\",\n  \"lastError\": \"mono_get_root_domain returned null.\"\n}\n\r\n   at HSLaunch.Mvp.BridgeStartupDiagnostics.Start(Func`3 invoke, Int32 processId, String bridgePath, String configurationDirectory, Guid sessionId, Guid gameEpoch)\r\n   at HSLaunch.Mvp.Program.AttachGameAsync(MvpConfiguration config, Process hearthstone, Guid sessionId, LiveSupervisorState state, String bootstrapPath, String bridgePath, String hookDllPath, CancellationToken shutdown, Func`2 cleanupEventSink)\r\n   --- End of inner exception stack trace ---\r\n   at HSLaunch.Mvp.Program.AttachGameAsync(MvpConfiguration config, Process hearthstone, Guid sessionId, LiveSupervisorState state, String bootstrapPath, String bridgePath, String hookDllPath, CancellationToken shutdown, Func`2 cleanupEventSink)\r\n   at HSLaunch.Mvp.Program.RunLiveSupervisorAsync(MvpConfiguration config, Boolean autoExecute, Boolean stdinControl, TextReader controlInput, CancellationToken cancellation, Action`1 deferredCleanupObserver, Func`2 cleanupEventSink, Func`1 findGame)\r\n ---> (Inner Exception #1) System.InvalidOperationException: bridge_stop_failed: HSLaunchBootstrapStop returned Win32 status 5023; parameter memory released=True.<---\r\n"}
[2026-09-25 12:46:08.543] #000009 INFO CONTEXT pid=29724 session="60b02930-ee0a-48c9-bd76-21b350638a77" gameEpoch="cd80ab57-c723-41eb-9380-a7f6e7441a50"
[2026-09-25 12:46:08.543] #000010 INFO LIVE_GAME_RECOVERY pid=29724 message="炉石连接失败，已保留炉石；请重启炉石后重试" data={"phase":"process_preserved","pid":29724,"recovery":"awaiting_process_restart","detail":"Hearthstone connection failed; the game process remains running and must be restarted before another attachment."}
[2026-09-25 12:46:08.544] #000011 WARN LIVE_GAME_LOST pid=29724 state={"session":"Error>WaitingForComponents","hearthstone":"Connected>Disconnected","bridge":"Starting>Disconnected"} message="[警告]  炉石连接已断开，正在自动重连" data={"component":"attachment","code":"","detail":"System.AggregateException: Bridge attach failed and cleanup did not complete. (Bridge Start failed: HSLaunchBootstrapStartBridgeW returned Win32 status 5023; parameter memory released=True.; startupDiagnostic=D:\\HearthPilot\\Logs\\Bootstrap\\startup-60b02930ee0a48c9bd7621b350638a77-9dd4c7588981457db5bcf0e586b0665a-29724-47ef86cca10348188cedfb52e6b9cf2e.json; nativeStatus={\n  \"schemaVersion\": 1,\n  \"component\": \"HSLaunch.NativeBootstrap\",\n  \"state\": \"Faulted\",\n  \"processId\": 29724,\n  \"workerThreadId\": 0,\n  \"lastCallThreadId\": 5464,\n  \"win32Error\": 5023,\n  \"monoModulePresent\": true,\n  \"threadAttached\": false,\n  \"threadDetached\": false,\n  \"rootDomain\": \"0x0\",\n  \"currentDomainBeforeAttach\": \"0x0\",\n  \"currentDomainAfterAttach\": \"0x0\",\n  \"attachedThread\": \"0x0\",\n  \"runtimeBuildInfo\": \"\",\n  \"bridgeStarted\": false,\n  \"unityProbeRequested\": false,\n  \"bridgePath\": \"D:\\\\HearthPilot\\\\src\\\\HearthstoneBridge\\\\bin\\\\Release\\\\net472\\\\HearthstoneBridge.V15.dll\",\n  \"bridgeResult\": \"\",\n  \"lastError\": \"mono_get_root_domain returned null.\"\n}\n) (bridge_stop_failed: HSLaunchBootstrapStop returned Win32 status 5023; parameter memory released=True.)\r\n ---> System.InvalidOperationException: Bridge Start failed: HSLaunchBootstrapStartBridgeW returned Win32 status 5023; parameter memory released=True.; startupDiagnostic=D:\\HearthPilot\\Logs\\Bootstrap\\startup-60b02930ee0a48c9bd7621b350638a77-9dd4c7588981457db5bcf0e586b0665a-29724-47ef86cca10348188cedfb52e6b9cf2e.json; nativeStatus={\n  \"schemaVersion\": 1,\n  \"component\": \"HSLaunch.NativeBootstrap\",\n  \"state\": \"Faulted\",\n  \"processId\": 29724,\n  \"workerThreadId\": 0,\n  \"lastCallThreadId\": 5464,\n  \"win32Error\": 5023,\n  \"monoModulePresent\": true,\n  \"threadAttached\": false,\n  \"threadDetached\": false,\n  \"rootDomain\": \"0x0\",\n  \"currentDomainBeforeAttach\": \"0x0\",\n  \"currentDomainAfterAttach\": \"0x0\",\n  \"attachedThread\": \"0x0\",\n  \"runtimeBuildInfo\": \"\",\n  \"bridgeStarted\": false,\n  \"unityProbeRequested\": false,\n  \"bridgePath\": \"D:\\\\HearthPilot\\\\src\\\\HearthstoneBridge\\\\bin\\\\Release\\\\net472\\\\HearthstoneBridge.V15.dll\",\n  \"bridgeResult\": \"\",\n  \"lastError\": \"mono_get_root_domain returned null.\"\n}\n\r\n   at HSLaunch.Mvp.BridgeStartupDiagnostics.Start(Func`3 invoke, Int32 processId, String bridgePath, String configurationDirectory, Guid sessionId, Guid gameEpoch)\r\n   at HSLaunch.Mvp.Program.AttachGameAsync(MvpConfiguration config, Process hearthstone, Guid sessionId, LiveSupervisorState state, String bootstrapPath, String bridgePath, String hookDllPath, CancellationToken shutdown, Func`2 cleanupEventSink)\r\n   --- End of inner exception stack trace ---\r\n   at HSLaunch.Mvp.Program.AttachGameAsync(MvpConfiguration config, Process hearthstone, Guid sessionId, LiveSupervisorState state, String bootstrapPath, String bridgePath, String hookDllPath, CancellationToken shutdown, Func`2 cleanupEventSink)\r\n   at HSLaunch.Mvp.Program.RunLiveSupervisorAsync(MvpConfiguration config, Boolean autoExecute, Boolean stdinControl, TextReader controlInput, CancellationToken cancellation, Action`1 deferredCleanupObserver, Func`2 cleanupEventSink, Func`1 findGame)\r\n ---> (Inner Exception #1) System.InvalidOperationException: bridge_stop_failed: HSLaunchBootstrapStop returned Win32 status 5023; parameter memory released=True.<---\r\n","recovery":"awaiting_process_restart","silent":false}
[2026-09-25 12:46:08.545] #000012 WARN LIVE_RECONNECTING pid=29724 message="[警告]  炉石连接已断开，正在自动重连" data={"phase":"Reconnecting","component":"attachment","code":"","recovery":"awaiting_process_restart","silent":false}
