capturedAtUtc=2026-10-08T20:33:05.2930518+00:00
eventName=CONFIG_CACHE_SAVE_FAILED
summary=[错误]  安装路径缓存保存失败，原配置保留；本次使用已发现路径
technicalDetail=System.IO.IOException: 无法删除要被替换的文件。
   at HSLaunch.Installation.CoreConfigurationFile.Update(String path, Action`1 update)
   at HSLaunch.Mvp.Program.RememberDiscoveredPath(MvpConfiguration config, String name, String path)
config.stage=replace; config.hresult=0x80070497; config.path=D:\HearthPilot\config\mvp.json; config.originalState=unchanged; config.exists=True; config.attributes=Archive; config.storageDiagnostics={"schema":1,"observedAtUtc":"2026-10-08T20:33:05.113639+00:00","process":{"status":"ok","value":{"pid":4740,"name":"VC_redist.x86","path":"D:\\HearthPilot\\temp\\run-qhj8cM714leDWCDjOO6z\\VC_redist.x86.exe","startedAtUtc":"2026-10-08T00:52:53.572305Z","runtimePath":"D:\\HearthPilot\\temp\\run-qhj8cM714leDWCDjOO6z\\HearthPilot.Runtime.dll","runtimeMvid":"88c89d6d-5e5f-4c2b-b13e-f610cfbaa4e5","os":"Microsoft Windows 10.0.26200","framework":".NET 8.0.31"}},"target":{"path":"D:\\HearthPilot\\config\\mvp.json","metadata":{"status":"ok","value":{"length":3254,"attributes":"Archive","createdAtUtc":"2026-08-18T10:11:26.2909729Z","writtenAtUtc":"2026-10-08T20:32:54.9327726Z"}},"security":{"status":"ok","value":"O:BAD:AI(A;;FA;;;BA)(A;ID;0x1301bf;;;S-1-5-21-4289986086-1019036309-384907593-1006)(A;ID;0x1301bf;;;S-1-5-21-1112702472-294033110-943793086-1202962067)(A;ID;0x110156;;;S-1-4-293348679-251070228)(A;ID;0x1301bf;;;S-1-5-21-4289986086-1019036309-384907593-1003)(A;ID;0x1301bf;;;S-1-5-21-994816172-3973745014-2537952669-4065088193)(A;ID;FA;;;BA)(A;ID;FA;;;SY)(A;ID;0x1301bf;;;AU)(A;ID;0x1200a9;;;BU)"}},"candidate":{"path":"D:\\HearthPilot\\config\\mvp.json.f9f42ec7af1941ada321512782a7220d.tmp","metadata":{"status":"ok","value":{"length":3254,"attributes":"Archive","createdAtUtc":"2026-08-18T10:11:26.2909729Z","writtenAtUtc":"2026-10-08T20:33:05.1099129Z"}},"security":{"status":"ok","value":"O:BAD:AI(A;;FA;;;BA)(A;ID;0x1301bf;;;S-1-5-21-4289986086-1019036309-384907593-1006)(A;ID;0x1301bf;;;S-1-5-21-1112702472-294033110-943793086-1202962067)(A;ID;0x110156;;;S-1-4-293348679-251070228)(A;ID;0x1301bf;;;S-1-5-21-4289986086-1019036309-384907593-1003)(A;ID;0x1301bf;;;S-1-5-21-994816172-3973745014-2537952669-4065088193)(A;ID;FA;;;BA)(A;ID;FA;;;SY)(A;ID;0x1301bf;;;AU)(A;ID;0x1200a9;;;BU)"}},"directorySecurity":{"status":"ok","value":"O:S-1-5-21-4289986086-1019036309-384907593-1001D:AI(A;OICIID;0x1301bf;;;S-1-5-21-4289986086-1019036309-384907593-1006)(A;OICIID;0x1301bf;;;S-1-5-21-1112702472-294033110-943793086-1202962067)(A;OICIID;0x110156;;;S-1-4-293348679-251070228)(A;OICIID;0x1301bf;;;S-1-5-21-4289986086-1019036309-384907593-1003)(A;OICIID;0x1301bf;;;S-1-5-21-994816172-3973745014-2537952669-4065088193)(A;ID;FA;;;BA)(A;OICIIOID;GA;;;BA)(A;ID;FA;;;SY)(A;OICIIOID;GA;;;SY)(A;ID;0x1301bf;;;AU)(A;OICIIOID;SDGXGWGR;;;AU)(A;ID;0x1200a9;;;BU)(A;OICIIOID;GXGR;;;BU)"},"token":{"status":"ok","value":{"userSid":"S-1-5-21-4289986086-1019036309-384907593-1001","impersonation":"None","elevated":true,"elevationError":0}},"access":{"status":"ok","value":{"read":{"opened":true,"win32Error":0},"write":{"opened":true,"win32Error":0},"delete":{"opened":true,"win32Error":0},"readControl":{"opened":true,"win32Error":0}}},"holders":{"status":"ok","value":{"result":{"stage":"list","win32Error":0,"needed":0,"rebootReasons":0,"processes":[]},"endSessionError":0}},"elapsedMilliseconds":9}; config.temporaryExists=False
turn=-1
actionId=0
--- launcher log tail ---
[2026-10-09 03:54:39.696] #314341 INFO LIVE_GAME_RECOVERY match=199 message="正在结束异常炉石进程并重新启动" data={"phase":"launching","attempt":345}
[2026-10-09 03:54:49.832] #314342 INFO LIVE_GAME_RECOVERY match=199 message="正在结束异常炉石进程并重新启动" data={"phase":"launching","attempt":346}
[2026-10-09 03:55:00.013] #314343 INFO LIVE_GAME_RECOVERY match=199 message="正在结束异常炉石进程并重新启动" data={"phase":"launching","attempt":347}
[2026-10-09 03:55:10.175] #314344 INFO LIVE_GAME_RECOVERY match=199 message="正在结束异常炉石进程并重新启动" data={"phase":"launching","attempt":348}
[2026-10-09 03:55:20.369] #314345 INFO LIVE_GAME_RECOVERY match=199 message="正在结束异常炉石进程并重新启动" data={"phase":"launching","attempt":349}
[2026-10-09 03:55:30.512] #314346 INFO LIVE_GAME_RECOVERY match=199 message="正在结束异常炉石进程并重新启动" data={"phase":"launching","attempt":350}
[2026-10-09 03:55:40.667] #314347 INFO LIVE_GAME_RECOVERY match=199 message="正在结束异常炉石进程并重新启动" data={"phase":"launching","attempt":351}
[2026-10-09 03:55:50.795] #314348 INFO LIVE_GAME_RECOVERY match=199 message="正在结束异常炉石进程并重新启动" data={"phase":"launching","attempt":352}
[2026-10-09 03:56:00.943] #314349 INFO LIVE_GAME_RECOVERY match=199 message="正在结束异常炉石进程并重新启动" data={"phase":"launching","attempt":353}
[2026-10-09 03:56:11.093] #314350 INFO LIVE_GAME_RECOVERY match=199 message="正在结束异常炉石进程并重新启动" data={"phase":"launching","attempt":354}
[2026-10-09 03:56:21.257] #314351 INFO LIVE_GAME_RECOVERY match=199 message="正在结束异常炉石进程并重新启动" data={"phase":"launching","attempt":355}
[2026-10-09 03:56:31.425] #314352 INFO LIVE_GAME_RECOVERY match=199 message="正在结束异常炉石进程并重新启动" data={"phase":"launching","attempt":356}
[2026-10-09 03:56:41.595] #314353 INFO LIVE_GAME_RECOVERY match=199 message="正在结束异常炉石进程并重新启动" data={"phase":"launching","attempt":357}
[2026-10-09 03:56:51.741] #314354 INFO LIVE_GAME_RECOVERY match=199 message="正在结束异常炉石进程并重新启动" data={"phase":"launching","attempt":358}
[2026-10-09 03:57:01.912] #314355 INFO LIVE_GAME_RECOVERY match=199 message="正在结束异常炉石进程并重新启动" data={"phase":"launching","attempt":359}
[2026-10-09 03:57:12.061] #314356 INFO LIVE_GAME_RECOVERY match=199 message="正在结束异常炉石进程并重新启动" data={"phase":"launching","attempt":360}
[2026-10-09 03:57:22.228] #314357 INFO LIVE_GAME_RECOVERY match=199 message="正在结束异常炉石进程并重新启动" data={"phase":"launching","attempt":361}
[2026-10-09 03:57:32.382] #314358 INFO LIVE_GAME_RECOVERY match=199 message="正在结束异常炉石进程并重新启动" data={"phase":"launching","attempt":362}
[2026-10-09 03:57:42.539] #314359 INFO LIVE_GAME_RECOVERY match=199 message="正在结束异常炉石进程并重新启动" data={"phase":"launching","attempt":363}
[2026-10-09 03:57:52.707] #314360 INFO LIVE_GAME_RECOVERY match=199 message="正在结束异常炉石进程并重新启动" data={"phase":"launching","attempt":364}
[2026-10-09 03:58:02.835] #314361 INFO LIVE_GAME_RECOVERY match=199 message="正在结束异常炉石进程并重新启动" data={"phase":"launching","attempt":365}
[2026-10-09 03:58:12.973] #314362 INFO LIVE_GAME_RECOVERY match=199 message="正在结束异常炉石进程并重新启动" data={"phase":"launching","attempt":366}
[2026-10-09 03:58:23.139] #314363 INFO LIVE_GAME_RECOVERY match=199 message="正在结束异常炉石进程并重新启动" data={"phase":"launching","attempt":367}
[2026-10-09 03:58:33.305] #314364 INFO LIVE_GAME_RECOVERY match=199 message="正在结束异常炉石进程并重新启动" data={"phase":"launching","attempt":368}
[2026-10-09 03:58:43.460] #314365 INFO LIVE_GAME_RECOVERY match=199 message="正在结束异常炉石进程并重新启动" data={"phase":"launching","attempt":369}
[2026-10-09 03:58:53.626] #314366 INFO LIVE_GAME_RECOVERY match=199 message="正在结束异常炉石进程并重新启动" data={"phase":"launching","attempt":370}
[2026-10-09 03:59:03.792] #314367 INFO LIVE_GAME_RECOVERY match=199 message="正在结束异常炉石进程并重新启动" data={"phase":"launching","attempt":371}
[2026-10-09 03:59:13.964] #314368 INFO LIVE_GAME_RECOVERY match=199 message="正在结束异常炉石进程并重新启动" data={"phase":"launching","attempt":372}
[2026-10-09 03:59:24.116] #314369 INFO LIVE_GAME_RECOVERY match=199 message="正在结束异常炉石进程并重新启动" data={"phase":"launching","attempt":373}
[2026-10-09 03:59:34.250] #314370 INFO LIVE_GAME_RECOVERY match=199 message="正在结束异常炉石进程并重新启动" data={"phase":"launching","attempt":374}
[2026-10-09 03:59:44.403] #314371 INFO LIVE_GAME_RECOVERY match=199 message="正在结束异常炉石进程并重新启动" data={"phase":"launching","attempt":375}
[2026-10-09 03:59:54.543] #314372 INFO LIVE_GAME_RECOVERY match=199 message="正在结束异常炉石进程并重新启动" data={"phase":"launching","attempt":376}
[2026-10-09 04:00:04.705] #314373 INFO LIVE_GAME_RECOVERY match=199 message="正在结束异常炉石进程并重新启动" data={"phase":"launching","attempt":377}
[2026-10-09 04:00:14.841] #314374 INFO LIVE_GAME_RECOVERY match=199 message="正在结束异常炉石进程并重新启动" data={"phase":"launching","attempt":378}
[2026-10-09 04:00:24.978] #314375 INFO LIVE_GAME_RECOVERY match=199 message="正在结束异常炉石进程并重新启动" data={"phase":"launching","attempt":379}
[2026-10-09 04:00:35.139] #314376 INFO LIVE_GAME_RECOVERY match=199 message="正在结束异常炉石进程并重新启动" data={"phase":"launching","attempt":380}
[2026-10-09 04:00:45.293] #314377 INFO LIVE_GAME_RECOVERY match=199 message="正在结束异常炉石进程并重新启动" data={"phase":"launching","attempt":381}
[2026-10-09 04:00:55.415] #314378 INFO LIVE_GAME_RECOVERY match=199 message="正在结束异常炉石进程并重新启动" data={"phase":"launching","attempt":382}
[2026-10-09 04:01:05.555] #314379 INFO LIVE_GAME_RECOVERY match=199 message="正在结束异常炉石进程并重新启动" data={"phase":"launching","attempt":383}
[2026-10-09 04:01:15.728] #314380 INFO LIVE_GAME_RECOVERY match=199 message="正在结束异常炉石进程并重新启动" data={"phase":"launching","attempt":384}
[2026-10-09 04:01:25.859] #314381 INFO LIVE_GAME_RECOVERY match=199 message="正在结束异常炉石进程并重新启动" data={"phase":"launching","attempt":385}
[2026-10-09 04:01:36.013] #314382 INFO LIVE_GAME_RECOVERY match=199 message="正在结束异常炉石进程并重新启动" data={"phase":"launching","attempt":386}
[2026-10-09 04:01:46.173] #314383 INFO LIVE_GAME_RECOVERY match=199 message="正在结束异常炉石进程并重新启动" data={"phase":"launching","attempt":387}
[2026-10-09 04:01:56.339] #314384 INFO LIVE_GAME_RECOVERY match=199 message="正在结束异常炉石进程并重新启动" data={"phase":"launching","attempt":388}
[2026-10-09 04:02:06.487] #314385 INFO LIVE_GAME_RECOVERY match=199 message="正在结束异常炉石进程并重新启动" data={"phase":"launching","attempt":389}
[2026-10-09 04:02:16.665] #314386 INFO LIVE_GAME_RECOVERY match=199 message="正在结束异常炉石进程并重新启动" data={"phase":"launching","attempt":390}
[2026-10-09 04:02:26.794] #314387 INFO LIVE_GAME_RECOVERY match=199 message="正在结束异常炉石进程并重新启动" data={"phase":"launching","attempt":391}
[2026-10-09 04:02:36.941] #314388 INFO LIVE_GAME_RECOVERY match=199 message="正在结束异常炉石进程并重新启动" data={"phase":"launching","attempt":392}
[2026-10-09 04:02:47.105] #314389 INFO LIVE_GAME_RECOVERY match=199 message="正在结束异常炉石进程并重新启动" data={"phase":"launching","attempt":393}
[2026-10-09 04:02:57.264] #314390 INFO LIVE_GAME_RECOVERY match=199 message="正在结束异常炉石进程并重新启动" data={"phase":"launching","attempt":394}
[2026-10-09 04:03:07.391] #314391 INFO LIVE_GAME_RECOVERY match=199 message="正在结束异常炉石进程并重新启动" data={"phase":"launching","attempt":395}
[2026-10-09 04:03:17.562] #314392 INFO LIVE_GAME_RECOVERY match=199 message="正在结束异常炉石进程并重新启动" data={"phase":"launching","attempt":396}
[2026-10-09 04:03:27.724] #314393 INFO LIVE_GAME_RECOVERY match=199 message="正在结束异常炉石进程并重新启动" data={"phase":"launching","attempt":397}
[2026-10-09 04:03:37.902] #314394 INFO LIVE_GAME_RECOVERY match=199 message="正在结束异常炉石进程并重新启动" data={"phase":"launching","attempt":398}
[2026-10-09 04:03:48.053] #314395 INFO LIVE_GAME_RECOVERY match=199 message="正在结束异常炉石进程并重新启动" data={"phase":"launching","attempt":399}
[2026-10-09 04:03:58.196] #314396 INFO LIVE_GAME_RECOVERY match=199 message="正在结束异常炉石进程并重新启动" data={"phase":"launching","attempt":400}
[2026-10-09 04:04:08.345] #314397 INFO LIVE_GAME_RECOVERY match=199 message="正在结束异常炉石进程并重新启动" data={"phase":"launching","attempt":401}
[2026-10-09 04:04:18.472] #314398 INFO LIVE_GAME_RECOVERY match=199 message="正在结束异常炉石进程并重新启动" data={"phase":"launching","attempt":402}
[2026-10-09 04:04:28.614] #314399 INFO LIVE_GAME_RECOVERY match=199 message="正在结束异常炉石进程并重新启动" data={"phase":"launching","attempt":403}
[2026-10-09 04:04:38.757] #314400 INFO LIVE_GAME_RECOVERY match=199 message="正在结束异常炉石进程并重新启动" data={"phase":"launching","attempt":404}
[2026-10-09 04:04:48.909] #314401 INFO LIVE_GAME_RECOVERY match=199 message="正在结束异常炉石进程并重新启动" data={"phase":"launching","attempt":405}
[2026-10-09 04:04:59.046] #314402 INFO LIVE_GAME_RECOVERY match=199 message="正在结束异常炉石进程并重新启动" data={"phase":"launching","attempt":406}
[2026-10-09 04:05:09.208] #314403 INFO LIVE_GAME_RECOVERY match=199 message="正在结束异常炉石进程并重新启动" data={"phase":"launching","attempt":407}
[2026-10-09 04:05:19.369] #314404 INFO LIVE_GAME_RECOVERY match=199 message="正在结束异常炉石进程并重新启动" data={"phase":"launching","attempt":408}
[2026-10-09 04:05:29.530] #314405 INFO LIVE_GAME_RECOVERY match=199 message="正在结束异常炉石进程并重新启动" data={"phase":"launching","attempt":409}
[2026-10-09 04:05:39.699] #314406 INFO LIVE_GAME_RECOVERY match=199 message="正在结束异常炉石进程并重新启动" data={"phase":"launching","attempt":410}
[2026-10-09 04:05:49.867] #314407 INFO LIVE_GAME_RECOVERY match=199 message="正在结束异常炉石进程并重新启动" data={"phase":"launching","attempt":411}
[2026-10-09 04:06:00.051] #314408 INFO LIVE_GAME_RECOVERY match=199 message="正在结束异常炉石进程并重新启动" data={"phase":"launching","attempt":412}
[2026-10-09 04:06:10.207] #314409 INFO LIVE_GAME_RECOVERY match=199 message="正在结束异常炉石进程并重新启动" data={"phase":"launching","attempt":413}
[2026-10-09 04:06:20.395] #314410 INFO LIVE_GAME_RECOVERY match=199 message="正在结束异常炉石进程并重新启动" data={"phase":"launching","attempt":414}
[2026-10-09 04:06:30.599] #314411 INFO LIVE_GAME_RECOVERY match=199 message="正在结束异常炉石进程并重新启动" data={"phase":"launching","attempt":415}
[2026-10-09 04:06:40.740] #314412 INFO LIVE_GAME_RECOVERY match=199 message="正在结束异常炉石进程并重新启动" data={"phase":"launching","attempt":416}
[2026-10-09 04:06:40.763] #314413 INFO CONTEXT automationEpoch="623aaa4c-5ba6-4620-b772-989fd54cdbb2"
[2026-10-09 04:06:40.763] #314414 ERROR CONFIG_CACHE_SAVE_FAILED match=199 message="[错误]  安装路径缓存保存失败，原配置保留；本次使用已发现路径" data={"field":"battleNetClientPath"}
[2026-10-09 04:06:41.827] #314415 INFO CONTEXT session="8e7f0fae-3d14-4057-8435-2b5acaa6298f" gameEpoch="628aa20b-a74f-4d38-8e2b-5fb11e20c4b6" automationEpoch="623aaa4c-5ba6-4620-b772-989fd54cdbb2"
[2026-10-09 04:06:41.827] #314416 INFO FEATURE_EXCEPTION_ARTIFACT_CAPTURED message="[04:06:41]  [功能]  异常现场已归档" detail="directory=Evidence/exceptions/20261009-040640-763-CONFIG_CACHE_SAVE_FAILED-fbcf2699; files=3; images=1"
[2026-10-09 04:06:49.705] #314417 INFO FEATURE_PUSH_SENT message="[04:06:49]  [功能]  异常推送已发送" detail="CONFIG_CACHE_SAVE_FAILED"
[2026-10-09 04:06:50.925] #314418 INFO LIVE_GAME_RECOVERY match=199 message="正在结束异常炉石进程并重新启动" data={"phase":"launching","attempt":417}
[2026-10-09 04:07:01.077] #314419 INFO LIVE_GAME_RECOVERY match=199 message="正在结束异常炉石进程并重新启动" data={"phase":"launching","attempt":418}
[2026-10-09 04:07:11.214] #314420 INFO LIVE_GAME_RECOVERY match=199 message="正在结束异常炉石进程并重新启动" data={"phase":"launching","attempt":419}
[2026-10-09 04:07:21.377] #314421 INFO LIVE_GAME_RECOVERY match=199 message="正在结束异常炉石进程并重新启动" data={"phase":"launching","attempt":420}
[2026-10-09 04:07:31.541] #314422 INFO LIVE_GAME_RECOVERY match=199 message="正在结束异常炉石进程并重新启动" data={"phase":"launching","attempt":421}
[2026-10-09 04:07:41.682] #314423 INFO LIVE_GAME_RECOVERY match=199 message="正在结束异常炉石进程并重新启动" data={"phase":"launching","attempt":422}
[2026-10-09 04:07:51.841] #314424 INFO LIVE_GAME_RECOVERY match=199 message="正在结束异常炉石进程并重新启动" data={"phase":"launching","attempt":423}
[2026-10-09 04:08:01.960] #314425 INFO LIVE_GAME_RECOVERY match=199 message="正在结束异常炉石进程并重新启动" data={"phase":"launching","attempt":424}
[2026-10-09 04:08:12.128] #314426 INFO LIVE_GAME_RECOVERY match=199 message="正在结束异常炉石进程并重新启动" data={"phase":"launching","attempt":425}
[2026-10-09 04:08:22.290] #314427 INFO LIVE_GAME_RECOVERY match=199 message="正在结束异常炉石进程并重新启动" data={"phase":"launching","attempt":426}
[2026-10-09 04:08:32.439] #314428 INFO LIVE_GAME_RECOVERY match=199 message="正在结束异常炉石进程并重新启动" data={"phase":"launching","attempt":427}
[2026-10-09 04:08:42.636] #314429 INFO LIVE_GAME_RECOVERY match=199 message="正在结束异常炉石进程并重新启动" data={"phase":"launching","attempt":428}
[2026-10-09 04:08:52.776] #314430 INFO LIVE_GAME_RECOVERY match=199 message="正在结束异常炉石进程并重新启动" data={"phase":"launching","attempt":429}
[2026-10-09 04:09:02.943] #314431 INFO LIVE_GAME_RECOVERY match=199 message="正在结束异常炉石进程并重新启动" data={"phase":"launching","attempt":430}
[2026-10-09 04:09:13.096] #314432 INFO LIVE_GAME_RECOVERY match=199 message="正在结束异常炉石进程并重新启动" data={"phase":"launching","attempt":431}
[2026-10-09 04:09:23.228] #314433 INFO LIVE_GAME_RECOVERY match=199 message="正在结束异常炉石进程并重新启动" data={"phase":"launching","attempt":432}
[2026-10-09 04:09:33.351] #314434 INFO LIVE_GAME_RECOVERY match=199 message="正在结束异常炉石进程并重新启动" data={"phase":"launching","attempt":433}
[2026-10-09 04:09:43.481] #314435 INFO LIVE_GAME_RECOVERY match=199 message="正在结束异常炉石进程并重新启动" data={"phase":"launching","attempt":434}
[2026-10-09 04:09:53.641] #314436 INFO LIVE_GAME_RECOVERY match=199 message="正在结束异常炉石进程并重新启动" data={"phase":"launching","attempt":435}
[2026-10-09 04:10:03.799] #314437 INFO LIVE_GAME_RECOVERY match=199 message="正在结束异常炉石进程并重新启动" data={"phase":"launching","attempt":436}
[2026-10-09 04:10:13.949] #314438 INFO LIVE_GAME_RECOVERY match=199 message="正在结束异常炉石进程并重新启动" data={"phase":"launching","attempt":437}
[2026-10-09 04:10:24.111] #314439 INFO LIVE_GAME_RECOVERY match=199 message="正在结束异常炉石进程并重新启动" data={"phase":"launching","attempt":438}
[2026-10-09 04:10:34.278] #314440 INFO LIVE_GAME_RECOVERY match=199 message="正在结束异常炉石进程并重新启动" data={"phase":"launching","attempt":439}
[2026-10-09 04:10:44.439] #314441 INFO LIVE_GAME_RECOVERY match=199 message="正在结束异常炉石进程并重新启动" data={"phase":"launching","attempt":440}
[2026-10-09 04:10:54.595] #314442 INFO LIVE_GAME_RECOVERY match=199 message="正在结束异常炉石进程并重新启动" data={"phase":"launching","attempt":441}
[2026-10-09 04:11:04.752] #314443 INFO LIVE_GAME_RECOVERY match=199 message="正在结束异常炉石进程并重新启动" data={"phase":"launching","attempt":442}
[2026-10-09 04:11:14.910] #314444 INFO LIVE_GAME_RECOVERY match=199 message="正在结束异常炉石进程并重新启动" data={"phase":"launching","attempt":443}
[2026-10-09 04:11:25.032] #314445 INFO LIVE_GAME_RECOVERY match=199 message="正在结束异常炉石进程并重新启动" data={"phase":"launching","attempt":444}
[2026-10-09 04:11:35.184] #314446 INFO LIVE_GAME_RECOVERY match=199 message="正在结束异常炉石进程并重新启动" data={"phase":"launching","attempt":445}
[2026-10-09 04:11:45.358] #314447 INFO LIVE_GAME_RECOVERY match=199 message="正在结束异常炉石进程并重新启动" data={"phase":"launching","attempt":446}
[2026-10-09 04:11:55.504] #314448 INFO LIVE_GAME_RECOVERY match=199 message="正在结束异常炉石进程并重新启动" data={"phase":"launching","attempt":447}
[2026-10-09 04:12:05.653] #314449 INFO LIVE_GAME_RECOVERY match=199 message="正在结束异常炉石进程并重新启动" data={"phase":"launching","attempt":448}
[2026-10-09 04:12:15.823] #314450 INFO LIVE_GAME_RECOVERY match=199 message="正在结束异常炉石进程并重新启动" data={"phase":"launching","attempt":449}
[2026-10-09 04:12:26.004] #314451 INFO LIVE_GAME_RECOVERY match=199 message="正在结束异常炉石进程并重新启动" data={"phase":"launching","attempt":450}
[2026-10-09 04:12:36.168] #314452 INFO LIVE_GAME_RECOVERY match=199 message="正在结束异常炉石进程并重新启动" data={"phase":"launching","attempt":451}
[2026-10-09 04:12:46.306] #314453 INFO LIVE_GAME_RECOVERY match=199 message="正在结束异常炉石进程并重新启动" data={"phase":"launching","attempt":452}
[2026-10-09 04:12:56.475] #314454 INFO LIVE_GAME_RECOVERY match=199 message="正在结束异常炉石进程并重新启动" data={"phase":"launching","attempt":453}
[2026-10-09 04:13:06.647] #314455 INFO LIVE_GAME_RECOVERY match=199 message="正在结束异常炉石进程并重新启动" data={"phase":"launching","attempt":454}
[2026-10-09 04:13:16.786] #314456 INFO LIVE_GAME_RECOVERY match=199 message="正在结束异常炉石进程并重新启动" data={"phase":"launching","attempt":455}
[2026-10-09 04:13:26.952] #314457 INFO LIVE_GAME_RECOVERY match=199 message="正在结束异常炉石进程并重新启动" data={"phase":"launching","attempt":456}
[2026-10-09 04:13:37.107] #314458 INFO LIVE_GAME_RECOVERY match=199 message="正在结束异常炉石进程并重新启动" data={"phase":"launching","attempt":457}
[2026-10-09 04:13:47.264] #314459 INFO LIVE_GAME_RECOVERY match=199 message="正在结束异常炉石进程并重新启动" data={"phase":"launching","attempt":458}
[2026-10-09 04:13:57.426] #314460 INFO LIVE_GAME_RECOVERY match=199 message="正在结束异常炉石进程并重新启动" data={"phase":"launching","attempt":459}
[2026-10-09 04:14:07.576] #314461 INFO LIVE_GAME_RECOVERY match=199 message="正在结束异常炉石进程并重新启动" data={"phase":"launching","attempt":460}
[2026-10-09 04:14:17.720] #314462 INFO LIVE_GAME_RECOVERY match=199 message="正在结束异常炉石进程并重新启动" data={"phase":"launching","attempt":461}
[2026-10-09 04:14:27.863] #314463 INFO LIVE_GAME_RECOVERY match=199 message="正在结束异常炉石进程并重新启动" data={"phase":"launching","attempt":462}
[2026-10-09 04:14:38.025] #314464 INFO LIVE_GAME_RECOVERY match=199 message="正在结束异常炉石进程并重新启动" data={"phase":"launching","attempt":463}
[2026-10-09 04:14:48.208] #314465 INFO LIVE_GAME_RECOVERY match=199 message="正在结束异常炉石进程并重新启动" data={"phase":"launching","attempt":464}
[2026-10-09 04:14:58.373] #314466 INFO LIVE_GAME_RECOVERY match=199 message="正在结束异常炉石进程并重新启动" data={"phase":"launching","attempt":465}
[2026-10-09 04:15:08.541] #314467 INFO LIVE_GAME_RECOVERY match=199 message="正在结束异常炉石进程并重新启动" data={"phase":"launching","attempt":466}
[2026-10-09 04:15:18.693] #314468 INFO LIVE_GAME_RECOVERY match=199 message="正在结束异常炉石进程并重新启动" data={"phase":"launching","attempt":467}
[2026-10-09 04:15:28.835] #314469 INFO LIVE_GAME_RECOVERY match=199 message="正在结束异常炉石进程并重新启动" data={"phase":"launching","attempt":468}
[2026-10-09 04:15:38.993] #314470 INFO LIVE_GAME_RECOVERY match=199 message="正在结束异常炉石进程并重新启动" data={"phase":"launching","attempt":469}
[2026-10-09 04:15:39.011] #314471 INFO CONTEXT automationEpoch="623aaa4c-5ba6-4620-b772-989fd54cdbb2"
[2026-10-09 04:15:39.011] #314472 ERROR CONFIG_CACHE_SAVE_FAILED match=199 message="[错误]  安装路径缓存保存失败，原配置保留；本次使用已发现路径" data={"field":"battleNetClientPath"}
[2026-10-09 04:15:40.045] #314473 INFO CONTEXT session="8e7f0fae-3d14-4057-8435-2b5acaa6298f" gameEpoch="628aa20b-a74f-4d38-8e2b-5fb11e20c4b6" automationEpoch="623aaa4c-5ba6-4620-b772-989fd54cdbb2"
[2026-10-09 04:15:40.045] #314474 INFO FEATURE_EXCEPTION_ARTIFACT_CAPTURED message="[04:15:40]  [功能]  异常现场已归档" detail="directory=Evidence/exceptions/20261009-041539-011-CONFIG_CACHE_SAVE_FAILED-d0ba0374; files=3; images=1"
[2026-10-09 04:15:47.856] #314475 INFO FEATURE_PUSH_SENT message="[04:15:47]  [功能]  异常推送已发送" detail="CONFIG_CACHE_SAVE_FAILED"
[2026-10-09 04:15:49.144] #314476 INFO LIVE_GAME_RECOVERY match=199 message="正在结束异常炉石进程并重新启动" data={"phase":"launching","attempt":470}
[2026-10-09 04:15:59.304] #314477 INFO LIVE_GAME_RECOVERY match=199 message="正在结束异常炉石进程并重新启动" data={"phase":"launching","attempt":471}
[2026-10-09 04:16:09.501] #314478 INFO LIVE_GAME_RECOVERY match=199 message="正在结束异常炉石进程并重新启动" data={"phase":"launching","attempt":472}
[2026-10-09 04:16:19.656] #314479 INFO LIVE_GAME_RECOVERY match=199 message="正在结束异常炉石进程并重新启动" data={"phase":"launching","attempt":473}
[2026-10-09 04:16:29.827] #314480 INFO LIVE_GAME_RECOVERY match=199 message="正在结束异常炉石进程并重新启动" data={"phase":"launching","attempt":474}
[2026-10-09 04:16:39.982] #314481 INFO LIVE_GAME_RECOVERY match=199 message="正在结束异常炉石进程并重新启动" data={"phase":"launching","attempt":475}
[2026-10-09 04:16:50.158] #314482 INFO LIVE_GAME_RECOVERY match=199 message="正在结束异常炉石进程并重新启动" data={"phase":"launching","attempt":476}
[2026-10-09 04:17:00.312] #314483 INFO LIVE_GAME_RECOVERY match=199 message="正在结束异常炉石进程并重新启动" data={"phase":"launching","attempt":477}
[2026-10-09 04:17:10.437] #314484 INFO LIVE_GAME_RECOVERY match=199 message="正在结束异常炉石进程并重新启动" data={"phase":"launching","attempt":478}
[2026-10-09 04:17:20.581] #314485 INFO LIVE_GAME_RECOVERY match=199 message="正在结束异常炉石进程并重新启动" data={"phase":"launching","attempt":479}
[2026-10-09 04:17:30.755] #314486 INFO LIVE_GAME_RECOVERY match=199 message="正在结束异常炉石进程并重新启动" data={"phase":"launching","attempt":480}
[2026-10-09 04:17:40.908] #314487 INFO LIVE_GAME_RECOVERY match=199 message="正在结束异常炉石进程并重新启动" data={"phase":"launching","attempt":481}
[2026-10-09 04:17:51.073] #314488 INFO LIVE_GAME_RECOVERY match=199 message="正在结束异常炉石进程并重新启动" data={"phase":"launching","attempt":482}
[2026-10-09 04:18:01.240] #314489 INFO LIVE_GAME_RECOVERY match=199 message="正在结束异常炉石进程并重新启动" data={"phase":"launching","attempt":483}
[2026-10-09 04:18:11.412] #314490 INFO LIVE_GAME_RECOVERY match=199 message="正在结束异常炉石进程并重新启动" data={"phase":"launching","attempt":484}
[2026-10-09 04:18:21.564] #314491 INFO LIVE_GAME_RECOVERY match=199 message="正在结束异常炉石进程并重新启动" data={"phase":"launching","attempt":485}
[2026-10-09 04:18:31.721] #314492 INFO LIVE_GAME_RECOVERY match=199 message="正在结束异常炉石进程并重新启动" data={"phase":"launching","attempt":486}
[2026-10-09 04:18:41.883] #314493 INFO LIVE_GAME_RECOVERY match=199 message="正在结束异常炉石进程并重新启动" data={"phase":"launching","attempt":487}
[2026-10-09 04:18:52.037] #314494 INFO LIVE_GAME_RECOVERY match=199 message="正在结束异常炉石进程并重新启动" data={"phase":"launching","attempt":488}
[2026-10-09 04:19:02.182] #314495 INFO LIVE_GAME_RECOVERY match=199 message="正在结束异常炉石进程并重新启动" data={"phase":"launching","attempt":489}
[2026-10-09 04:19:12.331] #314496 INFO LIVE_GAME_RECOVERY match=199 message="正在结束异常炉石进程并重新启动" data={"phase":"launching","attempt":490}
[2026-10-09 04:19:22.478] #314497 INFO LIVE_GAME_RECOVERY match=199 message="正在结束异常炉石进程并重新启动" data={"phase":"launching","attempt":491}
[2026-10-09 04:19:32.687] #314498 INFO LIVE_GAME_RECOVERY match=199 message="正在结束异常炉石进程并重新启动" data={"phase":"launching","attempt":492}
[2026-10-09 04:19:42.835] #314499 INFO LIVE_GAME_RECOVERY match=199 message="正在结束异常炉石进程并重新启动" data={"phase":"launching","attempt":493}
[2026-10-09 04:19:52.982] #314500 INFO LIVE_GAME_RECOVERY match=199 message="正在结束异常炉石进程并重新启动" data={"phase":"launching","attempt":494}
[2026-10-09 04:20:03.123] #314501 INFO LIVE_GAME_RECOVERY match=199 message="正在结束异常炉石进程并重新启动" data={"phase":"launching","attempt":495}
[2026-10-09 04:20:13.258] #314502 INFO LIVE_GAME_RECOVERY match=199 message="正在结束异常炉石进程并重新启动" data={"phase":"launching","attempt":496}
[2026-10-09 04:20:23.415] #314503 INFO LIVE_GAME_RECOVERY match=199 message="正在结束异常炉石进程并重新启动" data={"phase":"launching","attempt":497}
[2026-10-09 04:20:33.546] #314504 INFO LIVE_GAME_RECOVERY match=199 message="正在结束异常炉石进程并重新启动" data={"phase":"launching","attempt":498}
[2026-10-09 04:20:43.721] #314505 INFO LIVE_GAME_RECOVERY match=199 message="正在结束异常炉石进程并重新启动" data={"phase":"launching","attempt":499}
[2026-10-09 04:20:53.865] #314506 INFO LIVE_GAME_RECOVERY match=199 message="正在结束异常炉石进程并重新启动" data={"phase":"launching","attempt":500}
[2026-10-09 04:21:04.030] #314507 INFO LIVE_GAME_RECOVERY match=199 message="正在结束异常炉石进程并重新启动" data={"phase":"launching","attempt":501}
[2026-10-09 04:21:14.185] #314508 INFO LIVE_GAME_RECOVERY match=199 message="正在结束异常炉石进程并重新启动" data={"phase":"launching","attempt":502}
[2026-10-09 04:21:24.321] #314509 INFO LIVE_GAME_RECOVERY match=199 message="正在结束异常炉石进程并重新启动" data={"phase":"launching","attempt":503}
[2026-10-09 04:21:34.478] #314510 INFO LIVE_GAME_RECOVERY match=199 message="正在结束异常炉石进程并重新启动" data={"phase":"launching","attempt":504}
[2026-10-09 04:21:44.623] #314511 INFO LIVE_GAME_RECOVERY match=199 message="正在结束异常炉石进程并重新启动" data={"phase":"launching","attempt":505}
[2026-10-09 04:21:54.762] #314512 INFO LIVE_GAME_RECOVERY match=199 message="正在结束异常炉石进程并重新启动" data={"phase":"launching","attempt":506}
[2026-10-09 04:22:04.934] #314513 INFO LIVE_GAME_RECOVERY match=199 message="正在结束异常炉石进程并重新启动" data={"phase":"launching","attempt":507}
[2026-10-09 04:22:15.084] #314514 INFO LIVE_GAME_RECOVERY match=199 message="正在结束异常炉石进程并重新启动" data={"phase":"launching","attempt":508}
[2026-10-09 04:22:25.261] #314515 INFO LIVE_GAME_RECOVERY match=199 message="正在结束异常炉石进程并重新启动" data={"phase":"launching","attempt":509}
[2026-10-09 04:22:35.435] #314516 INFO LIVE_GAME_RECOVERY match=199 message="正在结束异常炉石进程并重新启动" data={"phase":"launching","attempt":510}
[2026-10-09 04:22:45.569] #314517 INFO LIVE_GAME_RECOVERY match=199 message="正在结束异常炉石进程并重新启动" data={"phase":"launching","attempt":511}
[2026-10-09 04:22:55.722] #314518 INFO LIVE_GAME_RECOVERY match=199 message="正在结束异常炉石进程并重新启动" data={"phase":"launching","attempt":512}
[2026-10-09 04:23:05.922] #314519 INFO LIVE_GAME_RECOVERY match=199 message="正在结束异常炉石进程并重新启动" data={"phase":"launching","attempt":513}
[2026-10-09 04:23:16.075] #314520 INFO LIVE_GAME_RECOVERY match=199 message="正在结束异常炉石进程并重新启动" data={"phase":"launching","attempt":514}
[2026-10-09 04:23:26.219] #314521 INFO LIVE_GAME_RECOVERY match=199 message="正在结束异常炉石进程并重新启动" data={"phase":"launching","attempt":515}
[2026-10-09 04:23:36.366] #314522 INFO LIVE_GAME_RECOVERY match=199 message="正在结束异常炉石进程并重新启动" data={"phase":"launching","attempt":516}
[2026-10-09 04:23:46.524] #314523 INFO LIVE_GAME_RECOVERY match=199 message="正在结束异常炉石进程并重新启动" data={"phase":"launching","attempt":517}
[2026-10-09 04:23:56.664] #314524 INFO LIVE_GAME_RECOVERY match=199 message="正在结束异常炉石进程并重新启动" data={"phase":"launching","attempt":518}
[2026-10-09 04:24:06.810] #314525 INFO LIVE_GAME_RECOVERY match=199 message="正在结束异常炉石进程并重新启动" data={"phase":"launching","attempt":519}
[2026-10-09 04:24:16.949] #314526 INFO LIVE_GAME_RECOVERY match=199 message="正在结束异常炉石进程并重新启动" data={"phase":"launching","attempt":520}
[2026-10-09 04:24:27.110] #314527 INFO LIVE_GAME_RECOVERY match=199 message="正在结束异常炉石进程并重新启动" data={"phase":"launching","attempt":521}
[2026-10-09 04:24:37.258] #314528 INFO LIVE_GAME_RECOVERY match=199 message="正在结束异常炉石进程并重新启动" data={"phase":"launching","attempt":522}
[2026-10-09 04:24:47.429] #314529 INFO LIVE_GAME_RECOVERY match=199 message="正在结束异常炉石进程并重新启动" data={"phase":"launching","attempt":523}
[2026-10-09 04:24:57.576] #314530 INFO LIVE_GAME_RECOVERY match=199 message="正在结束异常炉石进程并重新启动" data={"phase":"launching","attempt":524}
[2026-10-09 04:25:07.741] #314531 INFO LIVE_GAME_RECOVERY match=199 message="正在结束异常炉石进程并重新启动" data={"phase":"launching","attempt":525}
[2026-10-09 04:25:17.908] #314532 INFO LIVE_GAME_RECOVERY match=199 message="正在结束异常炉石进程并重新启动" data={"phase":"launching","attempt":526}
[2026-10-09 04:25:28.048] #314533 INFO LIVE_GAME_RECOVERY match=199 message="正在结束异常炉石进程并重新启动" data={"phase":"launching","attempt":527}
[2026-10-09 04:25:38.193] #314534 INFO LIVE_GAME_RECOVERY match=199 message="正在结束异常炉石进程并重新启动" data={"phase":"launching","attempt":528}
[2026-10-09 04:25:48.342] #314535 INFO LIVE_GAME_RECOVERY match=199 message="正在结束异常炉石进程并重新启动" data={"phase":"launching","attempt":529}
[2026-10-09 04:25:58.493] #314536 INFO LIVE_GAME_RECOVERY match=199 message="正在结束异常炉石进程并重新启动" data={"phase":"launching","attempt":530}
[2026-10-09 04:26:08.646] #314537 INFO LIVE_GAME_RECOVERY match=199 message="正在结束异常炉石进程并重新启动" data={"phase":"launching","attempt":531}
[2026-10-09 04:26:18.810] #314538 INFO LIVE_GAME_RECOVERY match=199 message="正在结束异常炉石进程并重新启动" data={"phase":"launching","attempt":532}
[2026-10-09 04:26:28.968] #314539 INFO LIVE_GAME_RECOVERY match=199 message="正在结束异常炉石进程并重新启动" data={"phase":"launching","attempt":533}
[2026-10-09 04:26:39.128] #314540 INFO LIVE_GAME_RECOVERY match=199 message="正在结束异常炉石进程并重新启动" data={"phase":"launching","attempt":534}
[2026-10-09 04:26:49.261] #314541 INFO LIVE_GAME_RECOVERY match=199 message="正在结束异常炉石进程并重新启动" data={"phase":"launching","attempt":535}
[2026-10-09 04:26:59.438] #314542 INFO LIVE_GAME_RECOVERY match=199 message="正在结束异常炉石进程并重新启动" data={"phase":"launching","attempt":536}
[2026-10-09 04:27:09.629] #314543 INFO LIVE_GAME_RECOVERY match=199 message="正在结束异常炉石进程并重新启动" data={"phase":"launching","attempt":537}
[2026-10-09 04:27:19.765] #314544 INFO LIVE_GAME_RECOVERY match=199 message="正在结束异常炉石进程并重新启动" data={"phase":"launching","attempt":538}
[2026-10-09 04:27:29.931] #314545 INFO LIVE_GAME_RECOVERY match=199 message="正在结束异常炉石进程并重新启动" data={"phase":"launching","attempt":539}
[2026-10-09 04:27:40.074] #314546 INFO LIVE_GAME_RECOVERY match=199 message="正在结束异常炉石进程并重新启动" data={"phase":"launching","attempt":540}
[2026-10-09 04:27:50.239] #314547 INFO LIVE_GAME_RECOVERY match=199 message="正在结束异常炉石进程并重新启动" data={"phase":"launching","attempt":541}
[2026-10-09 04:28:00.395] #314548 INFO LIVE_GAME_RECOVERY match=199 message="正在结束异常炉石进程并重新启动" data={"phase":"launching","attempt":542}
[2026-10-09 04:28:10.567] #314549 INFO LIVE_GAME_RECOVERY match=199 message="正在结束异常炉石进程并重新启动" data={"phase":"launching","attempt":543}
[2026-10-09 04:28:20.713] #314550 INFO LIVE_GAME_RECOVERY match=199 message="正在结束异常炉石进程并重新启动" data={"phase":"launching","attempt":544}
[2026-10-09 04:28:30.883] #314551 INFO LIVE_GAME_RECOVERY match=199 message="正在结束异常炉石进程并重新启动" data={"phase":"launching","attempt":545}
[2026-10-09 04:28:41.028] #314552 INFO LIVE_GAME_RECOVERY match=199 message="正在结束异常炉石进程并重新启动" data={"phase":"launching","attempt":546}
[2026-10-09 04:28:51.183] #314553 INFO LIVE_GAME_RECOVERY match=199 message="正在结束异常炉石进程并重新启动" data={"phase":"launching","attempt":547}
[2026-10-09 04:29:01.341] #314554 INFO LIVE_GAME_RECOVERY match=199 message="正在结束异常炉石进程并重新启动" data={"phase":"launching","attempt":548}
[2026-10-09 04:29:11.495] #314555 INFO LIVE_GAME_RECOVERY match=199 message="正在结束异常炉石进程并重新启动" data={"phase":"launching","attempt":549}
[2026-10-09 04:29:21.659] #314556 INFO LIVE_GAME_RECOVERY match=199 message="正在结束异常炉石进程并重新启动" data={"phase":"launching","attempt":550}
[2026-10-09 04:29:31.834] #314557 INFO LIVE_GAME_RECOVERY match=199 message="正在结束异常炉石进程并重新启动" data={"phase":"launching","attempt":551}
[2026-10-09 04:29:41.981] #314558 INFO LIVE_GAME_RECOVERY match=199 message="正在结束异常炉石进程并重新启动" data={"phase":"launching","attempt":552}
[2026-10-09 04:29:52.142] #314559 INFO LIVE_GAME_RECOVERY match=199 message="正在结束异常炉石进程并重新启动" data={"phase":"launching","attempt":553}
[2026-10-09 04:30:02.289] #314560 INFO LIVE_GAME_RECOVERY match=199 message="正在结束异常炉石进程并重新启动" data={"phase":"launching","attempt":554}
[2026-10-09 04:30:12.466] #314561 INFO LIVE_GAME_RECOVERY match=199 message="正在结束异常炉石进程并重新启动" data={"phase":"launching","attempt":555}
[2026-10-09 04:30:22.618] #314562 INFO LIVE_GAME_RECOVERY match=199 message="正在结束异常炉石进程并重新启动" data={"phase":"launching","attempt":556}
[2026-10-09 04:30:32.752] #314563 INFO LIVE_GAME_RECOVERY match=199 message="正在结束异常炉石进程并重新启动" data={"phase":"launching","attempt":557}
[2026-10-09 04:30:42.893] #314564 INFO LIVE_GAME_RECOVERY match=199 message="正在结束异常炉石进程并重新启动" data={"phase":"launching","attempt":558}
[2026-10-09 04:30:53.065] #314565 INFO LIVE_GAME_RECOVERY match=199 message="正在结束异常炉石进程并重新启动" data={"phase":"launching","attempt":559}
[2026-10-09 04:31:03.230] #314566 INFO LIVE_GAME_RECOVERY match=199 message="正在结束异常炉石进程并重新启动" data={"phase":"launching","attempt":560}
[2026-10-09 04:31:13.382] #314567 INFO LIVE_GAME_RECOVERY match=199 message="正在结束异常炉石进程并重新启动" data={"phase":"launching","attempt":561}
[2026-10-09 04:31:23.542] #314568 INFO LIVE_GAME_RECOVERY match=199 message="正在结束异常炉石进程并重新启动" data={"phase":"launching","attempt":562}
[2026-10-09 04:31:33.675] #314569 INFO LIVE_GAME_RECOVERY match=199 message="正在结束异常炉石进程并重新启动" data={"phase":"launching","attempt":563}
[2026-10-09 04:31:43.845] #314570 INFO LIVE_GAME_RECOVERY match=199 message="正在结束异常炉石进程并重新启动" data={"phase":"launching","attempt":564}
[2026-10-09 04:31:54.032] #314571 INFO LIVE_GAME_RECOVERY match=199 message="正在结束异常炉石进程并重新启动" data={"phase":"launching","attempt":565}
[2026-10-09 04:32:04.180] #314572 INFO LIVE_GAME_RECOVERY match=199 message="正在结束异常炉石进程并重新启动" data={"phase":"launching","attempt":566}
[2026-10-09 04:32:14.311] #314573 INFO LIVE_GAME_RECOVERY match=199 message="正在结束异常炉石进程并重新启动" data={"phase":"launching","attempt":567}
[2026-10-09 04:32:24.469] #314574 INFO LIVE_GAME_RECOVERY match=199 message="正在结束异常炉石进程并重新启动" data={"phase":"launching","attempt":568}
[2026-10-09 04:32:34.626] #314575 INFO LIVE_GAME_RECOVERY match=199 message="正在结束异常炉石进程并重新启动" data={"phase":"launching","attempt":569}
[2026-10-09 04:32:44.775] #314576 INFO LIVE_GAME_RECOVERY match=199 message="正在结束异常炉石进程并重新启动" data={"phase":"launching","attempt":570}
[2026-10-09 04:32:54.927] #314577 INFO LIVE_GAME_RECOVERY match=199 message="正在结束异常炉石进程并重新启动" data={"phase":"launching","attempt":571}
[2026-10-09 04:33:05.103] #314578 INFO LIVE_GAME_RECOVERY match=199 message="正在结束异常炉石进程并重新启动" data={"phase":"launching","attempt":572}
[2026-10-09 04:33:05.123] #314579 INFO CONTEXT automationEpoch="623aaa4c-5ba6-4620-b772-989fd54cdbb2"
[2026-10-09 04:33:05.123] #314580 ERROR CONFIG_CACHE_SAVE_FAILED match=199 message="[错误]  安装路径缓存保存失败，原配置保留；本次使用已发现路径" data={"field":"battleNetClientPath"}
